<html>
<body>
<pre>
<h1>µVision Build Log</h1>
<h2>Tool Versions:</h2>
IDE-Version: •ÏVision V5.31.0.0
Copyright (C) 2020 ARM Ltd and ARM Germany GmbH. All rights reserved.
License Information: teddy park wiznet Flex license: MDK Essential 5.31 (Flex): 1 user(s) (mdk_essential) Support: Sep 2020
 
Tool Versions:
Toolchain:       MDK Essential 5.31 (Flex): 1 user(s)  Version: 5.31.0.0
Toolchain Path:  C:\Keil_v5\ARM\ARMCC\Bin
C Compiler:      Armcc.exe V5.06 update 6 (build 750)
Assembler:       Armasm.exe V5.06 update 6 (build 750)
Linker/Locator:  ArmLink.exe V5.06 update 6 (build 750)
Library Manager: ArmAr.exe V5.06 update 6 (build 750)
Hex Converter:   FromElf.exe V5.06 update 6 (build 750)
CPU DLL:         SARMCM3.DLL V5.31.0.0
Dialog DLL:      DARMCM1.DLL V1.19.3.0
Target DLL:      CMSIS_AGDI.dll V1.32.6.0
Dialog DLL:      TARMCM1.DLL V1.14.2.0
 
<h2>Project:</h2>
D:\wiznet\Workspace_Code\20_W7500\01_w7500_adc_test\W7500\W7500x_Library_Examples\Projects\Peripheral_Examples\WZTOE\httpServer\MDK\W7500x_WZTOE_httpServer.uvproj
Project File Date:  05/25/2023

<h2>Output:</h2>
*** Using Compiler 'V5.06 update 6 (build 750)', folder: 'C:\Keil_v5\ARM\ARMCC\Bin'
Build target 'Target 1'
compiling main.c...
linking...
Program Size: Code=20008 RO-data=5820 RW-data=128 ZI-data=8256  
After Build - User command #1: C:\Keil_v5\\ARM\ARMCC\BIN\fromelf.exe D:\wiznet\Workspace_Code\20_W7500\01_w7500_adc_test\W7500\W7500x_Library_Examples\Projects\Peripheral_Examples\WZTOE\httpServer\MDK\Obj\W7500x_WZTOE_httpServer.axf --vhx --8x1 --output main.hex;fromelf --bin -o "D:\wiznet\Workspace_Code\20_W7500\01_w7500_adc_test\W7500\W7500x_Library_Examples\Projects\Peripheral_Examples\WZTOE\httpServer\MDK\Obj\W7500x_WZTOE_httpServer.bin" "D:\wiznet\Workspace_Code\20_W7500\01_w7500_adc_test\W7500\W7500x_Library_Examples\Projects\Peripheral_Examples\WZTOE\httpServer\MDK\Obj\W7500x_WZTOE_httpServer.axf"
".\Obj\W7500x_WZTOE_httpServer.axf" - 0 Error(s), 0 Warning(s).
Build Time Elapsed:  00:00:00
</pre>
</body>
</html>
