<!doctype html public "-//w3c//dtd html 4.0 transitional//en">
<html><head>
<title>Static Call Graph - [.\Obj\W7500x_WZTOE_httpServer.axf]</title></head>
<body><HR>
<H1>Static Call Graph for image .\Obj\W7500x_WZTOE_httpServer.axf</H1><HR>
<BR><P>#&#060CALLGRAPH&#062# ARM Linker, 5060750: Last Updated: Thu May 25 14:45:36 2023
<BR><P>
<H3>Maximum Stack Usage =        944 bytes + Unknown(Cycles, Untraceable Function Pointers)</H3><H3>
Call chain for Maximum Stack Depth:</H3>
__rt_entry_main &rArr; main &rArr; httpServer_run &rArr; http_process_handler &rArr; http_get_cgi_handler &rArr; predefined_get_cgi_processor &rArr; make_json_netinfo &rArr; __2sprintf &rArr; _printf_char_common &rArr; __printf
<P>
<H3>
Mutually Recursive functions
</H3> <LI><a href="#[10]">I2C0_Handler</a>&nbsp;&nbsp;&nbsp;&rArr;&nbsp;&nbsp;&nbsp;<a href="#[10]">I2C0_Handler</a><BR>
 <LI><a href="#[4b]">_sys_exit</a>&nbsp;&nbsp;&nbsp;&rArr;&nbsp;&nbsp;&nbsp;<a href="#[4b]">_sys_exit</a><BR>
</UL>
<P>
<H3>
Function Pointers
</H3><UL>
 <LI><a href="#[22]">ADC_Handler</a> from w7500x_it.o(.text) referenced from startup_w7500x.o(RESET)
 <LI><a href="#[16]">DMA_Handler</a> from w7500x_it.o(.text) referenced from startup_w7500x.o(RESET)
 <LI><a href="#[17]">DUALTIMER0_Handler</a> from w7500x_it.o(.text) referenced from startup_w7500x.o(RESET)
 <LI><a href="#[18]">DUALTIMER1_Handler</a> from w7500x_it.o(.text) referenced from startup_w7500x.o(RESET)
 <LI><a href="#[24]">EXTI_Handler</a> from w7500x_it.o(.text) referenced from startup_w7500x.o(RESET)
 <LI><a href="#[7]">HardFault_Handler</a> from w7500x_it.o(.text) referenced from startup_w7500x.o(RESET)
 <LI><a href="#[10]">I2C0_Handler</a> from startup_w7500x.o(.text) referenced from startup_w7500x.o(RESET)
 <LI><a href="#[11]">I2C1_Handler</a> from startup_w7500x.o(.text) referenced from startup_w7500x.o(RESET)
 <LI><a href="#[6]">NMI_Handler</a> from w7500x_it.o(.text) referenced from startup_w7500x.o(RESET)
 <LI><a href="#[27]">NVIC_SystemReset</a> from main.o(.text) referenced from main.o(.text)
 <LI><a href="#[12]">PORT0_Handler</a> from w7500x_it.o(.text) referenced from startup_w7500x.o(RESET)
 <LI><a href="#[13]">PORT1_Handler</a> from w7500x_it.o(.text) referenced from startup_w7500x.o(RESET)
 <LI><a href="#[14]">PORT2_Handler</a> from w7500x_it.o(.text) referenced from startup_w7500x.o(RESET)
 <LI><a href="#[15]">PORT3_Handler</a> from w7500x_it.o(.text) referenced from startup_w7500x.o(RESET)
 <LI><a href="#[19]">PWM0_Handler</a> from w7500x_it.o(.text) referenced from startup_w7500x.o(RESET)
 <LI><a href="#[1a]">PWM1_Handler</a> from w7500x_it.o(.text) referenced from startup_w7500x.o(RESET)
 <LI><a href="#[1b]">PWM2_Handler</a> from w7500x_it.o(.text) referenced from startup_w7500x.o(RESET)
 <LI><a href="#[1c]">PWM3_Handler</a> from w7500x_it.o(.text) referenced from startup_w7500x.o(RESET)
 <LI><a href="#[1d]">PWM4_Handler</a> from w7500x_it.o(.text) referenced from startup_w7500x.o(RESET)
 <LI><a href="#[1e]">PWM5_Handler</a> from w7500x_it.o(.text) referenced from startup_w7500x.o(RESET)
 <LI><a href="#[1f]">PWM6_Handler</a> from w7500x_it.o(.text) referenced from startup_w7500x.o(RESET)
 <LI><a href="#[20]">PWM7_Handler</a> from w7500x_it.o(.text) referenced from startup_w7500x.o(RESET)
 <LI><a href="#[9]">PendSV_Handler</a> from w7500x_it.o(.text) referenced from startup_w7500x.o(RESET)
 <LI><a href="#[21]">RTC_Handler</a> from startup_w7500x.o(.text) referenced from startup_w7500x.o(RESET)
 <LI><a href="#[5]">Reset_Handler</a> from startup_w7500x.o(.text) referenced from startup_w7500x.o(RESET)
 <LI><a href="#[b]">SSP0_Handler</a> from w7500x_it.o(.text) referenced from startup_w7500x.o(RESET)
 <LI><a href="#[c]">SSP1_Handler</a> from w7500x_it.o(.text) referenced from startup_w7500x.o(RESET)
 <LI><a href="#[8]">SVC_Handler</a> from w7500x_it.o(.text) referenced from startup_w7500x.o(RESET)
 <LI><a href="#[a]">SysTick_Handler</a> from w7500x_it.o(.text) referenced from startup_w7500x.o(RESET)
 <LI><a href="#[25]">SystemInit</a> from system_w7500x.o(.text) referenced from startup_w7500x.o(.text)
 <LI><a href="#[d]">UART0_Handler</a> from w7500x_it.o(.text) referenced from startup_w7500x.o(RESET)
 <LI><a href="#[e]">UART1_Handler</a> from w7500x_it.o(.text) referenced from startup_w7500x.o(RESET)
 <LI><a href="#[f]">UART2_Handler</a> from w7500x_it.o(.text) referenced from startup_w7500x.o(RESET)
 <LI><a href="#[23]">WZTOE_Handler</a> from w7500x_it.o(.text) referenced from startup_w7500x.o(RESET)
 <LI><a href="#[35]">__main</a> from __main.o(!!!main) referenced from startup_w7500x.o(.text)
 <LI><a href="#[33]">_printf_input_char</a> from _printf_char_common.o(.text) referenced from _printf_char_common.o(.text)
 <LI><a href="#[32]">_sputc</a> from _sputc.o(.text) referenced from __2sprintf.o(.text)
 <LI><a href="#[30]">default_mcu_reset</a> from httpserver.o(.text) referenced from httpserver.o(.data)
 <LI><a href="#[30]">default_mcu_reset</a> from httpserver.o(.text) referenced from httpserver.o(.text)
 <LI><a href="#[31]">default_wdt_reset</a> from httpserver.o(.text) referenced from httpserver.o(.data)
 <LI><a href="#[31]">default_wdt_reset</a> from httpserver.o(.text) referenced from httpserver.o(.text)
 <LI><a href="#[34]">fputc</a> from retarget.o(.text) referenced from _printf_char_file.o(.text)
 <LI><a href="#[2c]">wizchip_bus_readbyte</a> from wizchip_conf.o(.text) referenced from wizchip_conf.o(.data)
 <LI><a href="#[2c]">wizchip_bus_readbyte</a> from wizchip_conf.o(.text) referenced from wizchip_conf.o(.text)
 <LI><a href="#[2d]">wizchip_bus_writebyte</a> from wizchip_conf.o(.text) referenced from wizchip_conf.o(.data)
 <LI><a href="#[2d]">wizchip_bus_writebyte</a> from wizchip_conf.o(.text) referenced from wizchip_conf.o(.text)
 <LI><a href="#[28]">wizchip_cris_enter</a> from wizchip_conf.o(.text) referenced from wizchip_conf.o(.data)
 <LI><a href="#[28]">wizchip_cris_enter</a> from wizchip_conf.o(.text) referenced from wizchip_conf.o(.text)
 <LI><a href="#[29]">wizchip_cris_exit</a> from wizchip_conf.o(.text) referenced from wizchip_conf.o(.data)
 <LI><a href="#[29]">wizchip_cris_exit</a> from wizchip_conf.o(.text) referenced from wizchip_conf.o(.text)
 <LI><a href="#[2b]">wizchip_cs_deselect</a> from wizchip_conf.o(.text) referenced from wizchip_conf.o(.data)
 <LI><a href="#[2b]">wizchip_cs_deselect</a> from wizchip_conf.o(.text) referenced from wizchip_conf.o(.text)
 <LI><a href="#[2a]">wizchip_cs_select</a> from wizchip_conf.o(.text) referenced from wizchip_conf.o(.data)
 <LI><a href="#[2a]">wizchip_cs_select</a> from wizchip_conf.o(.text) referenced from wizchip_conf.o(.text)
 <LI><a href="#[2e]">wizchip_spi_readbyte</a> from wizchip_conf.o(.text) referenced from wizchip_conf.o(.text)
 <LI><a href="#[2f]">wizchip_spi_writebyte</a> from wizchip_conf.o(.text) referenced from wizchip_conf.o(.text)
</UL>
<P>
<H3>
Global Symbols
</H3>
<P><STRONG><a name="[35]"></a>__main</STRONG> (Thumb, 8 bytes, Stack size 0 bytes, __main.o(!!!main))
<BR><BR>[Calls]<UL><LI><a href="#[36]">&gt;&gt;</a>&nbsp;&nbsp;&nbsp;__scatterload
<LI><a href="#[37]">&gt;&gt;</a>&nbsp;&nbsp;&nbsp;__rt_entry
</UL>

<P><STRONG><a name="[36]"></a>__scatterload</STRONG> (Thumb, 0 bytes, Stack size unknown bytes, __scatter.o(!!!scatter))
<BR><BR>[Called By]<UL><LI><a href="#[35]">&gt;&gt;</a>&nbsp;&nbsp;&nbsp;__main
</UL>

<P><STRONG><a name="[38]"></a>__scatterload_rt2</STRONG> (Thumb, 52 bytes, Stack size unknown bytes, __scatter.o(!!!scatter), UNUSED)
<BR><BR>[Calls]<UL><LI><a href="#[37]">&gt;&gt;</a>&nbsp;&nbsp;&nbsp;__rt_entry
</UL>

<P><STRONG><a name="[f4]"></a>__scatterload_rt2_thumb_only</STRONG> (Thumb, 0 bytes, Stack size unknown bytes, __scatter.o(!!!scatter), UNUSED)

<P><STRONG><a name="[f5]"></a>__scatterload_null</STRONG> (Thumb, 0 bytes, Stack size unknown bytes, __scatter.o(!!!scatter), UNUSED)

<P><STRONG><a name="[39]"></a>__scatterload_copy</STRONG> (Thumb, 26 bytes, Stack size unknown bytes, __scatter_copy.o(!!handler_copy), UNUSED)
<BR><BR>[Calls]<UL><LI><a href="#[39]">&gt;&gt;</a>&nbsp;&nbsp;&nbsp;__scatterload_copy
</UL>
<BR>[Called By]<UL><LI><a href="#[39]">&gt;&gt;</a>&nbsp;&nbsp;&nbsp;__scatterload_copy
</UL>

<P><STRONG><a name="[f6]"></a>__scatterload_zeroinit</STRONG> (Thumb, 28 bytes, Stack size unknown bytes, __scatter_zi.o(!!handler_zi), UNUSED)

<P><STRONG><a name="[d5]"></a>_printf_percent</STRONG> (Thumb, 0 bytes, Stack size unknown bytes, _printf_percent.o(.ARM.Collect$$_printf_percent$$00000000))
<BR><BR>[Called By]<UL><LI><a href="#[d3]">&gt;&gt;</a>&nbsp;&nbsp;&nbsp;__printf
</UL>

<P><STRONG><a name="[3a]"></a>_printf_d</STRONG> (Thumb, 0 bytes, Stack size unknown bytes, _printf_d.o(.ARM.Collect$$_printf_percent$$00000009))
<BR><BR>[Stack]<UL><LI>Max Depth = 72 + Unknown Stack Size
<LI>Call Chain = _printf_d &rArr; _printf_int_dec &rArr; _printf_int_common
</UL>
<BR>[Calls]<UL><LI><a href="#[3c]">&gt;&gt;</a>&nbsp;&nbsp;&nbsp;_printf_int_dec
<LI><a href="#[3b]">&gt;&gt;</a>&nbsp;&nbsp;&nbsp;_printf_x
</UL>

<P><STRONG><a name="[3b]"></a>_printf_x</STRONG> (Thumb, 0 bytes, Stack size unknown bytes, _printf_x.o(.ARM.Collect$$_printf_percent$$0000000C))
<BR><BR>[Stack]<UL><LI>Max Depth = 56 + Unknown Stack Size
<LI>Call Chain = _printf_x &rArr; _printf_int_hex &rArr; _printf_int_common
</UL>
<BR>[Calls]<UL><LI><a href="#[3e]">&gt;&gt;</a>&nbsp;&nbsp;&nbsp;_printf_int_hex
<LI><a href="#[3d]">&gt;&gt;</a>&nbsp;&nbsp;&nbsp;_printf_s
</UL>
<BR>[Called By]<UL><LI><a href="#[3a]">&gt;&gt;</a>&nbsp;&nbsp;&nbsp;_printf_d
</UL>

<P><STRONG><a name="[3d]"></a>_printf_s</STRONG> (Thumb, 0 bytes, Stack size unknown bytes, _printf_s.o(.ARM.Collect$$_printf_percent$$00000014))
<BR><BR>[Stack]<UL><LI>Max Depth = 24 + Unknown Stack Size
<LI>Call Chain = _printf_s &rArr; _printf_string &rArr; _printf_cs_common &rArr; _printf_str
</UL>
<BR>[Calls]<UL><LI><a href="#[3f]">&gt;&gt;</a>&nbsp;&nbsp;&nbsp;_printf_percent_end
<LI><a href="#[40]">&gt;&gt;</a>&nbsp;&nbsp;&nbsp;_printf_string
</UL>
<BR>[Called By]<UL><LI><a href="#[3b]">&gt;&gt;</a>&nbsp;&nbsp;&nbsp;_printf_x
</UL>

<P><STRONG><a name="[3f]"></a>_printf_percent_end</STRONG> (Thumb, 0 bytes, Stack size unknown bytes, _printf_percent_end.o(.ARM.Collect$$_printf_percent$$00000017))
<BR><BR>[Called By]<UL><LI><a href="#[3d]">&gt;&gt;</a>&nbsp;&nbsp;&nbsp;_printf_s
</UL>

<P><STRONG><a name="[44]"></a>__rt_lib_init</STRONG> (Thumb, 0 bytes, Stack size unknown bytes, libinit.o(.ARM.Collect$$libinit$$00000000))
<BR><BR>[Called By]<UL><LI><a href="#[43]">&gt;&gt;</a>&nbsp;&nbsp;&nbsp;__rt_entry_li
</UL>

<P><STRONG><a name="[f7]"></a>__rt_lib_init_alloca_1</STRONG> (Thumb, 0 bytes, Stack size unknown bytes, libinit2.o(.ARM.Collect$$libinit$$0000002E))

<P><STRONG><a name="[f8]"></a>__rt_lib_init_argv_1</STRONG> (Thumb, 0 bytes, Stack size unknown bytes, libinit2.o(.ARM.Collect$$libinit$$0000002C))

<P><STRONG><a name="[f9]"></a>__rt_lib_init_atexit_1</STRONG> (Thumb, 0 bytes, Stack size unknown bytes, libinit2.o(.ARM.Collect$$libinit$$0000001B))

<P><STRONG><a name="[fa]"></a>__rt_lib_init_clock_1</STRONG> (Thumb, 0 bytes, Stack size unknown bytes, libinit2.o(.ARM.Collect$$libinit$$00000021))

<P><STRONG><a name="[fb]"></a>__rt_lib_init_cpp_1</STRONG> (Thumb, 0 bytes, Stack size unknown bytes, libinit2.o(.ARM.Collect$$libinit$$00000032))

<P><STRONG><a name="[fc]"></a>__rt_lib_init_exceptions_1</STRONG> (Thumb, 0 bytes, Stack size unknown bytes, libinit2.o(.ARM.Collect$$libinit$$00000030))

<P><STRONG><a name="[fd]"></a>__rt_lib_init_fp_1</STRONG> (Thumb, 0 bytes, Stack size unknown bytes, libinit2.o(.ARM.Collect$$libinit$$00000002))

<P><STRONG><a name="[fe]"></a>__rt_lib_init_fp_trap_1</STRONG> (Thumb, 0 bytes, Stack size unknown bytes, libinit2.o(.ARM.Collect$$libinit$$0000001F))

<P><STRONG><a name="[ff]"></a>__rt_lib_init_getenv_1</STRONG> (Thumb, 0 bytes, Stack size unknown bytes, libinit2.o(.ARM.Collect$$libinit$$00000023))

<P><STRONG><a name="[100]"></a>__rt_lib_init_heap_1</STRONG> (Thumb, 0 bytes, Stack size unknown bytes, libinit2.o(.ARM.Collect$$libinit$$0000000A))

<P><STRONG><a name="[101]"></a>__rt_lib_init_lc_collate_1</STRONG> (Thumb, 0 bytes, Stack size unknown bytes, libinit2.o(.ARM.Collect$$libinit$$00000011))

<P><STRONG><a name="[102]"></a>__rt_lib_init_lc_ctype_1</STRONG> (Thumb, 0 bytes, Stack size unknown bytes, libinit2.o(.ARM.Collect$$libinit$$00000013))

<P><STRONG><a name="[103]"></a>__rt_lib_init_lc_monetary_1</STRONG> (Thumb, 0 bytes, Stack size unknown bytes, libinit2.o(.ARM.Collect$$libinit$$00000015))

<P><STRONG><a name="[104]"></a>__rt_lib_init_lc_numeric_1</STRONG> (Thumb, 0 bytes, Stack size unknown bytes, libinit2.o(.ARM.Collect$$libinit$$00000017))

<P><STRONG><a name="[105]"></a>__rt_lib_init_lc_time_1</STRONG> (Thumb, 0 bytes, Stack size unknown bytes, libinit2.o(.ARM.Collect$$libinit$$00000019))

<P><STRONG><a name="[106]"></a>__rt_lib_init_preinit_1</STRONG> (Thumb, 0 bytes, Stack size unknown bytes, libinit2.o(.ARM.Collect$$libinit$$00000004))

<P><STRONG><a name="[107]"></a>__rt_lib_init_rand_1</STRONG> (Thumb, 0 bytes, Stack size unknown bytes, libinit2.o(.ARM.Collect$$libinit$$0000000E))

<P><STRONG><a name="[108]"></a>__rt_lib_init_return</STRONG> (Thumb, 0 bytes, Stack size unknown bytes, libinit2.o(.ARM.Collect$$libinit$$00000033))

<P><STRONG><a name="[109]"></a>__rt_lib_init_signal_1</STRONG> (Thumb, 0 bytes, Stack size unknown bytes, libinit2.o(.ARM.Collect$$libinit$$0000001D))

<P><STRONG><a name="[10a]"></a>__rt_lib_init_stdio_1</STRONG> (Thumb, 0 bytes, Stack size unknown bytes, libinit2.o(.ARM.Collect$$libinit$$00000025))

<P><STRONG><a name="[10b]"></a>__rt_lib_init_user_alloc_1</STRONG> (Thumb, 0 bytes, Stack size unknown bytes, libinit2.o(.ARM.Collect$$libinit$$0000000C))

<P><STRONG><a name="[49]"></a>__rt_lib_shutdown</STRONG> (Thumb, 0 bytes, Stack size unknown bytes, libshutdown.o(.ARM.Collect$$libshutdown$$00000000))
<BR><BR>[Called By]<UL><LI><a href="#[48]">&gt;&gt;</a>&nbsp;&nbsp;&nbsp;__rt_exit_ls
</UL>

<P><STRONG><a name="[10c]"></a>__rt_lib_shutdown_cpp_1</STRONG> (Thumb, 0 bytes, Stack size unknown bytes, libshutdown2.o(.ARM.Collect$$libshutdown$$00000002))

<P><STRONG><a name="[10d]"></a>__rt_lib_shutdown_fp_trap_1</STRONG> (Thumb, 0 bytes, Stack size unknown bytes, libshutdown2.o(.ARM.Collect$$libshutdown$$00000007))

<P><STRONG><a name="[10e]"></a>__rt_lib_shutdown_heap_1</STRONG> (Thumb, 0 bytes, Stack size unknown bytes, libshutdown2.o(.ARM.Collect$$libshutdown$$0000000F))

<P><STRONG><a name="[10f]"></a>__rt_lib_shutdown_return</STRONG> (Thumb, 0 bytes, Stack size unknown bytes, libshutdown2.o(.ARM.Collect$$libshutdown$$00000010))

<P><STRONG><a name="[110]"></a>__rt_lib_shutdown_signal_1</STRONG> (Thumb, 0 bytes, Stack size unknown bytes, libshutdown2.o(.ARM.Collect$$libshutdown$$0000000A))

<P><STRONG><a name="[111]"></a>__rt_lib_shutdown_stdio_1</STRONG> (Thumb, 0 bytes, Stack size unknown bytes, libshutdown2.o(.ARM.Collect$$libshutdown$$00000004))

<P><STRONG><a name="[112]"></a>__rt_lib_shutdown_user_alloc_1</STRONG> (Thumb, 0 bytes, Stack size unknown bytes, libshutdown2.o(.ARM.Collect$$libshutdown$$0000000C))

<P><STRONG><a name="[37]"></a>__rt_entry</STRONG> (Thumb, 0 bytes, Stack size unknown bytes, __rtentry.o(.ARM.Collect$$rtentry$$00000000))
<BR><BR>[Called By]<UL><LI><a href="#[38]">&gt;&gt;</a>&nbsp;&nbsp;&nbsp;__scatterload_rt2
<LI><a href="#[35]">&gt;&gt;</a>&nbsp;&nbsp;&nbsp;__main
</UL>

<P><STRONG><a name="[113]"></a>__rt_entry_presh_1</STRONG> (Thumb, 0 bytes, Stack size unknown bytes, __rtentry2.o(.ARM.Collect$$rtentry$$00000002))

<P><STRONG><a name="[41]"></a>__rt_entry_sh</STRONG> (Thumb, 0 bytes, Stack size unknown bytes, __rtentry4.o(.ARM.Collect$$rtentry$$00000004))
<BR><BR>[Stack]<UL><LI>Max Depth = 8 + Unknown Stack Size
<LI>Call Chain = __rt_entry_sh &rArr; __user_setup_stackheap
</UL>
<BR>[Calls]<UL><LI><a href="#[42]">&gt;&gt;</a>&nbsp;&nbsp;&nbsp;__user_setup_stackheap
</UL>

<P><STRONG><a name="[43]"></a>__rt_entry_li</STRONG> (Thumb, 0 bytes, Stack size unknown bytes, __rtentry2.o(.ARM.Collect$$rtentry$$0000000A))
<BR><BR>[Calls]<UL><LI><a href="#[44]">&gt;&gt;</a>&nbsp;&nbsp;&nbsp;__rt_lib_init
</UL>

<P><STRONG><a name="[114]"></a>__rt_entry_postsh_1</STRONG> (Thumb, 0 bytes, Stack size unknown bytes, __rtentry2.o(.ARM.Collect$$rtentry$$00000009))

<P><STRONG><a name="[45]"></a>__rt_entry_main</STRONG> (Thumb, 0 bytes, Stack size unknown bytes, __rtentry2.o(.ARM.Collect$$rtentry$$0000000D))
<BR><BR>[Stack]<UL><LI>Max Depth = 944 + Unknown Stack Size
<LI>Call Chain = __rt_entry_main &rArr; main &rArr; httpServer_run &rArr; http_process_handler &rArr; http_get_cgi_handler &rArr; predefined_get_cgi_processor &rArr; make_json_netinfo &rArr; __2sprintf &rArr; _printf_char_common &rArr; __printf
</UL>
<BR>[Calls]<UL><LI><a href="#[46]">&gt;&gt;</a>&nbsp;&nbsp;&nbsp;main
<LI><a href="#[47]">&gt;&gt;</a>&nbsp;&nbsp;&nbsp;exit
</UL>

<P><STRONG><a name="[115]"></a>__rt_entry_postli_1</STRONG> (Thumb, 0 bytes, Stack size unknown bytes, __rtentry2.o(.ARM.Collect$$rtentry$$0000000C))

<P><STRONG><a name="[ee]"></a>__rt_exit</STRONG> (Thumb, 0 bytes, Stack size unknown bytes, rtexit.o(.ARM.Collect$$rtexit$$00000000))
<BR><BR>[Called By]<UL><LI><a href="#[47]">&gt;&gt;</a>&nbsp;&nbsp;&nbsp;exit
</UL>

<P><STRONG><a name="[48]"></a>__rt_exit_ls</STRONG> (Thumb, 0 bytes, Stack size unknown bytes, rtexit2.o(.ARM.Collect$$rtexit$$00000003))
<BR><BR>[Calls]<UL><LI><a href="#[49]">&gt;&gt;</a>&nbsp;&nbsp;&nbsp;__rt_lib_shutdown
</UL>

<P><STRONG><a name="[116]"></a>__rt_exit_prels_1</STRONG> (Thumb, 0 bytes, Stack size unknown bytes, rtexit2.o(.ARM.Collect$$rtexit$$00000002))

<P><STRONG><a name="[4a]"></a>__rt_exit_exit</STRONG> (Thumb, 0 bytes, Stack size unknown bytes, rtexit2.o(.ARM.Collect$$rtexit$$00000004))
<BR><BR>[Calls]<UL><LI><a href="#[4b]">&gt;&gt;</a>&nbsp;&nbsp;&nbsp;_sys_exit
</UL>

<P><STRONG><a name="[d7]"></a>__aeabi_memcpy4</STRONG> (Thumb, 56 bytes, Stack size 0 bytes, rt_memcpy.o(.emb_text))
<BR><BR>[Called By]<UL><LI><a href="#[b4]">&gt;&gt;</a>&nbsp;&nbsp;&nbsp;__aeabi_memcpy
</UL>

<P><STRONG><a name="[117]"></a>__aeabi_memcpy8</STRONG> (Thumb, 0 bytes, Stack size 0 bytes, rt_memcpy.o(.emb_text), UNUSED)

<P><STRONG><a name="[5]"></a>Reset_Handler</STRONG> (Thumb, 8 bytes, Stack size 0 bytes, startup_w7500x.o(.text))
<BR>[Address Reference Count : 1]<UL><LI> startup_w7500x.o(RESET)
</UL>
<P><STRONG><a name="[10]"></a>I2C0_Handler</STRONG> (Thumb, 0 bytes, Stack size 0 bytes, startup_w7500x.o(.text))
<BR><BR>[Calls]<UL><LI><a href="#[10]">&gt;&gt;</a>&nbsp;&nbsp;&nbsp;I2C0_Handler
</UL>
<BR>[Called By]<UL><LI><a href="#[10]">&gt;&gt;</a>&nbsp;&nbsp;&nbsp;I2C0_Handler
</UL>
<BR>[Address Reference Count : 1]<UL><LI> startup_w7500x.o(RESET)
</UL>
<P><STRONG><a name="[11]"></a>I2C1_Handler</STRONG> (Thumb, 0 bytes, Stack size 0 bytes, startup_w7500x.o(.text))
<BR>[Address Reference Count : 1]<UL><LI> startup_w7500x.o(RESET)
</UL>
<P><STRONG><a name="[21]"></a>RTC_Handler</STRONG> (Thumb, 0 bytes, Stack size 0 bytes, startup_w7500x.o(.text))
<BR>[Address Reference Count : 1]<UL><LI> startup_w7500x.o(RESET)
</UL>
<P><STRONG><a name="[ec]"></a>__user_initial_stackheap</STRONG> (Thumb, 10 bytes, Stack size 0 bytes, startup_w7500x.o(.text))
<BR><BR>[Called By]<UL><LI><a href="#[42]">&gt;&gt;</a>&nbsp;&nbsp;&nbsp;__user_setup_stackheap
</UL>

<P><STRONG><a name="[118]"></a>GPIO_DeInit</STRONG> (Thumb, 98 bytes, Stack size 16 bytes, w7500x_gpio.o(.text), UNUSED)

<P><STRONG><a name="[4e]"></a>GPIO_Init</STRONG> (Thumb, 210 bytes, Stack size 20 bytes, w7500x_gpio.o(.text))
<BR><BR>[Stack]<UL><LI>Max Depth = 20<LI>Call Chain = GPIO_Init
</UL>
<BR>[Called By]<UL><LI><a href="#[c7]">&gt;&gt;</a>&nbsp;&nbsp;&nbsp;mdio_init
<LI><a href="#[6c]">&gt;&gt;</a>&nbsp;&nbsp;&nbsp;GPIO_Setting
<LI><a href="#[50]">&gt;&gt;</a>&nbsp;&nbsp;&nbsp;GPIO_INT_Configuration
<LI><a href="#[4c]">&gt;&gt;</a>&nbsp;&nbsp;&nbsp;GPIO_Configuration
</UL>

<P><STRONG><a name="[4d]"></a>GPIO_StructInit</STRONG> (Thumb, 14 bytes, Stack size 0 bytes, w7500x_gpio.o(.text))
<BR><BR>[Called By]<UL><LI><a href="#[c7]">&gt;&gt;</a>&nbsp;&nbsp;&nbsp;mdio_init
<LI><a href="#[50]">&gt;&gt;</a>&nbsp;&nbsp;&nbsp;GPIO_INT_Configuration
<LI><a href="#[4c]">&gt;&gt;</a>&nbsp;&nbsp;&nbsp;GPIO_Configuration
</UL>

<P><STRONG><a name="[c1]"></a>GPIO_ReadInputDataBit</STRONG> (Thumb, 14 bytes, Stack size 0 bytes, w7500x_gpio.o(.text))
<BR><BR>[Called By]<UL><LI><a href="#[c0]">&gt;&gt;</a>&nbsp;&nbsp;&nbsp;input_MDIO
</UL>

<P><STRONG><a name="[119]"></a>GPIO_ReadInputData</STRONG> (Thumb, 6 bytes, Stack size 0 bytes, w7500x_gpio.o(.text), UNUSED)

<P><STRONG><a name="[11a]"></a>GPIO_ReadOutputDataBit</STRONG> (Thumb, 14 bytes, Stack size 0 bytes, w7500x_gpio.o(.text), UNUSED)

<P><STRONG><a name="[11b]"></a>GPIO_ReadOutputData</STRONG> (Thumb, 6 bytes, Stack size 0 bytes, w7500x_gpio.o(.text), UNUSED)

<P><STRONG><a name="[6d]"></a>GPIO_SetBits</STRONG> (Thumb, 28 bytes, Stack size 0 bytes, w7500x_gpio.o(.text))
<BR><BR>[Called By]<UL><LI><a href="#[c3]">&gt;&gt;</a>&nbsp;&nbsp;&nbsp;output_MDIO
<LI><a href="#[c2]">&gt;&gt;</a>&nbsp;&nbsp;&nbsp;turnaround_MDIO
<LI><a href="#[c0]">&gt;&gt;</a>&nbsp;&nbsp;&nbsp;input_MDIO
<LI><a href="#[bf]">&gt;&gt;</a>&nbsp;&nbsp;&nbsp;idle_MDIO
<LI><a href="#[bc]">&gt;&gt;</a>&nbsp;&nbsp;&nbsp;set_LED
<LI><a href="#[6c]">&gt;&gt;</a>&nbsp;&nbsp;&nbsp;GPIO_Setting
</UL>

<P><STRONG><a name="[bd]"></a>GPIO_ResetBits</STRONG> (Thumb, 32 bytes, Stack size 8 bytes, w7500x_gpio.o(.text))
<BR><BR>[Stack]<UL><LI>Max Depth = 8<LI>Call Chain = GPIO_ResetBits
</UL>
<BR>[Called By]<UL><LI><a href="#[c3]">&gt;&gt;</a>&nbsp;&nbsp;&nbsp;output_MDIO
<LI><a href="#[c2]">&gt;&gt;</a>&nbsp;&nbsp;&nbsp;turnaround_MDIO
<LI><a href="#[c0]">&gt;&gt;</a>&nbsp;&nbsp;&nbsp;input_MDIO
<LI><a href="#[bf]">&gt;&gt;</a>&nbsp;&nbsp;&nbsp;idle_MDIO
<LI><a href="#[bc]">&gt;&gt;</a>&nbsp;&nbsp;&nbsp;set_LED
</UL>

<P><STRONG><a name="[11c]"></a>GPIO_WriteBit</STRONG> (Thumb, 52 bytes, Stack size 12 bytes, w7500x_gpio.o(.text), UNUSED)

<P><STRONG><a name="[11d]"></a>GPIO_Write</STRONG> (Thumb, 4 bytes, Stack size 0 bytes, w7500x_gpio.o(.text), UNUSED)

<P><STRONG><a name="[11e]"></a>GPIO_ToggleBits</STRONG> (Thumb, 8 bytes, Stack size 0 bytes, w7500x_gpio.o(.text), UNUSED)

<P><STRONG><a name="[11f]"></a>GPIO_INT_Enable_Bits</STRONG> (Thumb, 26 bytes, Stack size 0 bytes, w7500x_gpio.o(.text), UNUSED)

<P><STRONG><a name="[120]"></a>GPIO_INT_Enable</STRONG> (Thumb, 16 bytes, Stack size 0 bytes, w7500x_gpio.o(.text), UNUSED)

<P><STRONG><a name="[51]"></a>GPIO_INT_Polarity_Bits</STRONG> (Thumb, 20 bytes, Stack size 0 bytes, w7500x_gpio.o(.text), UNUSED)
<BR><BR>[Called By]<UL><LI><a href="#[50]">&gt;&gt;</a>&nbsp;&nbsp;&nbsp;GPIO_INT_Configuration
</UL>

<P><STRONG><a name="[121]"></a>GPIO_INT_Polarity</STRONG> (Thumb, 14 bytes, Stack size 0 bytes, w7500x_gpio.o(.text), UNUSED)

<P><STRONG><a name="[122]"></a>GPIO_INT_Clear</STRONG> (Thumb, 6 bytes, Stack size 0 bytes, w7500x_gpio.o(.text), UNUSED)

<P><STRONG><a name="[123]"></a>GPIO_Read_INTstatus</STRONG> (Thumb, 14 bytes, Stack size 0 bytes, w7500x_gpio.o(.text), UNUSED)

<P><STRONG><a name="[4f]"></a>PAD_AFConfig</STRONG> (Thumb, 94 bytes, Stack size 20 bytes, w7500x_gpio.o(.text))
<BR><BR>[Stack]<UL><LI>Max Depth = 20<LI>Call Chain = PAD_AFConfig
</UL>
<BR>[Called By]<UL><LI><a href="#[c7]">&gt;&gt;</a>&nbsp;&nbsp;&nbsp;mdio_init
<LI><a href="#[6c]">&gt;&gt;</a>&nbsp;&nbsp;&nbsp;GPIO_Setting
<LI><a href="#[50]">&gt;&gt;</a>&nbsp;&nbsp;&nbsp;GPIO_INT_Configuration
<LI><a href="#[4c]">&gt;&gt;</a>&nbsp;&nbsp;&nbsp;GPIO_Configuration
</UL>

<P><STRONG><a name="[4c]"></a>GPIO_Configuration</STRONG> (Thumb, 76 bytes, Stack size 24 bytes, w7500x_gpio.o(.text), UNUSED)
<BR><BR>[Calls]<UL><LI><a href="#[4f]">&gt;&gt;</a>&nbsp;&nbsp;&nbsp;PAD_AFConfig
<LI><a href="#[4d]">&gt;&gt;</a>&nbsp;&nbsp;&nbsp;GPIO_StructInit
<LI><a href="#[4e]">&gt;&gt;</a>&nbsp;&nbsp;&nbsp;GPIO_Init
</UL>

<P><STRONG><a name="[50]"></a>GPIO_INT_Configuration</STRONG> (Thumb, 134 bytes, Stack size 24 bytes, w7500x_gpio.o(.text), UNUSED)
<BR><BR>[Calls]<UL><LI><a href="#[4f]">&gt;&gt;</a>&nbsp;&nbsp;&nbsp;PAD_AFConfig
<LI><a href="#[51]">&gt;&gt;</a>&nbsp;&nbsp;&nbsp;GPIO_INT_Polarity_Bits
<LI><a href="#[4d]">&gt;&gt;</a>&nbsp;&nbsp;&nbsp;GPIO_StructInit
<LI><a href="#[4e]">&gt;&gt;</a>&nbsp;&nbsp;&nbsp;GPIO_Init
<LI><a href="#[52]">&gt;&gt;</a>&nbsp;&nbsp;&nbsp;NVIC_EnableIRQ
</UL>

<P><STRONG><a name="[6f]"></a>UART_StructInit</STRONG> (Thumb, 26 bytes, Stack size 0 bytes, w7500x_uart.o(.text))
<BR><BR>[Called By]<UL><LI><a href="#[6e]">&gt;&gt;</a>&nbsp;&nbsp;&nbsp;UART_Configuration
</UL>

<P><STRONG><a name="[124]"></a>UART_DeInit</STRONG> (Thumb, 2 bytes, Stack size 0 bytes, w7500x_uart.o(.text), UNUSED)

<P><STRONG><a name="[53]"></a>UART_Init</STRONG> (Thumb, 152 bytes, Stack size 24 bytes, w7500x_uart.o(.text))
<BR><BR>[Stack]<UL><LI>Max Depth = 44<LI>Call Chain = UART_Init &rArr; __aeabi_fdiv
</UL>
<BR>[Calls]<UL><LI><a href="#[59]">&gt;&gt;</a>&nbsp;&nbsp;&nbsp;__ARM_scalbnf
<LI><a href="#[55]">&gt;&gt;</a>&nbsp;&nbsp;&nbsp;__aeabi_ui2f
<LI><a href="#[57]">&gt;&gt;</a>&nbsp;&nbsp;&nbsp;__aeabi_f2uiz
<LI><a href="#[56]">&gt;&gt;</a>&nbsp;&nbsp;&nbsp;__aeabi_fdiv
<LI><a href="#[58]">&gt;&gt;</a>&nbsp;&nbsp;&nbsp;__aeabi_frsub
<LI><a href="#[5a]">&gt;&gt;</a>&nbsp;&nbsp;&nbsp;__aeabi_f2d
<LI><a href="#[5c]">&gt;&gt;</a>&nbsp;&nbsp;&nbsp;__aeabi_d2uiz
<LI><a href="#[5b]">&gt;&gt;</a>&nbsp;&nbsp;&nbsp;__aeabi_dadd
<LI><a href="#[54]">&gt;&gt;</a>&nbsp;&nbsp;&nbsp;__aeabi_uidivmod
</UL>
<BR>[Called By]<UL><LI><a href="#[6e]">&gt;&gt;</a>&nbsp;&nbsp;&nbsp;UART_Configuration
</UL>

<P><STRONG><a name="[125]"></a>UART_FIFO_Enable</STRONG> (Thumb, 24 bytes, Stack size 8 bytes, w7500x_uart.o(.text), UNUSED)

<P><STRONG><a name="[126]"></a>UART_FIFO_Disable</STRONG> (Thumb, 10 bytes, Stack size 0 bytes, w7500x_uart.o(.text), UNUSED)

<P><STRONG><a name="[127]"></a>UART_SendData</STRONG> (Thumb, 4 bytes, Stack size 0 bytes, w7500x_uart.o(.text), UNUSED)

<P><STRONG><a name="[128]"></a>UART_ReceiveData</STRONG> (Thumb, 6 bytes, Stack size 0 bytes, w7500x_uart.o(.text), UNUSED)

<P><STRONG><a name="[129]"></a>UART_SendBreak</STRONG> (Thumb, 10 bytes, Stack size 0 bytes, w7500x_uart.o(.text), UNUSED)

<P><STRONG><a name="[12a]"></a>UART_GetRecvStatus</STRONG> (Thumb, 14 bytes, Stack size 0 bytes, w7500x_uart.o(.text), UNUSED)

<P><STRONG><a name="[12b]"></a>UART_ClearRecvStatus</STRONG> (Thumb, 4 bytes, Stack size 0 bytes, w7500x_uart.o(.text), UNUSED)

<P><STRONG><a name="[12c]"></a>UART_GetFlagStatus</STRONG> (Thumb, 14 bytes, Stack size 0 bytes, w7500x_uart.o(.text), UNUSED)

<P><STRONG><a name="[12d]"></a>UART_ClearFlag</STRONG> (Thumb, 2 bytes, Stack size 0 bytes, w7500x_uart.o(.text), UNUSED)

<P><STRONG><a name="[12e]"></a>UART_ITConfig</STRONG> (Thumb, 20 bytes, Stack size 0 bytes, w7500x_uart.o(.text), UNUSED)

<P><STRONG><a name="[12f]"></a>UART_GetITStatus</STRONG> (Thumb, 14 bytes, Stack size 0 bytes, w7500x_uart.o(.text), UNUSED)

<P><STRONG><a name="[130]"></a>UART_ClearITPendingBit</STRONG> (Thumb, 8 bytes, Stack size 0 bytes, w7500x_uart.o(.text), UNUSED)

<P><STRONG><a name="[131]"></a>UART_DMA_Config</STRONG> (Thumb, 8 bytes, Stack size 0 bytes, w7500x_uart.o(.text), UNUSED)

<P><STRONG><a name="[132]"></a>S_UART_DeInit</STRONG> (Thumb, 2 bytes, Stack size 0 bytes, w7500x_uart.o(.text), UNUSED)

<P><STRONG><a name="[5d]"></a>S_UART_SetBaud</STRONG> (Thumb, 36 bytes, Stack size 8 bytes, w7500x_uart.o(.text), UNUSED)
<BR><BR>[Calls]<UL><LI><a href="#[5e]">&gt;&gt;</a>&nbsp;&nbsp;&nbsp;GetSystemClock
<LI><a href="#[54]">&gt;&gt;</a>&nbsp;&nbsp;&nbsp;__aeabi_uidivmod
</UL>
<BR>[Called By]<UL><LI><a href="#[5f]">&gt;&gt;</a>&nbsp;&nbsp;&nbsp;S_UART_Init
</UL>

<P><STRONG><a name="[5f]"></a>S_UART_Init</STRONG> (Thumb, 24 bytes, Stack size 8 bytes, w7500x_uart.o(.text), UNUSED)
<BR><BR>[Calls]<UL><LI><a href="#[5d]">&gt;&gt;</a>&nbsp;&nbsp;&nbsp;S_UART_SetBaud
</UL>

<P><STRONG><a name="[64]"></a>S_UART_SendData</STRONG> (Thumb, 12 bytes, Stack size 0 bytes, w7500x_uart.o(.text), UNUSED)
<BR><BR>[Called By]<UL><LI><a href="#[65]">&gt;&gt;</a>&nbsp;&nbsp;&nbsp;S_UartPuts
<LI><a href="#[63]">&gt;&gt;</a>&nbsp;&nbsp;&nbsp;S_UartPutc
</UL>

<P><STRONG><a name="[133]"></a>S_UART_ReceiveData</STRONG> (Thumb, 8 bytes, Stack size 0 bytes, w7500x_uart.o(.text), UNUSED)

<P><STRONG><a name="[134]"></a>S_UART_GetFlagStatus</STRONG> (Thumb, 16 bytes, Stack size 0 bytes, w7500x_uart.o(.text), UNUSED)

<P><STRONG><a name="[135]"></a>S_UART_SetCTRL</STRONG> (Thumb, 18 bytes, Stack size 0 bytes, w7500x_uart.o(.text), UNUSED)

<P><STRONG><a name="[136]"></a>S_UART_ITConfig</STRONG> (Thumb, 18 bytes, Stack size 0 bytes, w7500x_uart.o(.text), UNUSED)

<P><STRONG><a name="[137]"></a>S_UART_GetITStatus</STRONG> (Thumb, 16 bytes, Stack size 0 bytes, w7500x_uart.o(.text), UNUSED)

<P><STRONG><a name="[138]"></a>S_UART_ClearITPendingBit</STRONG> (Thumb, 10 bytes, Stack size 0 bytes, w7500x_uart.o(.text), UNUSED)

<P><STRONG><a name="[61]"></a>UartPutc</STRONG> (Thumb, 12 bytes, Stack size 0 bytes, w7500x_uart.o(.text))
<BR><BR>[Called By]<UL><LI><a href="#[7d]">&gt;&gt;</a>&nbsp;&nbsp;&nbsp;_ttywrch
<LI><a href="#[7c]">&gt;&gt;</a>&nbsp;&nbsp;&nbsp;fgetc
<LI><a href="#[34]">&gt;&gt;</a>&nbsp;&nbsp;&nbsp;fputc
<LI><a href="#[60]">&gt;&gt;</a>&nbsp;&nbsp;&nbsp;UartPuts
</UL>

<P><STRONG><a name="[60]"></a>UartPuts</STRONG> (Thumb, 28 bytes, Stack size 12 bytes, w7500x_uart.o(.text), UNUSED)
<BR><BR>[Calls]<UL><LI><a href="#[61]">&gt;&gt;</a>&nbsp;&nbsp;&nbsp;UartPutc
</UL>

<P><STRONG><a name="[62]"></a>UartGetc</STRONG> (Thumb, 12 bytes, Stack size 0 bytes, w7500x_uart.o(.text), UNUSED)
<BR><BR>[Calls]<UL><LI><a href="#[62]">&gt;&gt;</a>&nbsp;&nbsp;&nbsp;UartGetc
</UL>
<BR>[Called By]<UL><LI><a href="#[7c]">&gt;&gt;</a>&nbsp;&nbsp;&nbsp;fgetc
<LI><a href="#[62]">&gt;&gt;</a>&nbsp;&nbsp;&nbsp;UartGetc
</UL>

<P><STRONG><a name="[63]"></a>S_UartPutc</STRONG> (Thumb, 12 bytes, Stack size 4 bytes, w7500x_uart.o(.text), UNUSED)
<BR><BR>[Calls]<UL><LI><a href="#[64]">&gt;&gt;</a>&nbsp;&nbsp;&nbsp;S_UART_SendData
</UL>

<P><STRONG><a name="[65]"></a>S_UartPuts</STRONG> (Thumb, 24 bytes, Stack size 8 bytes, w7500x_uart.o(.text), UNUSED)
<BR><BR>[Calls]<UL><LI><a href="#[64]">&gt;&gt;</a>&nbsp;&nbsp;&nbsp;S_UART_SendData
</UL>

<P><STRONG><a name="[139]"></a>S_UartGetc</STRONG> (Thumb, 14 bytes, Stack size 0 bytes, w7500x_uart.o(.text), UNUSED)

<P><STRONG><a name="[75]"></a>WIZCHIP_READ</STRONG> (Thumb, 4 bytes, Stack size 0 bytes, w7500x_wztoe.o(.text))
<BR><BR>[Called By]<UL><LI><a href="#[c9]">&gt;&gt;</a>&nbsp;&nbsp;&nbsp;loopback_udps
<LI><a href="#[c8]">&gt;&gt;</a>&nbsp;&nbsp;&nbsp;loopback_tcpc
<LI><a href="#[98]">&gt;&gt;</a>&nbsp;&nbsp;&nbsp;wizchip_getnetinfo
<LI><a href="#[97]">&gt;&gt;</a>&nbsp;&nbsp;&nbsp;wizchip_setnetmode
<LI><a href="#[96]">&gt;&gt;</a>&nbsp;&nbsp;&nbsp;wizchip_getnetmode
<LI><a href="#[94]">&gt;&gt;</a>&nbsp;&nbsp;&nbsp;wizchip_gettimeout
<LI><a href="#[91]">&gt;&gt;</a>&nbsp;&nbsp;&nbsp;wizchip_sw_reset
<LI><a href="#[8f]">&gt;&gt;</a>&nbsp;&nbsp;&nbsp;wizchip_getinterrupt
<LI><a href="#[8d]">&gt;&gt;</a>&nbsp;&nbsp;&nbsp;wizchip_getinterruptmask
<LI><a href="#[8c]">&gt;&gt;</a>&nbsp;&nbsp;&nbsp;getsockopt
<LI><a href="#[8b]">&gt;&gt;</a>&nbsp;&nbsp;&nbsp;setsockopt
<LI><a href="#[89]">&gt;&gt;</a>&nbsp;&nbsp;&nbsp;ctlsocket
<LI><a href="#[87]">&gt;&gt;</a>&nbsp;&nbsp;&nbsp;recvfrom
<LI><a href="#[86]">&gt;&gt;</a>&nbsp;&nbsp;&nbsp;sendto
<LI><a href="#[85]">&gt;&gt;</a>&nbsp;&nbsp;&nbsp;recv
<LI><a href="#[84]">&gt;&gt;</a>&nbsp;&nbsp;&nbsp;send
<LI><a href="#[83]">&gt;&gt;</a>&nbsp;&nbsp;&nbsp;disconnect
<LI><a href="#[82]">&gt;&gt;</a>&nbsp;&nbsp;&nbsp;connect
<LI><a href="#[81]">&gt;&gt;</a>&nbsp;&nbsp;&nbsp;listen
<LI><a href="#[80]">&gt;&gt;</a>&nbsp;&nbsp;&nbsp;socket
<LI><a href="#[7f]">&gt;&gt;</a>&nbsp;&nbsp;&nbsp;close
<LI><a href="#[7b]">&gt;&gt;</a>&nbsp;&nbsp;&nbsp;loopback_tcps
<LI><a href="#[7a]">&gt;&gt;</a>&nbsp;&nbsp;&nbsp;httpServer_run
<LI><a href="#[46]">&gt;&gt;</a>&nbsp;&nbsp;&nbsp;main
</UL>

<P><STRONG><a name="[74]"></a>WIZCHIP_WRITE</STRONG> (Thumb, 4 bytes, Stack size 0 bytes, w7500x_wztoe.o(.text))
<BR><BR>[Called By]<UL><LI><a href="#[c8]">&gt;&gt;</a>&nbsp;&nbsp;&nbsp;loopback_tcpc
<LI><a href="#[99]">&gt;&gt;</a>&nbsp;&nbsp;&nbsp;wizchip_setnetinfo
<LI><a href="#[97]">&gt;&gt;</a>&nbsp;&nbsp;&nbsp;wizchip_setnetmode
<LI><a href="#[95]">&gt;&gt;</a>&nbsp;&nbsp;&nbsp;wizchip_settimeout
<LI><a href="#[92]">&gt;&gt;</a>&nbsp;&nbsp;&nbsp;wizchip_init
<LI><a href="#[91]">&gt;&gt;</a>&nbsp;&nbsp;&nbsp;wizchip_sw_reset
<LI><a href="#[90]">&gt;&gt;</a>&nbsp;&nbsp;&nbsp;wizchip_clrinterrupt
<LI><a href="#[8e]">&gt;&gt;</a>&nbsp;&nbsp;&nbsp;wizchip_setinterruptmask
<LI><a href="#[8b]">&gt;&gt;</a>&nbsp;&nbsp;&nbsp;setsockopt
<LI><a href="#[89]">&gt;&gt;</a>&nbsp;&nbsp;&nbsp;ctlsocket
<LI><a href="#[87]">&gt;&gt;</a>&nbsp;&nbsp;&nbsp;recvfrom
<LI><a href="#[86]">&gt;&gt;</a>&nbsp;&nbsp;&nbsp;sendto
<LI><a href="#[85]">&gt;&gt;</a>&nbsp;&nbsp;&nbsp;recv
<LI><a href="#[84]">&gt;&gt;</a>&nbsp;&nbsp;&nbsp;send
<LI><a href="#[83]">&gt;&gt;</a>&nbsp;&nbsp;&nbsp;disconnect
<LI><a href="#[82]">&gt;&gt;</a>&nbsp;&nbsp;&nbsp;connect
<LI><a href="#[81]">&gt;&gt;</a>&nbsp;&nbsp;&nbsp;listen
<LI><a href="#[80]">&gt;&gt;</a>&nbsp;&nbsp;&nbsp;socket
<LI><a href="#[7f]">&gt;&gt;</a>&nbsp;&nbsp;&nbsp;close
<LI><a href="#[7b]">&gt;&gt;</a>&nbsp;&nbsp;&nbsp;loopback_tcps
<LI><a href="#[7a]">&gt;&gt;</a>&nbsp;&nbsp;&nbsp;httpServer_run
<LI><a href="#[46]">&gt;&gt;</a>&nbsp;&nbsp;&nbsp;main
</UL>

<P><STRONG><a name="[69]"></a>WIZCHIP_READ_BUF</STRONG> (Thumb, 24 bytes, Stack size 12 bytes, w7500x_wztoe.o(.text))
<BR><BR>[Stack]<UL><LI>Max Depth = 12<LI>Call Chain = WIZCHIP_READ_BUF
</UL>
<BR>[Called By]<UL><LI><a href="#[6a]">&gt;&gt;</a>&nbsp;&nbsp;&nbsp;wiz_recv_macraw_data
<LI><a href="#[68]">&gt;&gt;</a>&nbsp;&nbsp;&nbsp;wiz_recv_data
</UL>

<P><STRONG><a name="[67]"></a>WIZCHIP_WRITE_BUF</STRONG> (Thumb, 24 bytes, Stack size 16 bytes, w7500x_wztoe.o(.text))
<BR><BR>[Stack]<UL><LI>Max Depth = 16<LI>Call Chain = WIZCHIP_WRITE_BUF
</UL>
<BR>[Called By]<UL><LI><a href="#[66]">&gt;&gt;</a>&nbsp;&nbsp;&nbsp;wiz_send_data
</UL>

<P><STRONG><a name="[66]"></a>wiz_send_data</STRONG> (Thumb, 40 bytes, Stack size 16 bytes, w7500x_wztoe.o(.text))
<BR><BR>[Stack]<UL><LI>Max Depth = 32<LI>Call Chain = wiz_send_data &rArr; WIZCHIP_WRITE_BUF
</UL>
<BR>[Calls]<UL><LI><a href="#[67]">&gt;&gt;</a>&nbsp;&nbsp;&nbsp;WIZCHIP_WRITE_BUF
</UL>
<BR>[Called By]<UL><LI><a href="#[86]">&gt;&gt;</a>&nbsp;&nbsp;&nbsp;sendto
<LI><a href="#[84]">&gt;&gt;</a>&nbsp;&nbsp;&nbsp;send
</UL>

<P><STRONG><a name="[68]"></a>wiz_recv_data</STRONG> (Thumb, 40 bytes, Stack size 16 bytes, w7500x_wztoe.o(.text))
<BR><BR>[Stack]<UL><LI>Max Depth = 28<LI>Call Chain = wiz_recv_data &rArr; WIZCHIP_READ_BUF
</UL>
<BR>[Calls]<UL><LI><a href="#[69]">&gt;&gt;</a>&nbsp;&nbsp;&nbsp;WIZCHIP_READ_BUF
</UL>
<BR>[Called By]<UL><LI><a href="#[87]">&gt;&gt;</a>&nbsp;&nbsp;&nbsp;recvfrom
<LI><a href="#[85]">&gt;&gt;</a>&nbsp;&nbsp;&nbsp;recv
</UL>

<P><STRONG><a name="[6a]"></a>wiz_recv_macraw_data</STRONG> (Thumb, 52 bytes, Stack size 16 bytes, w7500x_wztoe.o(.text), UNUSED)
<BR><BR>[Calls]<UL><LI><a href="#[69]">&gt;&gt;</a>&nbsp;&nbsp;&nbsp;WIZCHIP_READ_BUF
</UL>
<BR>[Called By]<UL><LI><a href="#[87]">&gt;&gt;</a>&nbsp;&nbsp;&nbsp;recvfrom
</UL>

<P><STRONG><a name="[88]"></a>wiz_recv_ignore</STRONG> (Thumb, 32 bytes, Stack size 8 bytes, w7500x_wztoe.o(.text), UNUSED)
<BR><BR>[Called By]<UL><LI><a href="#[87]">&gt;&gt;</a>&nbsp;&nbsp;&nbsp;recvfrom
</UL>

<P><STRONG><a name="[6b]"></a>SystemCoreClockUpdate</STRONG> (Thumb, 56 bytes, Stack size 8 bytes, system_w7500x.o(.text), UNUSED)
<BR><BR>[Calls]<UL><LI><a href="#[54]">&gt;&gt;</a>&nbsp;&nbsp;&nbsp;__aeabi_uidivmod
</UL>

<P><STRONG><a name="[5e]"></a>GetSystemClock</STRONG> (Thumb, 6 bytes, Stack size 0 bytes, system_w7500x.o(.text))
<BR><BR>[Called By]<UL><LI><a href="#[46]">&gt;&gt;</a>&nbsp;&nbsp;&nbsp;main
<LI><a href="#[5d]">&gt;&gt;</a>&nbsp;&nbsp;&nbsp;S_UART_SetBaud
</UL>

<P><STRONG><a name="[25]"></a>SystemInit</STRONG> (Thumb, 68 bytes, Stack size 8 bytes, system_w7500x.o(.text))
<BR><BR>[Stack]<UL><LI>Max Depth = 8<LI>Call Chain = SystemInit
</UL>
<BR>[Calls]<UL><LI><a href="#[54]">&gt;&gt;</a>&nbsp;&nbsp;&nbsp;__aeabi_uidivmod
</UL>
<BR>[Called By]<UL><LI><a href="#[46]">&gt;&gt;</a>&nbsp;&nbsp;&nbsp;main
</UL>
<BR>[Address Reference Count : 1]<UL><LI> startup_w7500x.o(.text)
</UL>
<P><STRONG><a name="[72]"></a>delay</STRONG> (Thumb, 16 bytes, Stack size 8 bytes, main.o(.text))
<BR><BR>[Stack]<UL><LI>Max Depth = 8<LI>Call Chain = delay
</UL>
<BR>[Called By]<UL><LI><a href="#[c3]">&gt;&gt;</a>&nbsp;&nbsp;&nbsp;output_MDIO
<LI><a href="#[c2]">&gt;&gt;</a>&nbsp;&nbsp;&nbsp;turnaround_MDIO
<LI><a href="#[c0]">&gt;&gt;</a>&nbsp;&nbsp;&nbsp;input_MDIO
<LI><a href="#[bf]">&gt;&gt;</a>&nbsp;&nbsp;&nbsp;idle_MDIO
<LI><a href="#[46]">&gt;&gt;</a>&nbsp;&nbsp;&nbsp;main
</UL>

<P><STRONG><a name="[6c]"></a>GPIO_Setting</STRONG> (Thumb, 84 bytes, Stack size 24 bytes, main.o(.text))
<BR><BR>[Stack]<UL><LI>Max Depth = 44<LI>Call Chain = GPIO_Setting &rArr; PAD_AFConfig
</UL>
<BR>[Calls]<UL><LI><a href="#[4f]">&gt;&gt;</a>&nbsp;&nbsp;&nbsp;PAD_AFConfig
<LI><a href="#[6d]">&gt;&gt;</a>&nbsp;&nbsp;&nbsp;GPIO_SetBits
<LI><a href="#[4e]">&gt;&gt;</a>&nbsp;&nbsp;&nbsp;GPIO_Init
</UL>
<BR>[Called By]<UL><LI><a href="#[46]">&gt;&gt;</a>&nbsp;&nbsp;&nbsp;main
</UL>

<P><STRONG><a name="[6e]"></a>UART_Configuration</STRONG> (Thumb, 18 bytes, Stack size 24 bytes, main.o(.text))
<BR><BR>[Stack]<UL><LI>Max Depth = 68<LI>Call Chain = UART_Configuration &rArr; UART_Init &rArr; __aeabi_fdiv
</UL>
<BR>[Calls]<UL><LI><a href="#[53]">&gt;&gt;</a>&nbsp;&nbsp;&nbsp;UART_Init
<LI><a href="#[6f]">&gt;&gt;</a>&nbsp;&nbsp;&nbsp;UART_StructInit
</UL>
<BR>[Called By]<UL><LI><a href="#[46]">&gt;&gt;</a>&nbsp;&nbsp;&nbsp;main
</UL>

<P><STRONG><a name="[46]"></a>main</STRONG> (Thumb, 674 bytes, Stack size 24 bytes, main.o(.text))
<BR><BR>[Stack]<UL><LI>Max Depth = 944 + Unknown Stack Size
<LI>Call Chain = main &rArr; httpServer_run &rArr; http_process_handler &rArr; http_get_cgi_handler &rArr; predefined_get_cgi_processor &rArr; make_json_netinfo &rArr; __2sprintf &rArr; _printf_char_common &rArr; __printf
</UL>
<BR>[Calls]<UL><LI><a href="#[71]">&gt;&gt;</a>&nbsp;&nbsp;&nbsp;__2printf
<LI><a href="#[78]">&gt;&gt;</a>&nbsp;&nbsp;&nbsp;reg_httpServer_webContent
<LI><a href="#[77]">&gt;&gt;</a>&nbsp;&nbsp;&nbsp;reg_httpServer_cbfunc
<LI><a href="#[7b]">&gt;&gt;</a>&nbsp;&nbsp;&nbsp;loopback_tcps
<LI><a href="#[73]">&gt;&gt;</a>&nbsp;&nbsp;&nbsp;link
<LI><a href="#[7a]">&gt;&gt;</a>&nbsp;&nbsp;&nbsp;httpServer_run
<LI><a href="#[76]">&gt;&gt;</a>&nbsp;&nbsp;&nbsp;httpServer_init
<LI><a href="#[79]">&gt;&gt;</a>&nbsp;&nbsp;&nbsp;display_reg_webContent_list
<LI><a href="#[70]">&gt;&gt;</a>&nbsp;&nbsp;&nbsp;PHY_Init
<LI><a href="#[6e]">&gt;&gt;</a>&nbsp;&nbsp;&nbsp;UART_Configuration
<LI><a href="#[6c]">&gt;&gt;</a>&nbsp;&nbsp;&nbsp;GPIO_Setting
<LI><a href="#[72]">&gt;&gt;</a>&nbsp;&nbsp;&nbsp;delay
<LI><a href="#[74]">&gt;&gt;</a>&nbsp;&nbsp;&nbsp;WIZCHIP_WRITE
<LI><a href="#[75]">&gt;&gt;</a>&nbsp;&nbsp;&nbsp;WIZCHIP_READ
<LI><a href="#[5e]">&gt;&gt;</a>&nbsp;&nbsp;&nbsp;GetSystemClock
<LI><a href="#[25]">&gt;&gt;</a>&nbsp;&nbsp;&nbsp;SystemInit
<LI><a href="#[54]">&gt;&gt;</a>&nbsp;&nbsp;&nbsp;__aeabi_uidivmod
</UL>
<BR>[Called By]<UL><LI><a href="#[45]">&gt;&gt;</a>&nbsp;&nbsp;&nbsp;__rt_entry_main
</UL>

<P><STRONG><a name="[7e]"></a>TimingDelay_Decrement</STRONG> (Thumb, 16 bytes, Stack size 0 bytes, main.o(.text))
<BR><BR>[Called By]<UL><LI><a href="#[a]">&gt;&gt;</a>&nbsp;&nbsp;&nbsp;SysTick_Handler
</UL>

<P><STRONG><a name="[34]"></a>fputc</STRONG> (Thumb, 12 bytes, Stack size 8 bytes, retarget.o(.text))
<BR><BR>[Stack]<UL><LI>Max Depth = 8<LI>Call Chain = fputc
</UL>
<BR>[Calls]<UL><LI><a href="#[61]">&gt;&gt;</a>&nbsp;&nbsp;&nbsp;UartPutc
</UL>
<BR>[Address Reference Count : 1]<UL><LI> _printf_char_file.o(.text)
</UL>
<P><STRONG><a name="[7c]"></a>fgetc</STRONG> (Thumb, 20 bytes, Stack size 8 bytes, retarget.o(.text), UNUSED)
<BR><BR>[Calls]<UL><LI><a href="#[62]">&gt;&gt;</a>&nbsp;&nbsp;&nbsp;UartGetc
<LI><a href="#[61]">&gt;&gt;</a>&nbsp;&nbsp;&nbsp;UartPutc
</UL>

<P><STRONG><a name="[e8]"></a>ferror</STRONG> (Thumb, 6 bytes, Stack size 0 bytes, retarget.o(.text))
<BR><BR>[Called By]<UL><LI><a href="#[ca]">&gt;&gt;</a>&nbsp;&nbsp;&nbsp;_printf_char_file
</UL>

<P><STRONG><a name="[7d]"></a>_ttywrch</STRONG> (Thumb, 12 bytes, Stack size 8 bytes, retarget.o(.text), UNUSED)
<BR><BR>[Calls]<UL><LI><a href="#[61]">&gt;&gt;</a>&nbsp;&nbsp;&nbsp;UartPutc
</UL>

<P><STRONG><a name="[4b]"></a>_sys_exit</STRONG> (Thumb, 2 bytes, Stack size 0 bytes, retarget.o(.text))
<BR><BR>[Calls]<UL><LI><a href="#[4b]">&gt;&gt;</a>&nbsp;&nbsp;&nbsp;_sys_exit
</UL>
<BR>[Called By]<UL><LI><a href="#[4b]">&gt;&gt;</a>&nbsp;&nbsp;&nbsp;_sys_exit
<LI><a href="#[4a]">&gt;&gt;</a>&nbsp;&nbsp;&nbsp;__rt_exit_exit
</UL>

<P><STRONG><a name="[6]"></a>NMI_Handler</STRONG> (Thumb, 2 bytes, Stack size 0 bytes, w7500x_it.o(.text))
<BR>[Address Reference Count : 1]<UL><LI> startup_w7500x.o(RESET)
</UL>
<P><STRONG><a name="[7]"></a>HardFault_Handler</STRONG> (Thumb, 2 bytes, Stack size 0 bytes, w7500x_it.o(.text))
<BR>[Address Reference Count : 1]<UL><LI> startup_w7500x.o(RESET)
</UL>
<P><STRONG><a name="[8]"></a>SVC_Handler</STRONG> (Thumb, 2 bytes, Stack size 0 bytes, w7500x_it.o(.text))
<BR>[Address Reference Count : 1]<UL><LI> startup_w7500x.o(RESET)
</UL>
<P><STRONG><a name="[9]"></a>PendSV_Handler</STRONG> (Thumb, 2 bytes, Stack size 0 bytes, w7500x_it.o(.text))
<BR>[Address Reference Count : 1]<UL><LI> startup_w7500x.o(RESET)
</UL>
<P><STRONG><a name="[a]"></a>SysTick_Handler</STRONG> (Thumb, 8 bytes, Stack size 8 bytes, w7500x_it.o(.text))
<BR><BR>[Stack]<UL><LI>Max Depth = 8<LI>Call Chain = SysTick_Handler
</UL>
<BR>[Calls]<UL><LI><a href="#[7e]">&gt;&gt;</a>&nbsp;&nbsp;&nbsp;TimingDelay_Decrement
</UL>
<BR>[Address Reference Count : 1]<UL><LI> startup_w7500x.o(RESET)
</UL>
<P><STRONG><a name="[b]"></a>SSP0_Handler</STRONG> (Thumb, 2 bytes, Stack size 0 bytes, w7500x_it.o(.text))
<BR>[Address Reference Count : 1]<UL><LI> startup_w7500x.o(RESET)
</UL>
<P><STRONG><a name="[c]"></a>SSP1_Handler</STRONG> (Thumb, 2 bytes, Stack size 0 bytes, w7500x_it.o(.text))
<BR>[Address Reference Count : 1]<UL><LI> startup_w7500x.o(RESET)
</UL>
<P><STRONG><a name="[d]"></a>UART0_Handler</STRONG> (Thumb, 2 bytes, Stack size 0 bytes, w7500x_it.o(.text))
<BR>[Address Reference Count : 1]<UL><LI> startup_w7500x.o(RESET)
</UL>
<P><STRONG><a name="[e]"></a>UART1_Handler</STRONG> (Thumb, 2 bytes, Stack size 0 bytes, w7500x_it.o(.text))
<BR>[Address Reference Count : 1]<UL><LI> startup_w7500x.o(RESET)
</UL>
<P><STRONG><a name="[f]"></a>UART2_Handler</STRONG> (Thumb, 2 bytes, Stack size 0 bytes, w7500x_it.o(.text))
<BR>[Address Reference Count : 1]<UL><LI> startup_w7500x.o(RESET)
</UL>
<P><STRONG><a name="[12]"></a>PORT0_Handler</STRONG> (Thumb, 2 bytes, Stack size 0 bytes, w7500x_it.o(.text))
<BR>[Address Reference Count : 1]<UL><LI> startup_w7500x.o(RESET)
</UL>
<P><STRONG><a name="[13]"></a>PORT1_Handler</STRONG> (Thumb, 2 bytes, Stack size 0 bytes, w7500x_it.o(.text))
<BR>[Address Reference Count : 1]<UL><LI> startup_w7500x.o(RESET)
</UL>
<P><STRONG><a name="[14]"></a>PORT2_Handler</STRONG> (Thumb, 2 bytes, Stack size 0 bytes, w7500x_it.o(.text))
<BR>[Address Reference Count : 1]<UL><LI> startup_w7500x.o(RESET)
</UL>
<P><STRONG><a name="[15]"></a>PORT3_Handler</STRONG> (Thumb, 2 bytes, Stack size 0 bytes, w7500x_it.o(.text))
<BR>[Address Reference Count : 1]<UL><LI> startup_w7500x.o(RESET)
</UL>
<P><STRONG><a name="[16]"></a>DMA_Handler</STRONG> (Thumb, 2 bytes, Stack size 0 bytes, w7500x_it.o(.text))
<BR>[Address Reference Count : 1]<UL><LI> startup_w7500x.o(RESET)
</UL>
<P><STRONG><a name="[17]"></a>DUALTIMER0_Handler</STRONG> (Thumb, 2 bytes, Stack size 0 bytes, w7500x_it.o(.text))
<BR>[Address Reference Count : 1]<UL><LI> startup_w7500x.o(RESET)
</UL>
<P><STRONG><a name="[18]"></a>DUALTIMER1_Handler</STRONG> (Thumb, 2 bytes, Stack size 0 bytes, w7500x_it.o(.text))
<BR>[Address Reference Count : 1]<UL><LI> startup_w7500x.o(RESET)
</UL>
<P><STRONG><a name="[19]"></a>PWM0_Handler</STRONG> (Thumb, 2 bytes, Stack size 0 bytes, w7500x_it.o(.text))
<BR>[Address Reference Count : 1]<UL><LI> startup_w7500x.o(RESET)
</UL>
<P><STRONG><a name="[1a]"></a>PWM1_Handler</STRONG> (Thumb, 2 bytes, Stack size 0 bytes, w7500x_it.o(.text))
<BR>[Address Reference Count : 1]<UL><LI> startup_w7500x.o(RESET)
</UL>
<P><STRONG><a name="[1b]"></a>PWM2_Handler</STRONG> (Thumb, 2 bytes, Stack size 0 bytes, w7500x_it.o(.text))
<BR>[Address Reference Count : 1]<UL><LI> startup_w7500x.o(RESET)
</UL>
<P><STRONG><a name="[1c]"></a>PWM3_Handler</STRONG> (Thumb, 2 bytes, Stack size 0 bytes, w7500x_it.o(.text))
<BR>[Address Reference Count : 1]<UL><LI> startup_w7500x.o(RESET)
</UL>
<P><STRONG><a name="[1d]"></a>PWM4_Handler</STRONG> (Thumb, 2 bytes, Stack size 0 bytes, w7500x_it.o(.text))
<BR>[Address Reference Count : 1]<UL><LI> startup_w7500x.o(RESET)
</UL>
<P><STRONG><a name="[1e]"></a>PWM5_Handler</STRONG> (Thumb, 2 bytes, Stack size 0 bytes, w7500x_it.o(.text))
<BR>[Address Reference Count : 1]<UL><LI> startup_w7500x.o(RESET)
</UL>
<P><STRONG><a name="[1f]"></a>PWM6_Handler</STRONG> (Thumb, 2 bytes, Stack size 0 bytes, w7500x_it.o(.text))
<BR>[Address Reference Count : 1]<UL><LI> startup_w7500x.o(RESET)
</UL>
<P><STRONG><a name="[20]"></a>PWM7_Handler</STRONG> (Thumb, 2 bytes, Stack size 0 bytes, w7500x_it.o(.text))
<BR>[Address Reference Count : 1]<UL><LI> startup_w7500x.o(RESET)
</UL>
<P><STRONG><a name="[22]"></a>ADC_Handler</STRONG> (Thumb, 2 bytes, Stack size 0 bytes, w7500x_it.o(.text))
<BR>[Address Reference Count : 1]<UL><LI> startup_w7500x.o(RESET)
</UL>
<P><STRONG><a name="[23]"></a>WZTOE_Handler</STRONG> (Thumb, 2 bytes, Stack size 0 bytes, w7500x_it.o(.text))
<BR>[Address Reference Count : 1]<UL><LI> startup_w7500x.o(RESET)
</UL>
<P><STRONG><a name="[24]"></a>EXTI_Handler</STRONG> (Thumb, 2 bytes, Stack size 0 bytes, w7500x_it.o(.text))
<BR>[Address Reference Count : 1]<UL><LI> startup_w7500x.o(RESET)
</UL>
<P><STRONG><a name="[7f]"></a>close</STRONG> (Thumb, 96 bytes, Stack size 16 bytes, socket.o(.text))
<BR><BR>[Stack]<UL><LI>Max Depth = 16<LI>Call Chain = close
</UL>
<BR>[Calls]<UL><LI><a href="#[74]">&gt;&gt;</a>&nbsp;&nbsp;&nbsp;WIZCHIP_WRITE
<LI><a href="#[75]">&gt;&gt;</a>&nbsp;&nbsp;&nbsp;WIZCHIP_READ
</UL>
<BR>[Called By]<UL><LI><a href="#[c8]">&gt;&gt;</a>&nbsp;&nbsp;&nbsp;loopback_tcpc
<LI><a href="#[87]">&gt;&gt;</a>&nbsp;&nbsp;&nbsp;recvfrom
<LI><a href="#[85]">&gt;&gt;</a>&nbsp;&nbsp;&nbsp;recv
<LI><a href="#[84]">&gt;&gt;</a>&nbsp;&nbsp;&nbsp;send
<LI><a href="#[83]">&gt;&gt;</a>&nbsp;&nbsp;&nbsp;disconnect
<LI><a href="#[81]">&gt;&gt;</a>&nbsp;&nbsp;&nbsp;listen
<LI><a href="#[80]">&gt;&gt;</a>&nbsp;&nbsp;&nbsp;socket
<LI><a href="#[7b]">&gt;&gt;</a>&nbsp;&nbsp;&nbsp;loopback_tcps
</UL>

<P><STRONG><a name="[80]"></a>socket</STRONG> (Thumb, 214 bytes, Stack size 24 bytes, socket.o(.text))
<BR><BR>[Stack]<UL><LI>Max Depth = 40<LI>Call Chain = socket &rArr; close
</UL>
<BR>[Calls]<UL><LI><a href="#[7f]">&gt;&gt;</a>&nbsp;&nbsp;&nbsp;close
<LI><a href="#[74]">&gt;&gt;</a>&nbsp;&nbsp;&nbsp;WIZCHIP_WRITE
<LI><a href="#[75]">&gt;&gt;</a>&nbsp;&nbsp;&nbsp;WIZCHIP_READ
</UL>
<BR>[Called By]<UL><LI><a href="#[c9]">&gt;&gt;</a>&nbsp;&nbsp;&nbsp;loopback_udps
<LI><a href="#[c8]">&gt;&gt;</a>&nbsp;&nbsp;&nbsp;loopback_tcpc
<LI><a href="#[7b]">&gt;&gt;</a>&nbsp;&nbsp;&nbsp;loopback_tcps
<LI><a href="#[7a]">&gt;&gt;</a>&nbsp;&nbsp;&nbsp;httpServer_run
</UL>

<P><STRONG><a name="[81]"></a>listen</STRONG> (Thumb, 110 bytes, Stack size 16 bytes, socket.o(.text))
<BR><BR>[Stack]<UL><LI>Max Depth = 32<LI>Call Chain = listen &rArr; close
</UL>
<BR>[Calls]<UL><LI><a href="#[7f]">&gt;&gt;</a>&nbsp;&nbsp;&nbsp;close
<LI><a href="#[74]">&gt;&gt;</a>&nbsp;&nbsp;&nbsp;WIZCHIP_WRITE
<LI><a href="#[75]">&gt;&gt;</a>&nbsp;&nbsp;&nbsp;WIZCHIP_READ
</UL>
<BR>[Called By]<UL><LI><a href="#[7b]">&gt;&gt;</a>&nbsp;&nbsp;&nbsp;loopback_tcps
<LI><a href="#[7a]">&gt;&gt;</a>&nbsp;&nbsp;&nbsp;httpServer_run
</UL>

<P><STRONG><a name="[82]"></a>connect</STRONG> (Thumb, 264 bytes, Stack size 32 bytes, socket.o(.text), UNUSED)
<BR><BR>[Calls]<UL><LI><a href="#[74]">&gt;&gt;</a>&nbsp;&nbsp;&nbsp;WIZCHIP_WRITE
<LI><a href="#[75]">&gt;&gt;</a>&nbsp;&nbsp;&nbsp;WIZCHIP_READ
</UL>
<BR>[Called By]<UL><LI><a href="#[c8]">&gt;&gt;</a>&nbsp;&nbsp;&nbsp;loopback_tcpc
</UL>

<P><STRONG><a name="[83]"></a>disconnect</STRONG> (Thumb, 132 bytes, Stack size 16 bytes, socket.o(.text))
<BR><BR>[Stack]<UL><LI>Max Depth = 32<LI>Call Chain = disconnect &rArr; close
</UL>
<BR>[Calls]<UL><LI><a href="#[7f]">&gt;&gt;</a>&nbsp;&nbsp;&nbsp;close
<LI><a href="#[74]">&gt;&gt;</a>&nbsp;&nbsp;&nbsp;WIZCHIP_WRITE
<LI><a href="#[75]">&gt;&gt;</a>&nbsp;&nbsp;&nbsp;WIZCHIP_READ
</UL>
<BR>[Called By]<UL><LI><a href="#[c8]">&gt;&gt;</a>&nbsp;&nbsp;&nbsp;loopback_tcpc
<LI><a href="#[7b]">&gt;&gt;</a>&nbsp;&nbsp;&nbsp;loopback_tcps
<LI><a href="#[7a]">&gt;&gt;</a>&nbsp;&nbsp;&nbsp;httpServer_run
</UL>

<P><STRONG><a name="[84]"></a>send</STRONG> (Thumb, 288 bytes, Stack size 40 bytes, socket.o(.text))
<BR><BR>[Stack]<UL><LI>Max Depth = 72<LI>Call Chain = send &rArr; wiz_send_data &rArr; WIZCHIP_WRITE_BUF
</UL>
<BR>[Calls]<UL><LI><a href="#[7f]">&gt;&gt;</a>&nbsp;&nbsp;&nbsp;close
<LI><a href="#[66]">&gt;&gt;</a>&nbsp;&nbsp;&nbsp;wiz_send_data
<LI><a href="#[74]">&gt;&gt;</a>&nbsp;&nbsp;&nbsp;WIZCHIP_WRITE
<LI><a href="#[75]">&gt;&gt;</a>&nbsp;&nbsp;&nbsp;WIZCHIP_READ
</UL>
<BR>[Called By]<UL><LI><a href="#[c8]">&gt;&gt;</a>&nbsp;&nbsp;&nbsp;loopback_tcpc
<LI><a href="#[b5]">&gt;&gt;</a>&nbsp;&nbsp;&nbsp;send_http_response_cgi
<LI><a href="#[b3]">&gt;&gt;</a>&nbsp;&nbsp;&nbsp;send_http_response_header
<LI><a href="#[b0]">&gt;&gt;</a>&nbsp;&nbsp;&nbsp;send_http_response_body
<LI><a href="#[7b]">&gt;&gt;</a>&nbsp;&nbsp;&nbsp;loopback_tcps
</UL>

<P><STRONG><a name="[85]"></a>recv</STRONG> (Thumb, 206 bytes, Stack size 40 bytes, socket.o(.text))
<BR><BR>[Stack]<UL><LI>Max Depth = 68<LI>Call Chain = recv &rArr; wiz_recv_data &rArr; WIZCHIP_READ_BUF
</UL>
<BR>[Calls]<UL><LI><a href="#[7f]">&gt;&gt;</a>&nbsp;&nbsp;&nbsp;close
<LI><a href="#[68]">&gt;&gt;</a>&nbsp;&nbsp;&nbsp;wiz_recv_data
<LI><a href="#[74]">&gt;&gt;</a>&nbsp;&nbsp;&nbsp;WIZCHIP_WRITE
<LI><a href="#[75]">&gt;&gt;</a>&nbsp;&nbsp;&nbsp;WIZCHIP_READ
</UL>
<BR>[Called By]<UL><LI><a href="#[c8]">&gt;&gt;</a>&nbsp;&nbsp;&nbsp;loopback_tcpc
<LI><a href="#[7b]">&gt;&gt;</a>&nbsp;&nbsp;&nbsp;loopback_tcps
<LI><a href="#[7a]">&gt;&gt;</a>&nbsp;&nbsp;&nbsp;httpServer_run
</UL>

<P><STRONG><a name="[86]"></a>sendto</STRONG> (Thumb, 356 bytes, Stack size 64 bytes, socket.o(.text), UNUSED)
<BR><BR>[Calls]<UL><LI><a href="#[66]">&gt;&gt;</a>&nbsp;&nbsp;&nbsp;wiz_send_data
<LI><a href="#[74]">&gt;&gt;</a>&nbsp;&nbsp;&nbsp;WIZCHIP_WRITE
<LI><a href="#[75]">&gt;&gt;</a>&nbsp;&nbsp;&nbsp;WIZCHIP_READ
</UL>
<BR>[Called By]<UL><LI><a href="#[c9]">&gt;&gt;</a>&nbsp;&nbsp;&nbsp;loopback_udps
</UL>

<P><STRONG><a name="[87]"></a>recvfrom</STRONG> (Thumb, 472 bytes, Stack size 56 bytes, socket.o(.text), UNUSED)
<BR><BR>[Calls]<UL><LI><a href="#[7f]">&gt;&gt;</a>&nbsp;&nbsp;&nbsp;close
<LI><a href="#[88]">&gt;&gt;</a>&nbsp;&nbsp;&nbsp;wiz_recv_ignore
<LI><a href="#[6a]">&gt;&gt;</a>&nbsp;&nbsp;&nbsp;wiz_recv_macraw_data
<LI><a href="#[68]">&gt;&gt;</a>&nbsp;&nbsp;&nbsp;wiz_recv_data
<LI><a href="#[74]">&gt;&gt;</a>&nbsp;&nbsp;&nbsp;WIZCHIP_WRITE
<LI><a href="#[75]">&gt;&gt;</a>&nbsp;&nbsp;&nbsp;WIZCHIP_READ
</UL>
<BR>[Called By]<UL><LI><a href="#[c9]">&gt;&gt;</a>&nbsp;&nbsp;&nbsp;loopback_udps
</UL>

<P><STRONG><a name="[89]"></a>ctlsocket</STRONG> (Thumb, 170 bytes, Stack size 24 bytes, socket.o(.text), UNUSED)
<BR><BR>[Calls]<UL><LI><a href="#[8a]">&gt;&gt;</a>&nbsp;&nbsp;&nbsp;__ARM_common_switch8
<LI><a href="#[74]">&gt;&gt;</a>&nbsp;&nbsp;&nbsp;WIZCHIP_WRITE
<LI><a href="#[75]">&gt;&gt;</a>&nbsp;&nbsp;&nbsp;WIZCHIP_READ
</UL>

<P><STRONG><a name="[8b]"></a>setsockopt</STRONG> (Thumb, 208 bytes, Stack size 24 bytes, socket.o(.text), UNUSED)
<BR><BR>[Calls]<UL><LI><a href="#[8a]">&gt;&gt;</a>&nbsp;&nbsp;&nbsp;__ARM_common_switch8
<LI><a href="#[74]">&gt;&gt;</a>&nbsp;&nbsp;&nbsp;WIZCHIP_WRITE
<LI><a href="#[75]">&gt;&gt;</a>&nbsp;&nbsp;&nbsp;WIZCHIP_READ
</UL>

<P><STRONG><a name="[8c]"></a>getsockopt</STRONG> (Thumb, 234 bytes, Stack size 24 bytes, socket.o(.text), UNUSED)
<BR><BR>[Calls]<UL><LI><a href="#[8a]">&gt;&gt;</a>&nbsp;&nbsp;&nbsp;__ARM_common_switch8
<LI><a href="#[75]">&gt;&gt;</a>&nbsp;&nbsp;&nbsp;WIZCHIP_READ
</UL>

<P><STRONG><a name="[28]"></a>wizchip_cris_enter</STRONG> (Thumb, 2 bytes, Stack size 0 bytes, wizchip_conf.o(.text))
<BR>[Address Reference Count : 2]<UL><LI> wizchip_conf.o(.text)
<LI> wizchip_conf.o(.data)
</UL>
<P><STRONG><a name="[29]"></a>wizchip_cris_exit</STRONG> (Thumb, 2 bytes, Stack size 0 bytes, wizchip_conf.o(.text))
<BR>[Address Reference Count : 2]<UL><LI> wizchip_conf.o(.text)
<LI> wizchip_conf.o(.data)
</UL>
<P><STRONG><a name="[2a]"></a>wizchip_cs_select</STRONG> (Thumb, 2 bytes, Stack size 0 bytes, wizchip_conf.o(.text))
<BR>[Address Reference Count : 2]<UL><LI> wizchip_conf.o(.text)
<LI> wizchip_conf.o(.data)
</UL>
<P><STRONG><a name="[2b]"></a>wizchip_cs_deselect</STRONG> (Thumb, 2 bytes, Stack size 0 bytes, wizchip_conf.o(.text))
<BR>[Address Reference Count : 2]<UL><LI> wizchip_conf.o(.text)
<LI> wizchip_conf.o(.data)
</UL>
<P><STRONG><a name="[2c]"></a>wizchip_bus_readbyte</STRONG> (Thumb, 4 bytes, Stack size 0 bytes, wizchip_conf.o(.text))
<BR>[Address Reference Count : 2]<UL><LI> wizchip_conf.o(.text)
<LI> wizchip_conf.o(.data)
</UL>
<P><STRONG><a name="[2d]"></a>wizchip_bus_writebyte</STRONG> (Thumb, 4 bytes, Stack size 0 bytes, wizchip_conf.o(.text))
<BR>[Address Reference Count : 2]<UL><LI> wizchip_conf.o(.text)
<LI> wizchip_conf.o(.data)
</UL>
<P><STRONG><a name="[2e]"></a>wizchip_spi_readbyte</STRONG> (Thumb, 4 bytes, Stack size 0 bytes, wizchip_conf.o(.text))
<BR>[Address Reference Count : 1]<UL><LI> wizchip_conf.o(.text)
</UL>
<P><STRONG><a name="[2f]"></a>wizchip_spi_writebyte</STRONG> (Thumb, 2 bytes, Stack size 0 bytes, wizchip_conf.o(.text))
<BR>[Address Reference Count : 1]<UL><LI> wizchip_conf.o(.text)
</UL>
<P><STRONG><a name="[13a]"></a>reg_wizchip_cris_cbfunc</STRONG> (Thumb, 26 bytes, Stack size 0 bytes, wizchip_conf.o(.text), UNUSED)

<P><STRONG><a name="[13b]"></a>reg_wizchip_cs_cbfunc</STRONG> (Thumb, 26 bytes, Stack size 0 bytes, wizchip_conf.o(.text), UNUSED)

<P><STRONG><a name="[13c]"></a>reg_wizchip_bus_cbfunc</STRONG> (Thumb, 34 bytes, Stack size 8 bytes, wizchip_conf.o(.text), UNUSED)

<P><STRONG><a name="[13d]"></a>reg_wizchip_spi_cbfunc</STRONG> (Thumb, 34 bytes, Stack size 8 bytes, wizchip_conf.o(.text), UNUSED)

<P><STRONG><a name="[13e]"></a>wizphy_getphylink</STRONG> (Thumb, 6 bytes, Stack size 0 bytes, wizchip_conf.o(.text), UNUSED)

<P><STRONG><a name="[13f]"></a>wizphy_getphypmode</STRONG> (Thumb, 6 bytes, Stack size 0 bytes, wizchip_conf.o(.text), UNUSED)

<P><STRONG><a name="[8d]"></a>wizchip_getinterruptmask</STRONG> (Thumb, 26 bytes, Stack size 8 bytes, wizchip_conf.o(.text), UNUSED)
<BR><BR>[Calls]<UL><LI><a href="#[75]">&gt;&gt;</a>&nbsp;&nbsp;&nbsp;WIZCHIP_READ
</UL>
<BR>[Called By]<UL><LI><a href="#[93]">&gt;&gt;</a>&nbsp;&nbsp;&nbsp;ctlwizchip
</UL>

<P><STRONG><a name="[8e]"></a>wizchip_setinterruptmask</STRONG> (Thumb, 28 bytes, Stack size 8 bytes, wizchip_conf.o(.text), UNUSED)
<BR><BR>[Calls]<UL><LI><a href="#[74]">&gt;&gt;</a>&nbsp;&nbsp;&nbsp;WIZCHIP_WRITE
</UL>
<BR>[Called By]<UL><LI><a href="#[93]">&gt;&gt;</a>&nbsp;&nbsp;&nbsp;ctlwizchip
</UL>

<P><STRONG><a name="[8f]"></a>wizchip_getinterrupt</STRONG> (Thumb, 28 bytes, Stack size 8 bytes, wizchip_conf.o(.text), UNUSED)
<BR><BR>[Calls]<UL><LI><a href="#[75]">&gt;&gt;</a>&nbsp;&nbsp;&nbsp;WIZCHIP_READ
</UL>
<BR>[Called By]<UL><LI><a href="#[93]">&gt;&gt;</a>&nbsp;&nbsp;&nbsp;ctlwizchip
</UL>

<P><STRONG><a name="[90]"></a>wizchip_clrinterrupt</STRONG> (Thumb, 30 bytes, Stack size 8 bytes, wizchip_conf.o(.text), UNUSED)
<BR><BR>[Calls]<UL><LI><a href="#[74]">&gt;&gt;</a>&nbsp;&nbsp;&nbsp;WIZCHIP_WRITE
</UL>
<BR>[Called By]<UL><LI><a href="#[93]">&gt;&gt;</a>&nbsp;&nbsp;&nbsp;ctlwizchip
</UL>

<P><STRONG><a name="[91]"></a>wizchip_sw_reset</STRONG> (Thumb, 332 bytes, Stack size 96 bytes, wizchip_conf.o(.text), UNUSED)
<BR><BR>[Calls]<UL><LI><a href="#[74]">&gt;&gt;</a>&nbsp;&nbsp;&nbsp;WIZCHIP_WRITE
<LI><a href="#[75]">&gt;&gt;</a>&nbsp;&nbsp;&nbsp;WIZCHIP_READ
</UL>
<BR>[Called By]<UL><LI><a href="#[93]">&gt;&gt;</a>&nbsp;&nbsp;&nbsp;ctlwizchip
<LI><a href="#[92]">&gt;&gt;</a>&nbsp;&nbsp;&nbsp;wizchip_init
</UL>

<P><STRONG><a name="[92]"></a>wizchip_init</STRONG> (Thumb, 118 bytes, Stack size 24 bytes, wizchip_conf.o(.text), UNUSED)
<BR><BR>[Calls]<UL><LI><a href="#[91]">&gt;&gt;</a>&nbsp;&nbsp;&nbsp;wizchip_sw_reset
<LI><a href="#[74]">&gt;&gt;</a>&nbsp;&nbsp;&nbsp;WIZCHIP_WRITE
</UL>
<BR>[Called By]<UL><LI><a href="#[93]">&gt;&gt;</a>&nbsp;&nbsp;&nbsp;ctlwizchip
</UL>

<P><STRONG><a name="[93]"></a>ctlwizchip</STRONG> (Thumb, 114 bytes, Stack size 16 bytes, wizchip_conf.o(.text), UNUSED)
<BR><BR>[Calls]<UL><LI><a href="#[92]">&gt;&gt;</a>&nbsp;&nbsp;&nbsp;wizchip_init
<LI><a href="#[91]">&gt;&gt;</a>&nbsp;&nbsp;&nbsp;wizchip_sw_reset
<LI><a href="#[90]">&gt;&gt;</a>&nbsp;&nbsp;&nbsp;wizchip_clrinterrupt
<LI><a href="#[8f]">&gt;&gt;</a>&nbsp;&nbsp;&nbsp;wizchip_getinterrupt
<LI><a href="#[8e]">&gt;&gt;</a>&nbsp;&nbsp;&nbsp;wizchip_setinterruptmask
<LI><a href="#[8d]">&gt;&gt;</a>&nbsp;&nbsp;&nbsp;wizchip_getinterruptmask
<LI><a href="#[8a]">&gt;&gt;</a>&nbsp;&nbsp;&nbsp;__ARM_common_switch8
</UL>

<P><STRONG><a name="[94]"></a>wizchip_gettimeout</STRONG> (Thumb, 24 bytes, Stack size 8 bytes, wizchip_conf.o(.text))
<BR><BR>[Stack]<UL><LI>Max Depth = 8<LI>Call Chain = wizchip_gettimeout
</UL>
<BR>[Calls]<UL><LI><a href="#[75]">&gt;&gt;</a>&nbsp;&nbsp;&nbsp;WIZCHIP_READ
</UL>
<BR>[Called By]<UL><LI><a href="#[9a]">&gt;&gt;</a>&nbsp;&nbsp;&nbsp;ctlnetwork
</UL>

<P><STRONG><a name="[95]"></a>wizchip_settimeout</STRONG> (Thumb, 24 bytes, Stack size 8 bytes, wizchip_conf.o(.text))
<BR><BR>[Stack]<UL><LI>Max Depth = 8<LI>Call Chain = wizchip_settimeout
</UL>
<BR>[Calls]<UL><LI><a href="#[74]">&gt;&gt;</a>&nbsp;&nbsp;&nbsp;WIZCHIP_WRITE
</UL>
<BR>[Called By]<UL><LI><a href="#[9a]">&gt;&gt;</a>&nbsp;&nbsp;&nbsp;ctlnetwork
</UL>

<P><STRONG><a name="[96]"></a>wizchip_getnetmode</STRONG> (Thumb, 10 bytes, Stack size 8 bytes, wizchip_conf.o(.text))
<BR><BR>[Stack]<UL><LI>Max Depth = 8<LI>Call Chain = wizchip_getnetmode
</UL>
<BR>[Calls]<UL><LI><a href="#[75]">&gt;&gt;</a>&nbsp;&nbsp;&nbsp;WIZCHIP_READ
</UL>
<BR>[Called By]<UL><LI><a href="#[9a]">&gt;&gt;</a>&nbsp;&nbsp;&nbsp;ctlnetwork
</UL>

<P><STRONG><a name="[97]"></a>wizchip_setnetmode</STRONG> (Thumb, 38 bytes, Stack size 16 bytes, wizchip_conf.o(.text))
<BR><BR>[Stack]<UL><LI>Max Depth = 16<LI>Call Chain = wizchip_setnetmode
</UL>
<BR>[Calls]<UL><LI><a href="#[74]">&gt;&gt;</a>&nbsp;&nbsp;&nbsp;WIZCHIP_WRITE
<LI><a href="#[75]">&gt;&gt;</a>&nbsp;&nbsp;&nbsp;WIZCHIP_READ
</UL>
<BR>[Called By]<UL><LI><a href="#[9a]">&gt;&gt;</a>&nbsp;&nbsp;&nbsp;ctlnetwork
</UL>

<P><STRONG><a name="[98]"></a>wizchip_getnetinfo</STRONG> (Thumb, 264 bytes, Stack size 8 bytes, wizchip_conf.o(.text))
<BR><BR>[Stack]<UL><LI>Max Depth = 8<LI>Call Chain = wizchip_getnetinfo
</UL>
<BR>[Calls]<UL><LI><a href="#[75]">&gt;&gt;</a>&nbsp;&nbsp;&nbsp;WIZCHIP_READ
</UL>
<BR>[Called By]<UL><LI><a href="#[9a]">&gt;&gt;</a>&nbsp;&nbsp;&nbsp;ctlnetwork
</UL>

<P><STRONG><a name="[99]"></a>wizchip_setnetinfo</STRONG> (Thumb, 210 bytes, Stack size 8 bytes, wizchip_conf.o(.text))
<BR><BR>[Stack]<UL><LI>Max Depth = 8<LI>Call Chain = wizchip_setnetinfo
</UL>
<BR>[Calls]<UL><LI><a href="#[74]">&gt;&gt;</a>&nbsp;&nbsp;&nbsp;WIZCHIP_WRITE
</UL>
<BR>[Called By]<UL><LI><a href="#[9a]">&gt;&gt;</a>&nbsp;&nbsp;&nbsp;ctlnetwork
</UL>

<P><STRONG><a name="[9a]"></a>ctlnetwork</STRONG> (Thumb, 74 bytes, Stack size 8 bytes, wizchip_conf.o(.text))
<BR><BR>[Stack]<UL><LI>Max Depth = 24<LI>Call Chain = ctlnetwork &rArr; wizchip_setnetmode
</UL>
<BR>[Calls]<UL><LI><a href="#[99]">&gt;&gt;</a>&nbsp;&nbsp;&nbsp;wizchip_setnetinfo
<LI><a href="#[98]">&gt;&gt;</a>&nbsp;&nbsp;&nbsp;wizchip_getnetinfo
<LI><a href="#[97]">&gt;&gt;</a>&nbsp;&nbsp;&nbsp;wizchip_setnetmode
<LI><a href="#[96]">&gt;&gt;</a>&nbsp;&nbsp;&nbsp;wizchip_getnetmode
<LI><a href="#[95]">&gt;&gt;</a>&nbsp;&nbsp;&nbsp;wizchip_settimeout
<LI><a href="#[94]">&gt;&gt;</a>&nbsp;&nbsp;&nbsp;wizchip_gettimeout
<LI><a href="#[8a]">&gt;&gt;</a>&nbsp;&nbsp;&nbsp;__ARM_common_switch8
</UL>
<BR>[Called By]<UL><LI><a href="#[ba]">&gt;&gt;</a>&nbsp;&nbsp;&nbsp;make_json_netinfo
</UL>

<P><STRONG><a name="[9b]"></a>unescape_http_url</STRONG> (Thumb, 56 bytes, Stack size 24 bytes, httpparser.o(.text))
<BR><BR>[Stack]<UL><LI>Max Depth = 24<LI>Call Chain = unescape_http_url
</UL>
<BR>[Calls]<UL><LI><a href="#[9c]">&gt;&gt;</a>&nbsp;&nbsp;&nbsp;C2D
</UL>
<BR>[Called By]<UL><LI><a href="#[aa]">&gt;&gt;</a>&nbsp;&nbsp;&nbsp;get_http_param_value
</UL>

<P><STRONG><a name="[9d]"></a>make_http_response_head</STRONG> (Thumb, 176 bytes, Stack size 24 bytes, httpparser.o(.text))
<BR><BR>[Stack]<UL><LI>Max Depth = 152 + Unknown Stack Size
<LI>Call Chain = make_http_response_head &rArr; __2sprintf &rArr; _printf_char_common &rArr; __printf
</UL>
<BR>[Calls]<UL><LI><a href="#[9e]">&gt;&gt;</a>&nbsp;&nbsp;&nbsp;__2sprintf
<LI><a href="#[a0]">&gt;&gt;</a>&nbsp;&nbsp;&nbsp;strcat
<LI><a href="#[9f]">&gt;&gt;</a>&nbsp;&nbsp;&nbsp;strcpy
</UL>
<BR>[Called By]<UL><LI><a href="#[b3]">&gt;&gt;</a>&nbsp;&nbsp;&nbsp;send_http_response_header
</UL>

<P><STRONG><a name="[a1]"></a>find_http_uri_type</STRONG> (Thumb, 1260 bytes, Stack size 16 bytes, httpparser.o(.text))
<BR><BR>[Stack]<UL><LI>Max Depth = 28<LI>Call Chain = find_http_uri_type &rArr; strstr
</UL>
<BR>[Calls]<UL><LI><a href="#[a2]">&gt;&gt;</a>&nbsp;&nbsp;&nbsp;strstr
</UL>
<BR>[Called By]<UL><LI><a href="#[b7]">&gt;&gt;</a>&nbsp;&nbsp;&nbsp;http_process_handler
</UL>

<P><STRONG><a name="[a3]"></a>parse_http_request</STRONG> (Thumb, 152 bytes, Stack size 16 bytes, httpparser.o(.text))
<BR><BR>[Stack]<UL><LI>Max Depth = 60<LI>Call Chain = parse_http_request &rArr; strtok &rArr; __strtok_internal &rArr; strspn
</UL>
<BR>[Calls]<UL><LI><a href="#[a5]">&gt;&gt;</a>&nbsp;&nbsp;&nbsp;strcmp
<LI><a href="#[a6]">&gt;&gt;</a>&nbsp;&nbsp;&nbsp;strncpy
<LI><a href="#[a4]">&gt;&gt;</a>&nbsp;&nbsp;&nbsp;strtok
</UL>
<BR>[Called By]<UL><LI><a href="#[7a]">&gt;&gt;</a>&nbsp;&nbsp;&nbsp;httpServer_run
</UL>

<P><STRONG><a name="[a7]"></a>ATOI</STRONG> (Thumb, 34 bytes, Stack size 16 bytes, httpparser.o(.text))
<BR><BR>[Stack]<UL><LI>Max Depth = 16<LI>Call Chain = ATOI
</UL>
<BR>[Calls]<UL><LI><a href="#[9c]">&gt;&gt;</a>&nbsp;&nbsp;&nbsp;C2D
</UL>
<BR>[Called By]<UL><LI><a href="#[bc]">&gt;&gt;</a>&nbsp;&nbsp;&nbsp;set_LED
<LI><a href="#[ac]">&gt;&gt;</a>&nbsp;&nbsp;&nbsp;inet_addr_
<LI><a href="#[aa]">&gt;&gt;</a>&nbsp;&nbsp;&nbsp;get_http_param_value
</UL>

<P><STRONG><a name="[a8]"></a>mid</STRONG> (Thumb, 50 bytes, Stack size 24 bytes, httpparser.o(.text))
<BR><BR>[Stack]<UL><LI>Max Depth = 48<LI>Call Chain = mid &rArr; strncpy
</UL>
<BR>[Calls]<UL><LI><a href="#[a6]">&gt;&gt;</a>&nbsp;&nbsp;&nbsp;strncpy
<LI><a href="#[a9]">&gt;&gt;</a>&nbsp;&nbsp;&nbsp;strlen
<LI><a href="#[a2]">&gt;&gt;</a>&nbsp;&nbsp;&nbsp;strstr
</UL>
<BR>[Called By]<UL><LI><a href="#[b7]">&gt;&gt;</a>&nbsp;&nbsp;&nbsp;http_process_handler
<LI><a href="#[aa]">&gt;&gt;</a>&nbsp;&nbsp;&nbsp;get_http_param_value
</UL>

<P><STRONG><a name="[aa]"></a>get_http_param_value</STRONG> (Thumb, 160 bytes, Stack size 56 bytes, httpparser.o(.text))
<BR><BR>[Stack]<UL><LI>Max Depth = 104<LI>Call Chain = get_http_param_value &rArr; mid &rArr; strncpy
</UL>
<BR>[Calls]<UL><LI><a href="#[a8]">&gt;&gt;</a>&nbsp;&nbsp;&nbsp;mid
<LI><a href="#[a7]">&gt;&gt;</a>&nbsp;&nbsp;&nbsp;ATOI
<LI><a href="#[9b]">&gt;&gt;</a>&nbsp;&nbsp;&nbsp;unescape_http_url
<LI><a href="#[a6]">&gt;&gt;</a>&nbsp;&nbsp;&nbsp;strncpy
<LI><a href="#[a9]">&gt;&gt;</a>&nbsp;&nbsp;&nbsp;strlen
<LI><a href="#[a2]">&gt;&gt;</a>&nbsp;&nbsp;&nbsp;strstr
</UL>
<BR>[Called By]<UL><LI><a href="#[bc]">&gt;&gt;</a>&nbsp;&nbsp;&nbsp;set_LED
</UL>

<P><STRONG><a name="[ab]"></a>get_http_uri_name</STRONG> (Thumb, 50 bytes, Stack size 16 bytes, httpparser.o(.text))
<BR><BR>[Stack]<UL><LI>Max Depth = 60<LI>Call Chain = get_http_uri_name &rArr; strtok &rArr; __strtok_internal &rArr; strspn
</UL>
<BR>[Calls]<UL><LI><a href="#[a5]">&gt;&gt;</a>&nbsp;&nbsp;&nbsp;strcmp
<LI><a href="#[9f]">&gt;&gt;</a>&nbsp;&nbsp;&nbsp;strcpy
<LI><a href="#[a4]">&gt;&gt;</a>&nbsp;&nbsp;&nbsp;strtok
</UL>
<BR>[Called By]<UL><LI><a href="#[b7]">&gt;&gt;</a>&nbsp;&nbsp;&nbsp;http_process_handler
</UL>

<P><STRONG><a name="[ac]"></a>inet_addr_</STRONG> (Thumb, 64 bytes, Stack size 48 bytes, httpparser.o(.text), UNUSED)
<BR><BR>[Calls]<UL><LI><a href="#[a7]">&gt;&gt;</a>&nbsp;&nbsp;&nbsp;ATOI
<LI><a href="#[9f]">&gt;&gt;</a>&nbsp;&nbsp;&nbsp;strcpy
<LI><a href="#[a4]">&gt;&gt;</a>&nbsp;&nbsp;&nbsp;strtok
</UL>

<P><STRONG><a name="[30]"></a>default_mcu_reset</STRONG> (Thumb, 2 bytes, Stack size 0 bytes, httpserver.o(.text))
<BR>[Address Reference Count : 2]<UL><LI> httpserver.o(.data)
<LI> httpserver.o(.text)
</UL>
<P><STRONG><a name="[31]"></a>default_wdt_reset</STRONG> (Thumb, 2 bytes, Stack size 0 bytes, httpserver.o(.text))
<BR>[Address Reference Count : 2]<UL><LI> httpserver.o(.data)
<LI> httpserver.o(.text)
</UL>
<P><STRONG><a name="[ae]"></a>httpServer_Sockinit</STRONG> (Thumb, 22 bytes, Stack size 8 bytes, httpserver.o(.text))
<BR><BR>[Stack]<UL><LI>Max Depth = 8<LI>Call Chain = httpServer_Sockinit
</UL>
<BR>[Called By]<UL><LI><a href="#[76]">&gt;&gt;</a>&nbsp;&nbsp;&nbsp;httpServer_init
</UL>

<P><STRONG><a name="[76]"></a>httpServer_init</STRONG> (Thumb, 76 bytes, Stack size 40 bytes, httpserver.o(.text))
<BR><BR>[Stack]<UL><LI>Max Depth = 48<LI>Call Chain = httpServer_init &rArr; httpServer_Sockinit
</UL>
<BR>[Calls]<UL><LI><a href="#[ae]">&gt;&gt;</a>&nbsp;&nbsp;&nbsp;httpServer_Sockinit
<LI><a href="#[ad]">&gt;&gt;</a>&nbsp;&nbsp;&nbsp;__aeabi_memclr4
</UL>
<BR>[Called By]<UL><LI><a href="#[46]">&gt;&gt;</a>&nbsp;&nbsp;&nbsp;main
</UL>

<P><STRONG><a name="[77]"></a>reg_httpServer_cbfunc</STRONG> (Thumb, 18 bytes, Stack size 0 bytes, httpserver.o(.text))
<BR><BR>[Called By]<UL><LI><a href="#[46]">&gt;&gt;</a>&nbsp;&nbsp;&nbsp;main
</UL>

<P><STRONG><a name="[af]"></a>read_userReg_webContent</STRONG> (Thumb, 58 bytes, Stack size 16 bytes, httpserver.o(.text))
<BR><BR>[Stack]<UL><LI>Max Depth = 40<LI>Call Chain = read_userReg_webContent &rArr; strncpy
</UL>
<BR>[Calls]<UL><LI><a href="#[a6]">&gt;&gt;</a>&nbsp;&nbsp;&nbsp;strncpy
<LI><a href="#[a9]">&gt;&gt;</a>&nbsp;&nbsp;&nbsp;strlen
</UL>
<BR>[Called By]<UL><LI><a href="#[b0]">&gt;&gt;</a>&nbsp;&nbsp;&nbsp;send_http_response_body
</UL>

<P><STRONG><a name="[140]"></a>get_httpServer_timecount</STRONG> (Thumb, 8 bytes, Stack size 0 bytes, httpserver.o(.text), UNUSED)

<P><STRONG><a name="[b6]"></a>find_userReg_webContent</STRONG> (Thumb, 64 bytes, Stack size 32 bytes, httpserver.o(.text))
<BR><BR>[Stack]<UL><LI>Max Depth = 48<LI>Call Chain = find_userReg_webContent &rArr; strcmp
</UL>
<BR>[Calls]<UL><LI><a href="#[a5]">&gt;&gt;</a>&nbsp;&nbsp;&nbsp;strcmp
</UL>
<BR>[Called By]<UL><LI><a href="#[b7]">&gt;&gt;</a>&nbsp;&nbsp;&nbsp;http_process_handler
</UL>

<P><STRONG><a name="[7a]"></a>httpServer_run</STRONG> (Thumb, 492 bytes, Stack size 64 bytes, httpserver.o(.text))
<BR><BR>[Stack]<UL><LI>Max Depth = 920 + Unknown Stack Size
<LI>Call Chain = httpServer_run &rArr; http_process_handler &rArr; http_get_cgi_handler &rArr; predefined_get_cgi_processor &rArr; make_json_netinfo &rArr; __2sprintf &rArr; _printf_char_common &rArr; __printf
</UL>
<BR>[Calls]<UL><LI><a href="#[71]">&gt;&gt;</a>&nbsp;&nbsp;&nbsp;__2printf
<LI><a href="#[b7]">&gt;&gt;</a>&nbsp;&nbsp;&nbsp;http_process_handler
<LI><a href="#[b0]">&gt;&gt;</a>&nbsp;&nbsp;&nbsp;send_http_response_body
<LI><a href="#[a3]">&gt;&gt;</a>&nbsp;&nbsp;&nbsp;parse_http_request
<LI><a href="#[85]">&gt;&gt;</a>&nbsp;&nbsp;&nbsp;recv
<LI><a href="#[83]">&gt;&gt;</a>&nbsp;&nbsp;&nbsp;disconnect
<LI><a href="#[81]">&gt;&gt;</a>&nbsp;&nbsp;&nbsp;listen
<LI><a href="#[80]">&gt;&gt;</a>&nbsp;&nbsp;&nbsp;socket
<LI><a href="#[74]">&gt;&gt;</a>&nbsp;&nbsp;&nbsp;WIZCHIP_WRITE
<LI><a href="#[75]">&gt;&gt;</a>&nbsp;&nbsp;&nbsp;WIZCHIP_READ
</UL>
<BR>[Called By]<UL><LI><a href="#[46]">&gt;&gt;</a>&nbsp;&nbsp;&nbsp;main
</UL>

<P><STRONG><a name="[141]"></a>httpServer_time_handler</STRONG> (Thumb, 834 bytes, Stack size 0 bytes, httpserver.o(.text), UNUSED)

<P><STRONG><a name="[78]"></a>reg_httpServer_webContent</STRONG> (Thumb, 70 bytes, Stack size 24 bytes, httpserver.o(.text))
<BR><BR>[Stack]<UL><LI>Max Depth = 40<LI>Call Chain = reg_httpServer_webContent &rArr; strcpy
</UL>
<BR>[Calls]<UL><LI><a href="#[a9]">&gt;&gt;</a>&nbsp;&nbsp;&nbsp;strlen
<LI><a href="#[9f]">&gt;&gt;</a>&nbsp;&nbsp;&nbsp;strcpy
</UL>
<BR>[Called By]<UL><LI><a href="#[46]">&gt;&gt;</a>&nbsp;&nbsp;&nbsp;main
</UL>

<P><STRONG><a name="[79]"></a>display_reg_webContent_list</STRONG> (Thumb, 104 bytes, Stack size 24 bytes, httpserver.o(.text))
<BR><BR>[Stack]<UL><LI>Max Depth = 160 + Unknown Stack Size
<LI>Call Chain = display_reg_webContent_list &rArr; __2printf &rArr; _printf_char_file &rArr; _printf_char_common &rArr; __printf
</UL>
<BR>[Calls]<UL><LI><a href="#[71]">&gt;&gt;</a>&nbsp;&nbsp;&nbsp;__2printf
</UL>
<BR>[Called By]<UL><LI><a href="#[46]">&gt;&gt;</a>&nbsp;&nbsp;&nbsp;main
</UL>

<P><STRONG><a name="[ba]"></a>make_json_netinfo</STRONG> (Thumb, 132 bytes, Stack size 120 bytes, httputil.o(.text))
<BR><BR>[Stack]<UL><LI>Max Depth = 248 + Unknown Stack Size
<LI>Call Chain = make_json_netinfo &rArr; __2sprintf &rArr; _printf_char_common &rArr; __printf
</UL>
<BR>[Calls]<UL><LI><a href="#[9e]">&gt;&gt;</a>&nbsp;&nbsp;&nbsp;__2sprintf
<LI><a href="#[9a]">&gt;&gt;</a>&nbsp;&nbsp;&nbsp;ctlnetwork
</UL>
<BR>[Called By]<UL><LI><a href="#[bb]">&gt;&gt;</a>&nbsp;&nbsp;&nbsp;predefined_get_cgi_processor
</UL>

<P><STRONG><a name="[bb]"></a>predefined_get_cgi_processor</STRONG> (Thumb, 44 bytes, Stack size 24 bytes, httputil.o(.text))
<BR><BR>[Stack]<UL><LI>Max Depth = 272 + Unknown Stack Size
<LI>Call Chain = predefined_get_cgi_processor &rArr; make_json_netinfo &rArr; __2sprintf &rArr; _printf_char_common &rArr; __printf
</UL>
<BR>[Calls]<UL><LI><a href="#[ba]">&gt;&gt;</a>&nbsp;&nbsp;&nbsp;make_json_netinfo
<LI><a href="#[a5]">&gt;&gt;</a>&nbsp;&nbsp;&nbsp;strcmp
</UL>
<BR>[Called By]<UL><LI><a href="#[b8]">&gt;&gt;</a>&nbsp;&nbsp;&nbsp;http_get_cgi_handler
</UL>

<P><STRONG><a name="[b8]"></a>http_get_cgi_handler</STRONG> (Thumb, 50 bytes, Stack size 24 bytes, httputil.o(.text))
<BR><BR>[Stack]<UL><LI>Max Depth = 296 + Unknown Stack Size
<LI>Call Chain = http_get_cgi_handler &rArr; predefined_get_cgi_processor &rArr; make_json_netinfo &rArr; __2sprintf &rArr; _printf_char_common &rArr; __printf
</UL>
<BR>[Calls]<UL><LI><a href="#[bb]">&gt;&gt;</a>&nbsp;&nbsp;&nbsp;predefined_get_cgi_processor
<LI><a href="#[a5]">&gt;&gt;</a>&nbsp;&nbsp;&nbsp;strcmp
</UL>
<BR>[Called By]<UL><LI><a href="#[b7]">&gt;&gt;</a>&nbsp;&nbsp;&nbsp;http_process_handler
</UL>

<P><STRONG><a name="[bc]"></a>set_LED</STRONG> (Thumb, 114 bytes, Stack size 16 bytes, httputil.o(.text))
<BR><BR>[Stack]<UL><LI>Max Depth = 120<LI>Call Chain = set_LED &rArr; get_http_param_value &rArr; mid &rArr; strncpy
</UL>
<BR>[Calls]<UL><LI><a href="#[aa]">&gt;&gt;</a>&nbsp;&nbsp;&nbsp;get_http_param_value
<LI><a href="#[a7]">&gt;&gt;</a>&nbsp;&nbsp;&nbsp;ATOI
<LI><a href="#[bd]">&gt;&gt;</a>&nbsp;&nbsp;&nbsp;GPIO_ResetBits
<LI><a href="#[6d]">&gt;&gt;</a>&nbsp;&nbsp;&nbsp;GPIO_SetBits
</UL>
<BR>[Called By]<UL><LI><a href="#[be]">&gt;&gt;</a>&nbsp;&nbsp;&nbsp;predefined_set_cgi_processor
</UL>

<P><STRONG><a name="[be]"></a>predefined_set_cgi_processor</STRONG> (Thumb, 64 bytes, Stack size 40 bytes, httputil.o(.text))
<BR><BR>[Stack]<UL><LI>Max Depth = 168 + Unknown Stack Size
<LI>Call Chain = predefined_set_cgi_processor &rArr; __2sprintf &rArr; _printf_char_common &rArr; __printf
</UL>
<BR>[Calls]<UL><LI><a href="#[9e]">&gt;&gt;</a>&nbsp;&nbsp;&nbsp;__2sprintf
<LI><a href="#[bc]">&gt;&gt;</a>&nbsp;&nbsp;&nbsp;set_LED
<LI><a href="#[a5]">&gt;&gt;</a>&nbsp;&nbsp;&nbsp;strcmp
</UL>
<BR>[Called By]<UL><LI><a href="#[b9]">&gt;&gt;</a>&nbsp;&nbsp;&nbsp;http_post_cgi_handler
</UL>

<P><STRONG><a name="[b9]"></a>http_post_cgi_handler</STRONG> (Thumb, 72 bytes, Stack size 24 bytes, httputil.o(.text))
<BR><BR>[Stack]<UL><LI>Max Depth = 192 + Unknown Stack Size
<LI>Call Chain = http_post_cgi_handler &rArr; predefined_set_cgi_processor &rArr; __2sprintf &rArr; _printf_char_common &rArr; __printf
</UL>
<BR>[Calls]<UL><LI><a href="#[9e]">&gt;&gt;</a>&nbsp;&nbsp;&nbsp;__2sprintf
<LI><a href="#[be]">&gt;&gt;</a>&nbsp;&nbsp;&nbsp;predefined_set_cgi_processor
<LI><a href="#[a5]">&gt;&gt;</a>&nbsp;&nbsp;&nbsp;strcmp
</UL>
<BR>[Called By]<UL><LI><a href="#[b7]">&gt;&gt;</a>&nbsp;&nbsp;&nbsp;http_process_handler
</UL>

<P><STRONG><a name="[bf]"></a>idle_MDIO</STRONG> (Thumb, 42 bytes, Stack size 16 bytes, w7500x_miim.o(.text))
<BR><BR>[Stack]<UL><LI>Max Depth = 24<LI>Call Chain = idle_MDIO &rArr; delay
</UL>
<BR>[Calls]<UL><LI><a href="#[72]">&gt;&gt;</a>&nbsp;&nbsp;&nbsp;delay
<LI><a href="#[bd]">&gt;&gt;</a>&nbsp;&nbsp;&nbsp;GPIO_ResetBits
<LI><a href="#[6d]">&gt;&gt;</a>&nbsp;&nbsp;&nbsp;GPIO_SetBits
</UL>
<BR>[Called By]<UL><LI><a href="#[c5]">&gt;&gt;</a>&nbsp;&nbsp;&nbsp;mdio_write
<LI><a href="#[c4]">&gt;&gt;</a>&nbsp;&nbsp;&nbsp;mdio_read
</UL>

<P><STRONG><a name="[c0]"></a>input_MDIO</STRONG> (Thumb, 60 bytes, Stack size 24 bytes, w7500x_miim.o(.text))
<BR><BR>[Stack]<UL><LI>Max Depth = 32<LI>Call Chain = input_MDIO &rArr; delay
</UL>
<BR>[Calls]<UL><LI><a href="#[72]">&gt;&gt;</a>&nbsp;&nbsp;&nbsp;delay
<LI><a href="#[bd]">&gt;&gt;</a>&nbsp;&nbsp;&nbsp;GPIO_ResetBits
<LI><a href="#[6d]">&gt;&gt;</a>&nbsp;&nbsp;&nbsp;GPIO_SetBits
<LI><a href="#[c1]">&gt;&gt;</a>&nbsp;&nbsp;&nbsp;GPIO_ReadInputDataBit
</UL>
<BR>[Called By]<UL><LI><a href="#[c4]">&gt;&gt;</a>&nbsp;&nbsp;&nbsp;mdio_read
</UL>

<P><STRONG><a name="[c2]"></a>turnaround_MDIO</STRONG> (Thumb, 50 bytes, Stack size 16 bytes, w7500x_miim.o(.text))
<BR><BR>[Stack]<UL><LI>Max Depth = 24<LI>Call Chain = turnaround_MDIO &rArr; delay
</UL>
<BR>[Calls]<UL><LI><a href="#[72]">&gt;&gt;</a>&nbsp;&nbsp;&nbsp;delay
<LI><a href="#[bd]">&gt;&gt;</a>&nbsp;&nbsp;&nbsp;GPIO_ResetBits
<LI><a href="#[6d]">&gt;&gt;</a>&nbsp;&nbsp;&nbsp;GPIO_SetBits
</UL>
<BR>[Called By]<UL><LI><a href="#[c4]">&gt;&gt;</a>&nbsp;&nbsp;&nbsp;mdio_read
</UL>

<P><STRONG><a name="[c3]"></a>output_MDIO</STRONG> (Thumb, 76 bytes, Stack size 32 bytes, w7500x_miim.o(.text))
<BR><BR>[Stack]<UL><LI>Max Depth = 40<LI>Call Chain = output_MDIO &rArr; delay
</UL>
<BR>[Calls]<UL><LI><a href="#[72]">&gt;&gt;</a>&nbsp;&nbsp;&nbsp;delay
<LI><a href="#[bd]">&gt;&gt;</a>&nbsp;&nbsp;&nbsp;GPIO_ResetBits
<LI><a href="#[6d]">&gt;&gt;</a>&nbsp;&nbsp;&nbsp;GPIO_SetBits
</UL>
<BR>[Called By]<UL><LI><a href="#[c5]">&gt;&gt;</a>&nbsp;&nbsp;&nbsp;mdio_write
<LI><a href="#[c4]">&gt;&gt;</a>&nbsp;&nbsp;&nbsp;mdio_read
</UL>

<P><STRONG><a name="[c4]"></a>mdio_read</STRONG> (Thumb, 84 bytes, Stack size 24 bytes, w7500x_miim.o(.text))
<BR><BR>[Stack]<UL><LI>Max Depth = 160 + Unknown Stack Size
<LI>Call Chain = mdio_read &rArr; __2printf &rArr; _printf_char_file &rArr; _printf_char_common &rArr; __printf
</UL>
<BR>[Calls]<UL><LI><a href="#[71]">&gt;&gt;</a>&nbsp;&nbsp;&nbsp;__2printf
<LI><a href="#[c3]">&gt;&gt;</a>&nbsp;&nbsp;&nbsp;output_MDIO
<LI><a href="#[c2]">&gt;&gt;</a>&nbsp;&nbsp;&nbsp;turnaround_MDIO
<LI><a href="#[c0]">&gt;&gt;</a>&nbsp;&nbsp;&nbsp;input_MDIO
<LI><a href="#[bf]">&gt;&gt;</a>&nbsp;&nbsp;&nbsp;idle_MDIO
</UL>
<BR>[Called By]<UL><LI><a href="#[73]">&gt;&gt;</a>&nbsp;&nbsp;&nbsp;link
</UL>

<P><STRONG><a name="[73]"></a>link</STRONG> (Thumb, 18 bytes, Stack size 8 bytes, w7500x_miim.o(.text))
<BR><BR>[Stack]<UL><LI>Max Depth = 168 + Unknown Stack Size
<LI>Call Chain = link &rArr; mdio_read &rArr; __2printf &rArr; _printf_char_file &rArr; _printf_char_common &rArr; __printf
</UL>
<BR>[Calls]<UL><LI><a href="#[c4]">&gt;&gt;</a>&nbsp;&nbsp;&nbsp;mdio_read
</UL>
<BR>[Called By]<UL><LI><a href="#[46]">&gt;&gt;</a>&nbsp;&nbsp;&nbsp;main
</UL>

<P><STRONG><a name="[c5]"></a>mdio_write</STRONG> (Thumb, 76 bytes, Stack size 16 bytes, w7500x_miim.o(.text))
<BR><BR>[Stack]<UL><LI>Max Depth = 56<LI>Call Chain = mdio_write &rArr; output_MDIO &rArr; delay
</UL>
<BR>[Calls]<UL><LI><a href="#[c3]">&gt;&gt;</a>&nbsp;&nbsp;&nbsp;output_MDIO
<LI><a href="#[bf]">&gt;&gt;</a>&nbsp;&nbsp;&nbsp;idle_MDIO
</UL>
<BR>[Called By]<UL><LI><a href="#[c6]">&gt;&gt;</a>&nbsp;&nbsp;&nbsp;set_link
<LI><a href="#[70]">&gt;&gt;</a>&nbsp;&nbsp;&nbsp;PHY_Init
</UL>

<P><STRONG><a name="[c6]"></a>set_link</STRONG> (Thumb, 24 bytes, Stack size 0 bytes, w7500x_miim.o(.text), UNUSED)
<BR><BR>[Calls]<UL><LI><a href="#[c5]">&gt;&gt;</a>&nbsp;&nbsp;&nbsp;mdio_write
</UL>

<P><STRONG><a name="[c7]"></a>mdio_init</STRONG> (Thumb, 54 bytes, Stack size 24 bytes, w7500x_miim.o(.text))
<BR><BR>[Stack]<UL><LI>Max Depth = 44<LI>Call Chain = mdio_init &rArr; PAD_AFConfig
</UL>
<BR>[Calls]<UL><LI><a href="#[4f]">&gt;&gt;</a>&nbsp;&nbsp;&nbsp;PAD_AFConfig
<LI><a href="#[4d]">&gt;&gt;</a>&nbsp;&nbsp;&nbsp;GPIO_StructInit
<LI><a href="#[4e]">&gt;&gt;</a>&nbsp;&nbsp;&nbsp;GPIO_Init
</UL>
<BR>[Called By]<UL><LI><a href="#[70]">&gt;&gt;</a>&nbsp;&nbsp;&nbsp;PHY_Init
</UL>

<P><STRONG><a name="[70]"></a>PHY_Init</STRONG> (Thumb, 46 bytes, Stack size 16 bytes, w7500x_miim.o(.text))
<BR><BR>[Stack]<UL><LI>Max Depth = 72<LI>Call Chain = PHY_Init &rArr; mdio_write &rArr; output_MDIO &rArr; delay
</UL>
<BR>[Calls]<UL><LI><a href="#[c7]">&gt;&gt;</a>&nbsp;&nbsp;&nbsp;mdio_init
<LI><a href="#[c5]">&gt;&gt;</a>&nbsp;&nbsp;&nbsp;mdio_write
</UL>
<BR>[Called By]<UL><LI><a href="#[46]">&gt;&gt;</a>&nbsp;&nbsp;&nbsp;main
</UL>

<P><STRONG><a name="[7b]"></a>loopback_tcps</STRONG> (Thumb, 298 bytes, Stack size 56 bytes, loopback.o(.text))
<BR><BR>[Stack]<UL><LI>Max Depth = 192 + Unknown Stack Size
<LI>Call Chain = loopback_tcps &rArr; __2printf &rArr; _printf_char_file &rArr; _printf_char_common &rArr; __printf
</UL>
<BR>[Calls]<UL><LI><a href="#[71]">&gt;&gt;</a>&nbsp;&nbsp;&nbsp;__2printf
<LI><a href="#[85]">&gt;&gt;</a>&nbsp;&nbsp;&nbsp;recv
<LI><a href="#[84]">&gt;&gt;</a>&nbsp;&nbsp;&nbsp;send
<LI><a href="#[83]">&gt;&gt;</a>&nbsp;&nbsp;&nbsp;disconnect
<LI><a href="#[81]">&gt;&gt;</a>&nbsp;&nbsp;&nbsp;listen
<LI><a href="#[80]">&gt;&gt;</a>&nbsp;&nbsp;&nbsp;socket
<LI><a href="#[7f]">&gt;&gt;</a>&nbsp;&nbsp;&nbsp;close
<LI><a href="#[74]">&gt;&gt;</a>&nbsp;&nbsp;&nbsp;WIZCHIP_WRITE
<LI><a href="#[75]">&gt;&gt;</a>&nbsp;&nbsp;&nbsp;WIZCHIP_READ
</UL>
<BR>[Called By]<UL><LI><a href="#[46]">&gt;&gt;</a>&nbsp;&nbsp;&nbsp;main
</UL>

<P><STRONG><a name="[c8]"></a>loopback_tcpc</STRONG> (Thumb, 252 bytes, Stack size 48 bytes, loopback.o(.text), UNUSED)
<BR><BR>[Calls]<UL><LI><a href="#[71]">&gt;&gt;</a>&nbsp;&nbsp;&nbsp;__2printf
<LI><a href="#[85]">&gt;&gt;</a>&nbsp;&nbsp;&nbsp;recv
<LI><a href="#[84]">&gt;&gt;</a>&nbsp;&nbsp;&nbsp;send
<LI><a href="#[83]">&gt;&gt;</a>&nbsp;&nbsp;&nbsp;disconnect
[...]
<BR><BR>[Called By]<UL><LI><a href="#[46]">&gt;&gt;</a>&nbsp;&nbsp;&nbsp;main
<LI><a href="#[6b]">&gt;&gt;</a>&nbsp;&nbsp;&nbsp;SystemCoreClockUpdate
<LI><a href="#[5d]">&gt;&gt;</a>&nbsp;&nbsp;&nbsp;S_UART_SetBaud
<LI><a href="#[53]">&gt;&gt;</a>&nbsp;&nbsp;&nbsp;UART_Init
<LI><a href="#[25]">&gt;&gt;</a>&nbsp;&nbsp;&nbsp;SystemInit
</UL>

<P><STRONG><a name="[148]"></a>__aeabi_idiv</STRONG> (Thumb, 0 bytes, Stack size 8 bytes, aeabi_sdiv.o(.text), UNUSED)

<P><STRONG><a name="[149]"></a>__aeabi_idivmod</STRONG> (Thumb, 326 bytes, Stack size 8 bytes, aeabi_sdiv.o(.text), UNUSED)

<P><STRONG><a name="[14a]"></a>__use_two_region_memory</STRONG> (Thumb, 2 bytes, Stack size 0 bytes, heapauxi.o(.text), UNUSED)

<P><STRONG><a name="[14b]"></a>__rt_heap_escrow$2region</STRONG> (Thumb, 2 bytes, Stack size 0 bytes, heapauxi.o(.text), UNUSED)

<P><STRONG><a name="[14c]"></a>__rt_heap_expand$2region</STRONG> (Thumb, 2 bytes, Stack size 0 bytes, heapauxi.o(.text), UNUSED)

<P><STRONG><a name="[5b]"></a>__aeabi_dadd</STRONG> (Thumb, 0 bytes, Stack size 8 bytes, daddsub.o(.text))
<BR><BR>[Stack]<UL><LI>Max Depth = 8<LI>Call Chain = __aeabi_dadd
</UL>
<BR>[Called By]<UL><LI><a href="#[53]">&gt;&gt;</a>&nbsp;&nbsp;&nbsp;UART_Init
</UL>

<P><STRONG><a name="[dc]"></a>_dadd</STRONG> (Thumb, 26 bytes, Stack size 8 bytes, daddsub.o(.text), UNUSED)
<BR><BR>[Calls]<UL><LI><a href="#[dd]">&gt;&gt;</a>&nbsp;&nbsp;&nbsp;_dsub1
<LI><a href="#[de]">&gt;&gt;</a>&nbsp;&nbsp;&nbsp;_dadd1
</UL>

<P><STRONG><a name="[14d]"></a>__aeabi_dsub</STRONG> (Thumb, 0 bytes, Stack size 8 bytes, daddsub.o(.text), UNUSED)

<P><STRONG><a name="[df]"></a>_dsub</STRONG> (Thumb, 22 bytes, Stack size 8 bytes, daddsub.o(.text), UNUSED)
<BR><BR>[Calls]<UL><LI><a href="#[dd]">&gt;&gt;</a>&nbsp;&nbsp;&nbsp;_dsub1
<LI><a href="#[de]">&gt;&gt;</a>&nbsp;&nbsp;&nbsp;_dadd1
</UL>

<P><STRONG><a name="[14e]"></a>__aeabi_drsub</STRONG> (Thumb, 0 bytes, Stack size 16 bytes, daddsub.o(.text), UNUSED)

<P><STRONG><a name="[e0]"></a>_drsb</STRONG> (Thumb, 28 bytes, Stack size 16 bytes, daddsub.o(.text), UNUSED)
<BR><BR>[Calls]<UL><LI><a href="#[dd]">&gt;&gt;</a>&nbsp;&nbsp;&nbsp;_dsub1
<LI><a href="#[de]">&gt;&gt;</a>&nbsp;&nbsp;&nbsp;_dadd1
</UL>

<P><STRONG><a name="[5c]"></a>__aeabi_d2uiz</STRONG> (Thumb, 0 bytes, Stack size 8 bytes, dfixui.o(.text))
<BR><BR>[Stack]<UL><LI>Max Depth = 8<LI>Call Chain = __aeabi_d2uiz
</UL>
<BR>[Called By]<UL><LI><a href="#[53]">&gt;&gt;</a>&nbsp;&nbsp;&nbsp;UART_Init
</UL>

<P><STRONG><a name="[14f]"></a>_dfixu</STRONG> (Thumb, 68 bytes, Stack size 8 bytes, dfixui.o(.text), UNUSED)

<P><STRONG><a name="[5a]"></a>__aeabi_f2d</STRONG> (Thumb, 0 bytes, Stack size 0 bytes, f2d.o(.text))
<BR><BR>[Called By]<UL><LI><a href="#[53]">&gt;&gt;</a>&nbsp;&nbsp;&nbsp;UART_Init
</UL>

<P><STRONG><a name="[150]"></a>_f2d</STRONG> (Thumb, 80 bytes, Stack size 0 bytes, f2d.o(.text), UNUSED)

<P><STRONG><a name="[56]"></a>__aeabi_fdiv</STRONG> (Thumb, 0 bytes, Stack size 20 bytes, fdiv.o(.text))
<BR><BR>[Stack]<UL><LI>Max Depth = 20<LI>Call Chain = __aeabi_fdiv
</UL>
<BR>[Called By]<UL><LI><a href="#[53]">&gt;&gt;</a>&nbsp;&nbsp;&nbsp;UART_Init
</UL>

<P><STRONG><a name="[e2]"></a>_fdiv</STRONG> (Thumb, 334 bytes, Stack size 20 bytes, fdiv.o(.text), UNUSED)
<BR><BR>[Called By]<UL><LI><a href="#[e1]">&gt;&gt;</a>&nbsp;&nbsp;&nbsp;_frdiv
</UL>

<P><STRONG><a name="[e1]"></a>_frdiv</STRONG> (Thumb, 8 bytes, Stack size 0 bytes, fdiv.o(.text), UNUSED)
<BR><BR>[Calls]<UL><LI><a href="#[e2]">&gt;&gt;</a>&nbsp;&nbsp;&nbsp;_fdiv
</UL>

<P><STRONG><a name="[57]"></a>__aeabi_f2uiz</STRONG> (Thumb, 0 bytes, Stack size 0 bytes, ffixui.o(.text))
<BR><BR>[Called By]<UL><LI><a href="#[53]">&gt;&gt;</a>&nbsp;&nbsp;&nbsp;UART_Init
</UL>

<P><STRONG><a name="[151]"></a>_ffixu</STRONG> (Thumb, 48 bytes, Stack size 0 bytes, ffixui.o(.text), UNUSED)

<P><STRONG><a name="[e4]"></a>__aeabi_i2f_normalise</STRONG> (Thumb, 72 bytes, Stack size 0 bytes, fflti.o(.text))
<BR><BR>[Called By]<UL><LI><a href="#[55]">&gt;&gt;</a>&nbsp;&nbsp;&nbsp;__aeabi_ui2f
<LI><a href="#[e3]">&gt;&gt;</a>&nbsp;&nbsp;&nbsp;__aeabi_i2f
</UL>

<P><STRONG><a name="[e3]"></a>__aeabi_i2f</STRONG> (Thumb, 16 bytes, Stack size 0 bytes, fflti.o(.text), UNUSED)
<BR><BR>[Calls]<UL><LI><a href="#[e4]">&gt;&gt;</a>&nbsp;&nbsp;&nbsp;__aeabi_i2f_normalise
</UL>

<P><STRONG><a name="[152]"></a>_fflt</STRONG> (Thumb, 0 bytes, Stack size 0 bytes, fflti.o(.text), UNUSED)

<P><STRONG><a name="[55]"></a>__aeabi_ui2f</STRONG> (Thumb, 6 bytes, Stack size 0 bytes, fflti.o(.text))
<BR><BR>[Calls]<UL><LI><a href="#[e4]">&gt;&gt;</a>&nbsp;&nbsp;&nbsp;__aeabi_i2f_normalise
</UL>
<BR>[Called By]<UL><LI><a href="#[53]">&gt;&gt;</a>&nbsp;&nbsp;&nbsp;UART_Init
</UL>

<P><STRONG><a name="[153]"></a>_ffltu</STRONG> (Thumb, 0 bytes, Stack size 0 bytes, fflti.o(.text), UNUSED)

<P><STRONG><a name="[59]"></a>__ARM_scalbnf</STRONG> (Thumb, 64 bytes, Stack size 8 bytes, fscalbn.o(.text))
<BR><BR>[Stack]<UL><LI>Max Depth = 8<LI>Call Chain = __ARM_scalbnf
</UL>
<BR>[Called By]<UL><LI><a href="#[53]">&gt;&gt;</a>&nbsp;&nbsp;&nbsp;UART_Init
</UL>

<P><STRONG><a name="[d2]"></a>_printf_int_common</STRONG> (Thumb, 176 bytes, Stack size 40 bytes, _printf_intcommon.o(.text))
<BR><BR>[Stack]<UL><LI>Max Depth = 40<LI>Call Chain = _printf_int_common
</UL>
<BR>[Calls]<UL><LI><a href="#[cd]">&gt;&gt;</a>&nbsp;&nbsp;&nbsp;_printf_pre_padding (Weak Reference)
<LI><a href="#[ce]">&gt;&gt;</a>&nbsp;&nbsp;&nbsp;_printf_post_padding (Weak Reference)
</UL>
<BR>[Called By]<UL><LI><a href="#[3e]">&gt;&gt;</a>&nbsp;&nbsp;&nbsp;_printf_int_hex
<LI><a href="#[3c]">&gt;&gt;</a>&nbsp;&nbsp;&nbsp;_printf_int_dec
</UL>

<P><STRONG><a name="[cb]"></a>_printf_char_common</STRONG> (Thumb, 32 bytes, Stack size 64 bytes, _printf_char_common.o(.text))
<BR><BR>[Stack]<UL><LI>Max Depth = 96 + Unknown Stack Size
<LI>Call Chain = _printf_char_common &rArr; __printf
</UL>
<BR>[Calls]<UL><LI><a href="#[d3]">&gt;&gt;</a>&nbsp;&nbsp;&nbsp;__printf
</UL>
<BR>[Called By]<UL><LI><a href="#[9e]">&gt;&gt;</a>&nbsp;&nbsp;&nbsp;__2sprintf
<LI><a href="#[ca]">&gt;&gt;</a>&nbsp;&nbsp;&nbsp;_printf_char_file
</UL>

<P><STRONG><a name="[32]"></a>_sputc</STRONG> (Thumb, 10 bytes, Stack size 0 bytes, _sputc.o(.text))
<BR><BR>[Called By]<UL><LI><a href="#[9e]">&gt;&gt;</a>&nbsp;&nbsp;&nbsp;__2sprintf
</UL>
<BR>[Address Reference Count : 1]<UL><LI> __2sprintf.o(.text)
</UL>
<P><STRONG><a name="[e5]"></a>_printf_cs_common</STRONG> (Thumb, 22 bytes, Stack size 8 bytes, _printf_char.o(.text))
<BR><BR>[Stack]<UL><LI>Max Depth = 24<LI>Call Chain = _printf_cs_common &rArr; _printf_str
</UL>
<BR>[Calls]<UL><LI><a href="#[cc]">&gt;&gt;</a>&nbsp;&nbsp;&nbsp;_printf_str
<LI><a href="#[e6]">&gt;&gt;</a>&nbsp;&nbsp;&nbsp;_printf_mbtowc (Weak Reference)
</UL>
<BR>[Called By]<UL><LI><a href="#[40]">&gt;&gt;</a>&nbsp;&nbsp;&nbsp;_printf_string
<LI><a href="#[e7]">&gt;&gt;</a>&nbsp;&nbsp;&nbsp;_printf_char
</UL>

<P><STRONG><a name="[e7]"></a>_printf_char</STRONG> (Thumb, 16 bytes, Stack size 0 bytes, _printf_char.o(.text), UNUSED)
<BR><BR>[Calls]<UL><LI><a href="#[e5]">&gt;&gt;</a>&nbsp;&nbsp;&nbsp;_printf_cs_common
</UL>

<P><STRONG><a name="[40]"></a>_printf_string</STRONG> (Thumb, 8 bytes, Stack size 0 bytes, _printf_char.o(.text))
<BR><BR>[Stack]<UL><LI>Max Depth = 24<LI>Call Chain = _printf_string &rArr; _printf_cs_common &rArr; _printf_str
</UL>
<BR>[Calls]<UL><LI><a href="#[e5]">&gt;&gt;</a>&nbsp;&nbsp;&nbsp;_printf_cs_common
</UL>
<BR>[Called By]<UL><LI><a href="#[3d]">&gt;&gt;</a>&nbsp;&nbsp;&nbsp;_printf_s
</UL>

<P><STRONG><a name="[ca]"></a>_printf_char_file</STRONG> (Thumb, 34 bytes, Stack size 16 bytes, _printf_char_file.o(.text))
<BR><BR>[Stack]<UL><LI>Max Depth = 112 + Unknown Stack Size
<LI>Call Chain = _printf_char_file &rArr; _printf_char_common &rArr; __printf
</UL>
<BR>[Calls]<UL><LI><a href="#[e8]">&gt;&gt;</a>&nbsp;&nbsp;&nbsp;ferror
<LI><a href="#[cb]">&gt;&gt;</a>&nbsp;&nbsp;&nbsp;_printf_char_common
</UL>
<BR>[Called By]<UL><LI><a href="#[71]">&gt;&gt;</a>&nbsp;&nbsp;&nbsp;__2printf
</UL>

<P><STRONG><a name="[d6]"></a>__strtok_internal</STRONG> (Thumb, 66 bytes, Stack size 24 bytes, strtok_int.o(.text))
<BR><BR>[Stack]<UL><LI>Max Depth = 36<LI>Call Chain = __strtok_internal &rArr; strspn
</UL>
<BR>[Calls]<UL><LI><a href="#[e9]">&gt;&gt;</a>&nbsp;&nbsp;&nbsp;strspn
<LI><a href="#[ea]">&gt;&gt;</a>&nbsp;&nbsp;&nbsp;strcspn
</UL>
<BR>[Called By]<UL><LI><a href="#[a4]">&gt;&gt;</a>&nbsp;&nbsp;&nbsp;strtok
</UL>

<P><STRONG><a name="[d1]"></a>__rt_udiv10</STRONG> (Thumb, 40 bytes, Stack size 0 bytes, rtudiv10.o(.text))
<BR><BR>[Called By]<UL><LI><a href="#[3c]">&gt;&gt;</a>&nbsp;&nbsp;&nbsp;_printf_int_dec
</UL>

<P><STRONG><a name="[ea]"></a>strcspn</STRONG> (Thumb, 34 bytes, Stack size 12 bytes, strcspn.o(.text))
<BR><BR>[Stack]<UL><LI>Max Depth = 12<LI>Call Chain = strcspn
</UL>
<BR>[Called By]<UL><LI><a href="#[d6]">&gt;&gt;</a>&nbsp;&nbsp;&nbsp;__strtok_internal
</UL>

<P><STRONG><a name="[e9]"></a>strspn</STRONG> (Thumb, 32 bytes, Stack size 12 bytes, strspn.o(.text))
<BR><BR>[Stack]<UL><LI>Max Depth = 12<LI>Call Chain = strspn
</UL>
<BR>[Called By]<UL><LI><a href="#[d6]">&gt;&gt;</a>&nbsp;&nbsp;&nbsp;__strtok_internal
</UL>

<P><STRONG><a name="[42]"></a>__user_setup_stackheap</STRONG> (Thumb, 62 bytes, Stack size 8 bytes, sys_stackheap_outer.o(.text))
<BR><BR>[Stack]<UL><LI>Max Depth = 8<LI>Call Chain = __user_setup_stackheap
</UL>
<BR>[Calls]<UL><LI><a href="#[ec]">&gt;&gt;</a>&nbsp;&nbsp;&nbsp;__user_initial_stackheap
<LI><a href="#[eb]">&gt;&gt;</a>&nbsp;&nbsp;&nbsp;__user_perproc_libspace
</UL>
<BR>[Called By]<UL><LI><a href="#[41]">&gt;&gt;</a>&nbsp;&nbsp;&nbsp;__rt_entry_sh
</UL>

<P><STRONG><a name="[47]"></a>exit</STRONG> (Thumb, 16 bytes, Stack size 8 bytes, exit.o(.text))
<BR><BR>[Stack]<UL><LI>Max Depth = 8 + Unknown Stack Size
<LI>Call Chain = exit
</UL>
<BR>[Calls]<UL><LI><a href="#[ee]">&gt;&gt;</a>&nbsp;&nbsp;&nbsp;__rt_exit
<LI><a href="#[ed]">&gt;&gt;</a>&nbsp;&nbsp;&nbsp;_call_atexit_fns (Weak Reference)
</UL>
<BR>[Called By]<UL><LI><a href="#[45]">&gt;&gt;</a>&nbsp;&nbsp;&nbsp;__rt_entry_main
</UL>

<P><STRONG><a name="[154]"></a>__user_libspace</STRONG> (Thumb, 8 bytes, Stack size 0 bytes, libspace.o(.text), UNUSED)

<P><STRONG><a name="[eb]"></a>__user_perproc_libspace</STRONG> (Thumb, 0 bytes, Stack size 0 bytes, libspace.o(.text))
<BR><BR>[Called By]<UL><LI><a href="#[42]">&gt;&gt;</a>&nbsp;&nbsp;&nbsp;__user_setup_stackheap
</UL>

<P><STRONG><a name="[155]"></a>__user_perthread_libspace</STRONG> (Thumb, 0 bytes, Stack size 0 bytes, libspace.o(.text), UNUSED)

<P><STRONG><a name="[8a]"></a>__ARM_common_switch8</STRONG> (Thumb, 26 bytes, Stack size 8 bytes, socket.o(i.__ARM_common_switch8))
<BR><BR>[Stack]<UL><LI>Max Depth = 8<LI>Call Chain = __ARM_common_switch8
</UL>
<BR>[Called By]<UL><LI><a href="#[9a]">&gt;&gt;</a>&nbsp;&nbsp;&nbsp;ctlnetwork
<LI><a href="#[93]">&gt;&gt;</a>&nbsp;&nbsp;&nbsp;ctlwizchip
<LI><a href="#[8c]">&gt;&gt;</a>&nbsp;&nbsp;&nbsp;getsockopt
<LI><a href="#[8b]">&gt;&gt;</a>&nbsp;&nbsp;&nbsp;setsockopt
<LI><a href="#[89]">&gt;&gt;</a>&nbsp;&nbsp;&nbsp;ctlsocket
</UL>

<P><STRONG><a name="[d4]"></a>_is_digit</STRONG> (Thumb, 14 bytes, Stack size 0 bytes, __printf_wp.o(i._is_digit))
<BR><BR>[Called By]<UL><LI><a href="#[d3]">&gt;&gt;</a>&nbsp;&nbsp;&nbsp;__printf
</UL>

<P><STRONG><a name="[156]"></a>__aeabi_fadd</STRONG> (Thumb, 0 bytes, Stack size 16 bytes, faddsub.o(x$fpl$fadd), UNUSED)

<P><STRONG><a name="[ef]"></a>_fadd</STRONG> (Thumb, 134 bytes, Stack size 16 bytes, faddsub.o(x$fpl$fadd), UNUSED)
<BR><BR>[Calls]<UL><LI><a href="#[f0]">&gt;&gt;</a>&nbsp;&nbsp;&nbsp;_fsub1
</UL>

<P><STRONG><a name="[58]"></a>__aeabi_frsub</STRONG> (Thumb, 0 bytes, Stack size 16 bytes, faddsub.o(x$fpl$frsb))
<BR><BR>[Stack]<UL><LI>Max Depth = 16<LI>Call Chain = __aeabi_frsub
</UL>
<BR>[Called By]<UL><LI><a href="#[53]">&gt;&gt;</a>&nbsp;&nbsp;&nbsp;UART_Init
</UL>

<P><STRONG><a name="[f1]"></a>_frsb</STRONG> (Thumb, 24 bytes, Stack size 16 bytes, faddsub.o(x$fpl$frsb), UNUSED)
<BR><BR>[Calls]<UL><LI><a href="#[f0]">&gt;&gt;</a>&nbsp;&nbsp;&nbsp;_fsub1
<LI><a href="#[f2]">&gt;&gt;</a>&nbsp;&nbsp;&nbsp;_fadd1
</UL>

<P><STRONG><a name="[157]"></a>__aeabi_fsub</STRONG> (Thumb, 0 bytes, Stack size 16 bytes, faddsub.o(x$fpl$fsub), UNUSED)

<P><STRONG><a name="[f3]"></a>_fsub</STRONG> (Thumb, 204 bytes, Stack size 16 bytes, faddsub.o(x$fpl$fsub), UNUSED)
<BR><BR>[Calls]<UL><LI><a href="#[f2]">&gt;&gt;</a>&nbsp;&nbsp;&nbsp;_fadd1
</UL>
<P>
<H3>
Local Symbols
</H3>
<P><STRONG><a name="[52]"></a>NVIC_EnableIRQ</STRONG> (Thumb, 14 bytes, Stack size 0 bytes, w7500x_gpio.o(.text), UNUSED)
<BR><BR>[Called By]<UL><LI><a href="#[50]">&gt;&gt;</a>&nbsp;&nbsp;&nbsp;GPIO_INT_Configuration
</UL>

<P><STRONG><a name="[27]"></a>NVIC_SystemReset</STRONG> (Thumb, 18 bytes, Stack size 0 bytes, main.o(.text))
<BR>[Address Reference Count : 1]<UL><LI> main.o(.text)
</UL>
<P><STRONG><a name="[9c]"></a>C2D</STRONG> (Thumb, 38 bytes, Stack size 0 bytes, httpparser.o(.text))
<BR><BR>[Called By]<UL><LI><a href="#[a7]">&gt;&gt;</a>&nbsp;&nbsp;&nbsp;ATOI
<LI><a href="#[9b]">&gt;&gt;</a>&nbsp;&nbsp;&nbsp;unescape_http_url
</UL>

<P><STRONG><a name="[b0]"></a>send_http_response_body</STRONG> (Thumb, 228 bytes, Stack size 40 bytes, httpserver.o(.text))
<BR><BR>[Stack]<UL><LI>Max Depth = 176 + Unknown Stack Size
<LI>Call Chain = send_http_response_body &rArr; __2printf &rArr; _printf_char_file &rArr; _printf_char_common &rArr; __printf
</UL>
<BR>[Calls]<UL><LI><a href="#[71]">&gt;&gt;</a>&nbsp;&nbsp;&nbsp;__2printf
<LI><a href="#[af]">&gt;&gt;</a>&nbsp;&nbsp;&nbsp;read_userReg_webContent
<LI><a href="#[b1]">&gt;&gt;</a>&nbsp;&nbsp;&nbsp;getHTTPSequenceNum
<LI><a href="#[84]">&gt;&gt;</a>&nbsp;&nbsp;&nbsp;send
<LI><a href="#[b2]">&gt;&gt;</a>&nbsp;&nbsp;&nbsp;__aeabi_memclr
<LI><a href="#[9f]">&gt;&gt;</a>&nbsp;&nbsp;&nbsp;strcpy
</UL>
<BR>[Called By]<UL><LI><a href="#[b7]">&gt;&gt;</a>&nbsp;&nbsp;&nbsp;http_process_handler
<LI><a href="#[7a]">&gt;&gt;</a>&nbsp;&nbsp;&nbsp;httpServer_run
</UL>

<P><STRONG><a name="[b3]"></a>send_http_response_header</STRONG> (Thumb, 140 bytes, Stack size 24 bytes, httpserver.o(.text))
<BR><BR>[Stack]<UL><LI>Max Depth = 176 + Unknown Stack Size
<LI>Call Chain = send_http_response_header &rArr; make_http_response_head &rArr; __2sprintf &rArr; _printf_char_common &rArr; __printf
</UL>
<BR>[Calls]<UL><LI><a href="#[71]">&gt;&gt;</a>&nbsp;&nbsp;&nbsp;__2printf
<LI><a href="#[9d]">&gt;&gt;</a>&nbsp;&nbsp;&nbsp;make_http_response_head
<LI><a href="#[84]">&gt;&gt;</a>&nbsp;&nbsp;&nbsp;send
<LI><a href="#[b4]">&gt;&gt;</a>&nbsp;&nbsp;&nbsp;__aeabi_memcpy
<LI><a href="#[a9]">&gt;&gt;</a>&nbsp;&nbsp;&nbsp;strlen
</UL>
<BR>[Called By]<UL><LI><a href="#[b7]">&gt;&gt;</a>&nbsp;&nbsp;&nbsp;http_process_handler
</UL>

<P><STRONG><a name="[b5]"></a>send_http_response_cgi</STRONG> (Thumb, 56 bytes, Stack size 24 bytes, httpserver.o(.text))
<BR><BR>[Stack]<UL><LI>Max Depth = 160 + Unknown Stack Size
<LI>Call Chain = send_http_response_cgi &rArr; __2printf &rArr; _printf_char_file &rArr; _printf_char_common &rArr; __printf
</UL>
<BR>[Calls]<UL><LI><a href="#[9e]">&gt;&gt;</a>&nbsp;&nbsp;&nbsp;__2sprintf
<LI><a href="#[71]">&gt;&gt;</a>&nbsp;&nbsp;&nbsp;__2printf
<LI><a href="#[84]">&gt;&gt;</a>&nbsp;&nbsp;&nbsp;send
</UL>
<BR>[Called By]<UL><LI><a href="#[b7]">&gt;&gt;</a>&nbsp;&nbsp;&nbsp;http_process_handler
</UL>

<P><STRONG><a name="[b7]"></a>http_process_handler</STRONG> (Thumb, 1324 bytes, Stack size 560 bytes, httpserver.o(.text))
<BR><BR>[Stack]<UL><LI>Max Depth = 856 + Unknown Stack Size
<LI>Call Chain = http_process_handler &rArr; http_get_cgi_handler &rArr; predefined_get_cgi_processor &rArr; make_json_netinfo &rArr; __2sprintf &rArr; _printf_char_common &rArr; __printf
</UL>
<BR>[Calls]<UL><LI><a href="#[71]">&gt;&gt;</a>&nbsp;&nbsp;&nbsp;__2printf
<LI><a href="#[b9]">&gt;&gt;</a>&nbsp;&nbsp;&nbsp;http_post_cgi_handler
<LI><a href="#[b8]">&gt;&gt;</a>&nbsp;&nbsp;&nbsp;http_get_cgi_handler
<LI><a href="#[b6]">&gt;&gt;</a>&nbsp;&nbsp;&nbsp;find_userReg_webContent
<LI><a href="#[b1]">&gt;&gt;</a>&nbsp;&nbsp;&nbsp;getHTTPSequenceNum
<LI><a href="#[b5]">&gt;&gt;</a>&nbsp;&nbsp;&nbsp;send_http_response_cgi
<LI><a href="#[b3]">&gt;&gt;</a>&nbsp;&nbsp;&nbsp;send_http_response_header
<LI><a href="#[b0]">&gt;&gt;</a>&nbsp;&nbsp;&nbsp;send_http_response_body
<LI><a href="#[ab]">&gt;&gt;</a>&nbsp;&nbsp;&nbsp;get_http_uri_name
<LI><a href="#[a8]">&gt;&gt;</a>&nbsp;&nbsp;&nbsp;mid
<LI><a href="#[a1]">&gt;&gt;</a>&nbsp;&nbsp;&nbsp;find_http_uri_type
<LI><a href="#[a5]">&gt;&gt;</a>&nbsp;&nbsp;&nbsp;strcmp
<LI><a href="#[ad]">&gt;&gt;</a>&nbsp;&nbsp;&nbsp;__aeabi_memclr4
<LI><a href="#[9f]">&gt;&gt;</a>&nbsp;&nbsp;&nbsp;strcpy
</UL>
<BR>[Called By]<UL><LI><a href="#[7a]">&gt;&gt;</a>&nbsp;&nbsp;&nbsp;httpServer_run
</UL>

<P><STRONG><a name="[b1]"></a>getHTTPSequenceNum</STRONG> (Thumb, 30 bytes, Stack size 0 bytes, httpserver.o(.text))
<BR><BR>[Called By]<UL><LI><a href="#[b7]">&gt;&gt;</a>&nbsp;&nbsp;&nbsp;http_process_handler
<LI><a href="#[b0]">&gt;&gt;</a>&nbsp;&nbsp;&nbsp;send_http_response_body
</UL>

<P><STRONG><a name="[de]"></a>_dadd1</STRONG> (Thumb, 290 bytes, Stack size 20 bytes, daddsub.o(.text), UNUSED)
<BR><BR>[Called By]<UL><LI><a href="#[e0]">&gt;&gt;</a>&nbsp;&nbsp;&nbsp;_drsb
<LI><a href="#[df]">&gt;&gt;</a>&nbsp;&nbsp;&nbsp;_dsub
<LI><a href="#[dc]">&gt;&gt;</a>&nbsp;&nbsp;&nbsp;_dadd
</UL>

<P><STRONG><a name="[dd]"></a>_dsub1</STRONG> (Thumb, 470 bytes, Stack size 40 bytes, daddsub.o(.text), UNUSED)
<BR><BR>[Called By]<UL><LI><a href="#[e0]">&gt;&gt;</a>&nbsp;&nbsp;&nbsp;_drsb
<LI><a href="#[df]">&gt;&gt;</a>&nbsp;&nbsp;&nbsp;_dsub
<LI><a href="#[dc]">&gt;&gt;</a>&nbsp;&nbsp;&nbsp;_dadd
</UL>

<P><STRONG><a name="[f2]"></a>_fadd1</STRONG> (Thumb, 0 bytes, Stack size unknown bytes, faddsub.o(x$fpl$fadd), UNUSED)
<BR><BR>[Called By]<UL><LI><a href="#[f3]">&gt;&gt;</a>&nbsp;&nbsp;&nbsp;_fsub
<LI><a href="#[f1]">&gt;&gt;</a>&nbsp;&nbsp;&nbsp;_frsb
</UL>

<P><STRONG><a name="[f0]"></a>_fsub1</STRONG> (Thumb, 0 bytes, Stack size unknown bytes, faddsub.o(x$fpl$fsub), UNUSED)
<BR><BR>[Called By]<UL><LI><a href="#[f1]">&gt;&gt;</a>&nbsp;&nbsp;&nbsp;_frsb
<LI><a href="#[ef]">&gt;&gt;</a>&nbsp;&nbsp;&nbsp;_fadd
</UL>

<P><STRONG><a name="[33]"></a>_printf_input_char</STRONG> (Thumb, 10 bytes, Stack size 0 bytes, _printf_char_common.o(.text))
<BR>[Address Reference Count : 1]<UL><LI> _printf_char_common.o(.text)
</UL><P>
<H3>
Undefined Global Symbols
</H3>
<P><STRONG><a name="[ed]"></a>_call_atexit_fns</STRONG> (ARM, 0 bytes, Stack size 0 bytes, UNDEFINED)
<BR><BR>[Called By]<UL><LI><a href="#[47]">&gt;&gt;</a>&nbsp;&nbsp;&nbsp;exit
</UL>

<P><STRONG><a name="[e6]"></a>_printf_mbtowc</STRONG> (ARM, 0 bytes, Stack size 0 bytes, UNDEFINED)
<BR><BR>[Called By]<UL><LI><a href="#[e5]">&gt;&gt;</a>&nbsp;&nbsp;&nbsp;_printf_cs_common
</UL>

<P><STRONG><a name="[ce]"></a>_printf_post_padding</STRONG> (ARM, 0 bytes, Stack size 0 bytes, UNDEFINED)
<BR><BR>[Called By]<UL><LI><a href="#[cc]">&gt;&gt;</a>&nbsp;&nbsp;&nbsp;_printf_str
<LI><a href="#[d2]">&gt;&gt;</a>&nbsp;&nbsp;&nbsp;_printf_int_common
</UL>

<P><STRONG><a name="[cd]"></a>_printf_pre_padding</STRONG> (ARM, 0 bytes, Stack size 0 bytes, UNDEFINED)
<BR><BR>[Called By]<UL><LI><a href="#[cc]">&gt;&gt;</a>&nbsp;&nbsp;&nbsp;_printf_str
<LI><a href="#[d2]">&gt;&gt;</a>&nbsp;&nbsp;&nbsp;_printf_int_common
</UL>

<P><STRONG><a name="[cf]"></a>_printf_truncate_signed</STRONG> (ARM, 0 bytes, Stack size 0 bytes, UNDEFINED)
<BR><BR>[Called By]<UL><LI><a href="#[3c]">&gt;&gt;</a>&nbsp;&nbsp;&nbsp;_printf_int_dec
</UL>

<P><STRONG><a name="[d0]"></a>_printf_truncate_unsigned</STRONG> (ARM, 0 bytes, Stack size 0 bytes, UNDEFINED)
<BR><BR>[Called By]<UL><LI><a href="#[3e]">&gt;&gt;</a>&nbsp;&nbsp;&nbsp;_printf_int_hex
<LI><a href="#[3c]">&gt;&gt;</a>&nbsp;&nbsp;&nbsp;_printf_int_dec
</UL>
<HR></body></html>
