Component: ARM Compiler 5.06 update 6 (build 750) Tool: armlink [4d35ed]

==============================================================================

Section Cross References

    startup_w7500x.o(STACK) refers (Special) to heapauxi.o(.text) for __use_two_region_memory
    startup_w7500x.o(HEAP) refers (Special) to heapauxi.o(.text) for __use_two_region_memory
    startup_w7500x.o(RESET) refers (Special) to heapauxi.o(.text) for __use_two_region_memory
    startup_w7500x.o(RESET) refers to startup_w7500x.o(STACK) for __initial_sp
    startup_w7500x.o(RESET) refers to startup_w7500x.o(.text) for Reset_Handler
    startup_w7500x.o(RESET) refers to w7500x_it.o(.text) for NMI_Handler
    startup_w7500x.o(.text) refers (Special) to heapauxi.o(.text) for __use_two_region_memory
    startup_w7500x.o(.text) refers to system_w7500x.o(.text) for SystemInit
    startup_w7500x.o(.text) refers to __main.o(!!!main) for __main
    startup_w7500x.o(.text) refers to startup_w7500x.o(HEAP) for Heap_Mem
    startup_w7500x.o(.text) refers to startup_w7500x.o(STACK) for Stack_Mem
    w7500x_uart.o(.text) refers to aeabi_sdiv.o(.text) for __aeabi_uidivmod
    w7500x_uart.o(.text) refers to fflti.o(.text) for __aeabi_ui2f
    w7500x_uart.o(.text) refers to fdiv.o(.text) for __aeabi_fdiv
    w7500x_uart.o(.text) refers to ffixui.o(.text) for __aeabi_f2uiz
    w7500x_uart.o(.text) refers to faddsub.o(x$fpl$frsb) for __aeabi_frsub
    w7500x_uart.o(.text) refers to fscalbn.o(.text) for __ARM_scalbnf
    w7500x_uart.o(.text) refers to f2d.o(.text) for __aeabi_f2d
    w7500x_uart.o(.text) refers to daddsub.o(.text) for __aeabi_dadd
    w7500x_uart.o(.text) refers to dfixui.o(.text) for __aeabi_d2uiz
    w7500x_uart.o(.text) refers to system_w7500x.o(.text) for GetSystemClock
    system_w7500x.o(.text) refers to aeabi_sdiv.o(.text) for __aeabi_uidivmod
    system_w7500x.o(.text) refers to system_w7500x.o(.data) for .data
    main.o(.text) refers to _printf_percent.o(.ARM.Collect$$_printf_percent$$00000000) for _printf_percent
    main.o(.text) refers to _printf_x.o(.ARM.Collect$$_printf_percent$$0000000C) for _printf_x
    main.o(.text) refers to _printf_hex_int.o(.text) for _printf_longlong_hex
    main.o(.text) refers to _printf_d.o(.ARM.Collect$$_printf_percent$$00000009) for _printf_d
    main.o(.text) refers to _printf_dec.o(.text) for _printf_int_dec
    main.o(.text) refers to w7500x_gpio.o(.text) for PAD_AFConfig
    main.o(.text) refers to w7500x_uart.o(.text) for UART_StructInit
    main.o(.text) refers to system_w7500x.o(.text) for SystemInit
    main.o(.text) refers to aeabi_sdiv.o(.text) for __aeabi_uidivmod
    main.o(.text) refers to w7500x_miim.o(.text) for PHY_Init
    main.o(.text) refers to __2printf.o(.text) for __2printf
    main.o(.text) refers to w7500x_wztoe.o(.text) for WIZCHIP_WRITE
    main.o(.text) refers to httpserver.o(.text) for httpServer_init
    main.o(.text) refers to loopback.o(.text) for loopback_tcps
    main.o(.text) refers to main.o(.data) for .data
    main.o(.text) refers to main.o(.bss) for .bss
    main.o(.text) refers to main.o(.conststring) for .conststring
    retarget.o(.rev16_text) refers (Special) to use_no_semi.o(.text) for __use_no_semihosting_swi
    retarget.o(.revsh_text) refers (Special) to use_no_semi.o(.text) for __use_no_semihosting_swi
    retarget.o(.text) refers (Special) to use_no_semi.o(.text) for __use_no_semihosting_swi
    retarget.o(.text) refers to w7500x_uart.o(.text) for UartPutc
    retarget.o(.data) refers (Special) to use_no_semi.o(.text) for __use_no_semihosting_swi
    retarget.o(.data) refers (Special) to use_no_semi.o(.text) for __use_no_semihosting_swi
    w7500x_it.o(.text) refers to main.o(.text) for TimingDelay_Decrement
    socket.o(.text) refers to w7500x_wztoe.o(.text) for WIZCHIP_WRITE
    socket.o(.text) refers to socket.o(.data) for .data
    socket.o(.text) refers to socket.o(.bss) for .bss
    socket.o(.text) refers to socket.o(i.__ARM_common_switch8) for __ARM_common_switch8
    wizchip_conf.o(.text) refers to w7500x_wztoe.o(.text) for WIZCHIP_READ
    wizchip_conf.o(.text) refers to socket.o(i.__ARM_common_switch8) for __ARM_common_switch8
    wizchip_conf.o(.text) refers to wizchip_conf.o(.data) for .data
    wizchip_conf.o(.data) refers to wizchip_conf.o(.text) for wizchip_cris_enter
    httpparser.o(.text) refers to _printf_percent.o(.ARM.Collect$$_printf_percent$$00000000) for _printf_percent
    httpparser.o(.text) refers to _printf_d.o(.ARM.Collect$$_printf_percent$$00000009) for _printf_d
    httpparser.o(.text) refers to _printf_dec.o(.text) for _printf_int_dec
    httpparser.o(.text) refers to __2sprintf.o(.text) for __2sprintf
    httpparser.o(.text) refers to strcpy.o(.text) for strcpy
    httpparser.o(.text) refers to strcat.o(.text) for strcat
    httpparser.o(.text) refers to strstr.o(.text) for strstr
    httpparser.o(.text) refers to httpparser.o(.conststring) for .conststring
[...]
    Removing w7500x_uart.o(.revsh_text), (4 bytes).
    Removing w7500x_wztoe.o(.rev16_text), (4 bytes).
    Removing w7500x_wztoe.o(.revsh_text), (4 bytes).
    Removing system_w7500x.o(.rev16_text), (4 bytes).
    Removing system_w7500x.o(.revsh_text), (4 bytes).
    Removing main.o(.rev16_text), (4 bytes).
    Removing main.o(.revsh_text), (4 bytes).
    Removing retarget.o(.rev16_text), (4 bytes).
    Removing retarget.o(.revsh_text), (4 bytes).
    Removing retarget.o(.data), (4 bytes).
    Removing w7500x_it.o(.rev16_text), (4 bytes).
    Removing w7500x_it.o(.revsh_text), (4 bytes).
    Removing socket.o(.rev16_text), (4 bytes).
    Removing socket.o(.revsh_text), (4 bytes).
    Removing wizchip_conf.o(.rev16_text), (4 bytes).
    Removing wizchip_conf.o(.revsh_text), (4 bytes).
    Removing httpparser.o(.rev16_text), (4 bytes).
    Removing httpparser.o(.revsh_text), (4 bytes).
    Removing httpserver.o(.rev16_text), (4 bytes).
    Removing httpserver.o(.revsh_text), (4 bytes).
    Removing httputil.o(.rev16_text), (4 bytes).
    Removing httputil.o(.revsh_text), (4 bytes).
    Removing w7500x_miim.o(.rev16_text), (4 bytes).
    Removing w7500x_miim.o(.revsh_text), (4 bytes).
    Removing loopback.o(.rev16_text), (4 bytes).
    Removing loopback.o(.revsh_text), (4 bytes).

32 unused section(s) (total 612 bytes) removed from the image.

==============================================================================

Image Symbol Table

    Local Symbols

    Symbol Name                              Value     Ov Type        Size  Object(Section)

    RESET                                    0x00000000   Section      168  startup_w7500x.o(RESET)
    ../clib/angel/boardlib.s                 0x00000000   Number         0  boardinit3.o ABSOLUTE
    ../clib/angel/boardlib.s                 0x00000000   Number         0  boardinit2.o ABSOLUTE
    ../clib/angel/boardlib.s                 0x00000000   Number         0  boardinit1.o ABSOLUTE
    ../clib/angel/boardlib.s                 0x00000000   Number         0  boardshut.o ABSOLUTE
    ../clib/angel/handlers.s                 0x00000000   Number         0  __scatter_copy.o ABSOLUTE
    ../clib/angel/handlers.s                 0x00000000   Number         0  __scatter_zi.o ABSOLUTE
    ../clib/angel/kernel.s                   0x00000000   Number         0  __rtentry4.o ABSOLUTE
    ../clib/angel/kernel.s                   0x00000000   Number         0  rtexit.o ABSOLUTE
    ../clib/angel/kernel.s                   0x00000000   Number         0  __rtentry.o ABSOLUTE
    ../clib/angel/kernel.s                   0x00000000   Number         0  __rtentry2.o ABSOLUTE
    ../clib/angel/kernel.s                   0x00000000   Number         0  rtexit2.o ABSOLUTE
    ../clib/angel/rt.s                       0x00000000   Number         0  rt_raise.o ABSOLUTE
    ../clib/angel/rt.s                       0x00000000   Number         0  aeabi_idiv0.o ABSOLUTE
    ../clib/angel/rt.s                       0x00000000   Number         0  aeabi_idiv0_sigfpe.o ABSOLUTE
    ../clib/angel/rt.s                       0x00000000   Number         0  rt_div0.o ABSOLUTE
    ../clib/angel/scatterp.s                 0x00000000   Number         0  __scatter.o ABSOLUTE
    ../clib/angel/startup.s                  0x00000000   Number         0  __main.o ABSOLUTE
    ../clib/angel/sys.s                      0x00000000   Number         0  tempstk.o ABSOLUTE
    ../clib/angel/sys.s                      0x00000000   Number         0  libspace.o ABSOLUTE
    ../clib/angel/sys.s                      0x00000000   Number         0  indicate_semi.o ABSOLUTE
    ../clib/angel/sys.s                      0x00000000   Number         0  use_no_semi.o ABSOLUTE
    ../clib/angel/sys.s                      0x00000000   Number         0  sys_stackheap_outer.o ABSOLUTE
    ../clib/angel/sysapp.c                   0x00000000   Number         0  sys_command.o ABSOLUTE
    ../clib/armsys.c                         0x00000000   Number         0  no_argv.o ABSOLUTE
    ../clib/armsys.c                         0x00000000   Number         0  _get_argv_nomalloc.o ABSOLUTE
    ../clib/armsys.c                         0x00000000   Number         0  argv_veneer.o ABSOLUTE
    ../clib/division.c                       0x00000000   Number         0  rtudiv10.o ABSOLUTE
    ../clib/division.s                       0x00000000   Number         0  aeabi_sdiv_div0.o ABSOLUTE
    ../clib/division.s                       0x00000000   Number         0  aeabi_sdiv.o ABSOLUTE
    ../clib/heapalloc.c                      0x00000000   Number         0  hrguard.o ABSOLUTE
    ../clib/heapaux.c                        0x00000000   Number         0  heapauxi.o ABSOLUTE
    ../clib/libinit.s                        0x00000000   Number         0  libshutdown2.o ABSOLUTE
    ../clib/libinit.s                        0x00000000   Number         0  libinit.o ABSOLUTE
    ../clib/libinit.s                        0x00000000   Number         0  libshutdown.o ABSOLUTE
    ../clib/libinit.s                        0x00000000   Number         0  libinit2.o ABSOLUTE
    ../clib/memcpset.c                       0x00000000   Number         0  rt_memcpy.o ABSOLUTE
    ../clib/memcpset.c                       0x00000000   Number         0  rt_memcpy.o ABSOLUTE
    ../clib/memcpset.c                       0x00000000   Number         0  rt_memclr.o ABSOLUTE
    ../clib/misc.s                           0x00000000   Number         0  printf_stubs.o ABSOLUTE
    ../clib/printf.c                         0x00000000   Number         0  _printf_hex_ll.o ABSOLUTE
    ../clib/printf.c                         0x00000000   Number         0  _printf_char_file.o ABSOLUTE
    ../clib/printf.c                         0x00000000   Number         0  _printf_dec.o ABSOLUTE
    ../clib/printf.c                         0x00000000   Number         0  _printf_str.o ABSOLUTE
    ../clib/printf.c                         0x00000000   Number         0  __printf.o ABSOLUTE
    ../clib/printf.c                         0x00000000   Number         0  noretval__2sprintf.o ABSOLUTE
    ../clib/printf.c                         0x00000000   Number         0  noretval__2printf.o ABSOLUTE
    ../clib/printf.c                         0x00000000   Number         0  __printf_flags_ss_wp.o ABSOLUTE
    ../clib/printf.c                         0x00000000   Number         0  __printf_ss_wp.o ABSOLUTE
    ../clib/printf.c                         0x00000000   Number         0  __printf_flags_wp.o ABSOLUTE
    ../clib/printf.c                         0x00000000   Number         0  _printf_hex_int_ptr.o ABSOLUTE
    ../clib/printf.c                         0x00000000   Number         0  __printf_wp.o ABSOLUTE
    ../clib/printf.c                         0x00000000   Number         0  __printf_flags_ss.o ABSOLUTE
    ../clib/printf.c                         0x00000000   Number         0  __printf_ss.o ABSOLUTE
    ../clib/printf.c                         0x00000000   Number         0  __printf_flags.o ABSOLUTE
    ../clib/printf.c                         0x00000000   Number         0  __2printf.o ABSOLUTE
    ../clib/printf.c                         0x00000000   Number         0  _sputc.o ABSOLUTE
    ../clib/printf.c                         0x00000000   Number         0  _printf_hex_int_ll.o ABSOLUTE
    ../clib/printf.c                         0x00000000   Number         0  _printf_hex_ptr.o ABSOLUTE
    ../clib/printf.c                         0x00000000   Number         0  _printf_char.o ABSOLUTE
    ../clib/printf.c                         0x00000000   Number         0  _printf_hex_ll_ptr.o ABSOLUTE
    ../clib/printf.c                         0x00000000   Number         0  __printf_nopercent.o ABSOLUTE
    ../clib/printf.c                         0x00000000   Number         0  _printf_intcommon.o ABSOLUTE
    ../clib/printf.c                         0x00000000   Number         0  _printf_hex_int_ll_ptr.o ABSOLUTE
    ../clib/printf.c                         0x00000000   Number         0  _printf_char_common.o ABSOLUTE
    ../clib/printf.c                         0x00000000   Number         0  _printf_hex_int.o ABSOLUTE
    ../clib/printf.c                         0x00000000   Number         0  __2sprintf.o ABSOLUTE
    ../clib/printf_percent.s                 0x00000000   Number         0  _printf_s.o ABSOLUTE
    ../clib/printf_percent.s                 0x00000000   Number         0  _printf_percent_end.o ABSOLUTE
    ../clib/printf_percent.s                 0x00000000   Number         0  _printf_x.o ABSOLUTE
    ../clib/printf_percent.s                 0x00000000   Number         0  _printf_d.o ABSOLUTE
    ../clib/printf_percent.s                 0x00000000   Number         0  _printf_percent.o ABSOLUTE
    ../clib/signal.c                         0x00000000   Number         0  defsig_fpe_outer.o ABSOLUTE
    ../clib/signal.c                         0x00000000   Number         0  defsig_rtmem_outer.o ABSOLUTE
    ../clib/signal.c                         0x00000000   Number         0  defsig_rtmem_inner.o ABSOLUTE
    ../clib/signal.c                         0x00000000   Number         0  defsig_other.o ABSOLUTE
    ../clib/signal.c                         0x00000000   Number         0  defsig_fpe_formal.o ABSOLUTE
    ../clib/signal.c                         0x00000000   Number         0  defsig_rtred_inner.o ABSOLUTE
    ../clib/signal.c                         0x00000000   Number         0  __raise.o ABSOLUTE
    ../clib/signal.c                         0x00000000   Number         0  defsig_fpe_inner.o ABSOLUTE
    ../clib/signal.c                         0x00000000   Number         0  defsig_general.o ABSOLUTE
    ../clib/signal.c                         0x00000000   Number         0  defsig_cppl_inner.o ABSOLUTE
    ../clib/signal.c                         0x00000000   Number         0  defsig_abrt_inner.o ABSOLUTE
    ../clib/signal.c                         0x00000000   Number         0  defsig_segv_inner.o ABSOLUTE
    ../clib/signal.c                         0x00000000   Number         0  defsig_exit.o ABSOLUTE
    ../clib/signal.c                         0x00000000   Number         0  defsig_rtmem_formal.o ABSOLUTE
    ../clib/signal.c                         0x00000000   Number         0  defsig_stak_inner.o ABSOLUTE
    ../clib/signal.c                         0x00000000   Number         0  defsig_pvfn_inner.o ABSOLUTE
    ../clib/signal.s                         0x00000000   Number         0  defsig.o ABSOLUTE
    ../clib/stdlib.c                         0x00000000   Number         0  exit.o ABSOLUTE
    ../clib/string.c                         0x00000000   Number         0  strtok.o ABSOLUTE
    ../clib/string.c                         0x00000000   Number         0  strncpy.o ABSOLUTE
    ../clib/string.c                         0x00000000   Number         0  strspn.o ABSOLUTE
    ../clib/string.c                         0x00000000   Number         0  strcspn.o ABSOLUTE
    ../clib/string.c                         0x00000000   Number         0  strtok_int.o ABSOLUTE
    ../clib/string.c                         0x00000000   Number         0  strcat.o ABSOLUTE
    ../clib/string.c                         0x00000000   Number         0  strcmp.o ABSOLUTE
    ../clib/string.c                         0x00000000   Number         0  strstr.o ABSOLUTE
    ../clib/string.c                         0x00000000   Number         0  strcpy.o ABSOLUTE
    ../clib/string.c                         0x00000000   Number         0  strlen.o ABSOLUTE
    ../fplib/cfplib/daddsub.c                0x00000000   Number         0  daddsub.o ABSOLUTE
    ../fplib/cfplib/f2d.c                    0x00000000   Number         0  f2d.o ABSOLUTE
    ../fplib/cfplib/fdiv.c                   0x00000000   Number         0  fdiv.o ABSOLUTE
    ../fplib/cfplib/ffix.c                   0x00000000   Number         0  ffixui.o ABSOLUTE
    ../fplib/cfplib/ffix.c                   0x00000000   Number         0  dfixui.o ABSOLUTE
    ../fplib/cfplib/fflt.c                   0x00000000   Number         0  fflti.o ABSOLUTE
    ../fplib/cfplib/fpinit.c                 0x00000000   Number         0  fpinit.o ABSOLUTE
    ../fplib/cfplib/scalbn.c                 0x00000000   Number         0  fscalbn.o ABSOLUTE
    ../fplib/faddsub6m.s                     0x00000000   Number         0  faddsub.o ABSOLUTE
    ../fplib/usenofp.s                       0x00000000   Number         0  usenofp.o ABSOLUTE
    ..\..\..\..\..\Libraries\CMSIS\Device\WIZnet\W7500\Source\ARM\startup_W7500x.s 0x00000000   Number         0  startup_w7500x.o ABSOLUTE
    ..\..\..\..\..\Libraries\CMSIS\Device\WIZnet\W7500\Source\system_W7500x.c 0x00000000   Number         0  system_w7500x.o ABSOLUTE
    ..\..\..\..\..\Libraries\W7500x_stdPeriph_Driver\src\W7500x_crg.c 0x00000000   Number         0  w7500x_crg.o ABSOLUTE
    ..\..\..\..\..\Libraries\W7500x_stdPeriph_Driver\src\W7500x_gpio.c 0x00000000   Number         0  w7500x_gpio.o ABSOLUTE
    ..\..\..\..\..\Libraries\W7500x_stdPeriph_Driver\src\W7500x_uart.c 0x00000000   Number         0  w7500x_uart.o ABSOLUTE
    ..\..\..\..\..\Libraries\W7500x_stdPeriph_Driver\src\W7500x_wztoe.c 0x00000000   Number         0  w7500x_wztoe.o ABSOLUTE
    ..\..\..\..\..\ioLibrary\Application\loopback\loopback.c 0x00000000   Number         0  loopback.o ABSOLUTE
    ..\..\..\..\..\ioLibrary\Ethernet\socket.c 0x00000000   Number         0  socket.o ABSOLUTE
    ..\..\..\..\..\ioLibrary\Ethernet\wizchip_conf.c 0x00000000   Number         0  wizchip_conf.o ABSOLUTE
    ..\..\..\..\..\ioLibrary\Internet\httpServer\httpParser.c 0x00000000   Number         0  httpparser.o ABSOLUTE
    ..\..\..\..\..\ioLibrary\Internet\httpServer\httpServer.c 0x00000000   Number         0  httpserver.o ABSOLUTE
    ..\..\..\..\..\ioLibrary\Internet\httpServer\httpUtil.c 0x00000000   Number         0  httputil.o ABSOLUTE
    ..\..\..\..\..\ioLibrary\MDIO\W7500x_miim.c 0x00000000   Number         0  w7500x_miim.o ABSOLUTE
    ..\W7500x_it.c                           0x00000000   Number         0  w7500x_it.o ABSOLUTE
    ..\\..\\..\\..\\..\\Libraries\\CMSIS\\Device\\WIZnet\\W7500\\Source\\system_W7500x.c 0x00000000   Number         0  system_w7500x.o ABSOLUTE
    ..\\..\\..\\..\\..\\Libraries\\W7500x_stdPeriph_Driver\\src\\W7500x_crg.c 0x00000000   Number         0  w7500x_crg.o ABSOLUTE
    ..\\..\\..\\..\\..\\Libraries\\W7500x_stdPeriph_Driver\\src\\W7500x_gpio.c 0x00000000   Number         0  w7500x_gpio.o ABSOLUTE
    ..\\..\\..\\..\\..\\Libraries\\W7500x_stdPeriph_Driver\\src\\W7500x_uart.c 0x00000000   Number         0  w7500x_uart.o ABSOLUTE
    ..\\..\\..\\..\\..\\Libraries\\W7500x_stdPeriph_Driver\\src\\W7500x_wztoe.c 0x00000000   Number         0  w7500x_wztoe.o ABSOLUTE
    ..\\..\\..\\..\\..\\ioLibrary\\Application\\loopback\\loopback.c 0x00000000   Number         0  loopback.o ABSOLUTE
    ..\\..\\..\\..\\..\\ioLibrary\\Ethernet\\socket.c 0x00000000   Number         0  socket.o ABSOLUTE
    ..\\..\\..\\..\\..\\ioLibrary\\Ethernet\\wizchip_conf.c 0x00000000   Number         0  wizchip_conf.o ABSOLUTE
    ..\\..\\..\\..\\..\\ioLibrary\\Internet\\httpServer\\httpParser.c 0x00000000   Number         0  httpparser.o ABSOLUTE
    ..\\..\\..\\..\\..\\ioLibrary\\Internet\\httpServer\\httpServer.c 0x00000000   Number         0  httpserver.o ABSOLUTE
    ..\\..\\..\\..\\..\\ioLibrary\\Internet\\httpServer\\httpUtil.c 0x00000000   Number         0  httputil.o ABSOLUTE
    ..\\..\\..\\..\\..\\ioLibrary\\MDIO\\W7500x_miim.c 0x00000000   Number         0  w7500x_miim.o ABSOLUTE
    ..\\W7500x_it.c                          0x00000000   Number         0  w7500x_it.o ABSOLUTE
    ..\\main.c                               0x00000000   Number         0  main.o ABSOLUTE
    ..\\retarget.c                           0x00000000   Number         0  retarget.o ABSOLUTE
    ..\main.c                                0x00000000   Number         0  main.o ABSOLUTE
    ..\retarget.c                            0x00000000   Number         0  retarget.o ABSOLUTE
    dc.s                                     0x00000000   Number         0  dc.o ABSOLUTE
    !!!main                                  0x000000a8   Section        8  __main.o(!!!main)
    !!!scatter                               0x000000b0   Section       60  __scatter.o(!!!scatter)
    !!handler_copy                           0x000000ec   Section       26  __scatter_copy.o(!!handler_copy)
    !!handler_zi                             0x00000108   Section       28  __scatter_zi.o(!!handler_zi)
    .ARM.Collect$$_printf_percent$$00000000  0x00000124   Section        2  _printf_percent.o(.ARM.Collect$$_printf_percent$$00000000)
    .ARM.Collect$$_printf_percent$$00000009  0x00000126   Section       10  _printf_d.o(.ARM.Collect$$_printf_percent$$00000009)
    .ARM.Collect$$_printf_percent$$0000000C  0x00000130   Section       10  _printf_x.o(.ARM.Collect$$_printf_percent$$0000000C)
    .ARM.Collect$$_printf_percent$$00000014  0x0000013a   Section       10  _printf_s.o(.ARM.Collect$$_printf_percent$$00000014)
    .ARM.Collect$$_printf_percent$$00000017  0x00000144   Section        4  _printf_percent_end.o(.ARM.Collect$$_printf_percent$$00000017)
    .ARM.Collect$$libinit$$00000000          0x00000148   Section        2  libinit.o(.ARM.Collect$$libinit$$00000000)
    .ARM.Collect$$libinit$$00000002          0x0000014a   Section        0  libinit2.o(.ARM.Collect$$libinit$$00000002)
    .ARM.Collect$$libinit$$00000004          0x0000014a   Section        0  libinit2.o(.ARM.Collect$$libinit$$00000004)
    .ARM.Collect$$libinit$$0000000A          0x0000014a   Section        0  libinit2.o(.ARM.Collect$$libinit$$0000000A)
    .ARM.Collect$$libinit$$0000000C          0x0000014a   Section        0  libinit2.o(.ARM.Collect$$libinit$$0000000C)
    .ARM.Collect$$libinit$$0000000E          0x0000014a   Section        0  libinit2.o(.ARM.Collect$$libinit$$0000000E)
    .ARM.Collect$$libinit$$00000011          0x0000014a   Section        0  libinit2.o(.ARM.Collect$$libinit$$00000011)
    .ARM.Collect$$libinit$$00000013          0x0000014a   Section        0  libinit2.o(.ARM.Collect$$libinit$$00000013)
    .ARM.Collect$$libinit$$00000015          0x0000014a   Section        0  libinit2.o(.ARM.Collect$$libinit$$00000015)
    .ARM.Collect$$libinit$$00000017          0x0000014a   Section        0  libinit2.o(.ARM.Collect$$libinit$$00000017)
    .ARM.Collect$$libinit$$00000019          0x0000014a   Section        0  libinit2.o(.ARM.Collect$$libinit$$00000019)
    .ARM.Collect$$libinit$$0000001B          0x0000014a   Section        0  libinit2.o(.ARM.Collect$$libinit$$0000001B)
    .ARM.Collect$$libinit$$0000001D          0x0000014a   Section        0  libinit2.o(.ARM.Collect$$libinit$$0000001D)
    .ARM.Collect$$libinit$$0000001F          0x0000014a   Section        0  libinit2.o(.ARM.Collect$$libinit$$0000001F)
    .ARM.Collect$$libinit$$00000021          0x0000014a   Section        0  libinit2.o(.ARM.Collect$$libinit$$00000021)
    .ARM.Collect$$libinit$$00000023          0x0000014a   Section        0  libinit2.o(.ARM.Collect$$libinit$$00000023)
    .ARM.Collect$$libinit$$00000025          0x0000014a   Section        0  libinit2.o(.ARM.Collect$$libinit$$00000025)
    .ARM.Collect$$libinit$$0000002C          0x0000014a   Section        0  libinit2.o(.ARM.Collect$$libinit$$0000002C)
    .ARM.Collect$$libinit$$0000002E          0x0000014a   Section        0  libinit2.o(.ARM.Collect$$libinit$$0000002E)
    .ARM.Collect$$libinit$$00000030          0x0000014a   Section        0  libinit2.o(.ARM.Collect$$libinit$$00000030)
    .ARM.Collect$$libinit$$00000032          0x0000014a   Section        0  libinit2.o(.ARM.Collect$$libinit$$00000032)
    .ARM.Collect$$libinit$$00000033          0x0000014a   Section        2  libinit2.o(.ARM.Collect$$libinit$$00000033)
    .ARM.Collect$$libshutdown$$00000000      0x0000014c   Section        2  libshutdown.o(.ARM.Collect$$libshutdown$$00000000)
    .ARM.Collect$$libshutdown$$00000002      0x0000014e   Section        0  libshutdown2.o(.ARM.Collect$$libshutdown$$00000002)
    .ARM.Collect$$libshutdown$$00000004      0x0000014e   Section        0  libshutdown2.o(.ARM.Collect$$libshutdown$$00000004)
    .ARM.Collect$$libshutdown$$00000007      0x0000014e   Section        0  libshutdown2.o(.ARM.Collect$$libshutdown$$00000007)
    .ARM.Collect$$libshutdown$$0000000A      0x0000014e   Section        0  libshutdown2.o(.ARM.Collect$$libshutdown$$0000000A)
    .ARM.Collect$$libshutdown$$0000000C      0x0000014e   Section        0  libshutdown2.o(.ARM.Collect$$libshutdown$$0000000C)
    .ARM.Collect$$libshutdown$$0000000F      0x0000014e   Section        0  libshutdown2.o(.ARM.Collect$$libshutdown$$0000000F)
    .ARM.Collect$$libshutdown$$00000010      0x0000014e   Section        2  libshutdown2.o(.ARM.Collect$$libshutdown$$00000010)
    .ARM.Collect$$rtentry$$00000000          0x00000150   Section        0  __rtentry.o(.ARM.Collect$$rtentry$$00000000)
    .ARM.Collect$$rtentry$$00000002          0x00000150   Section        0  __rtentry2.o(.ARM.Collect$$rtentry$$00000002)
    .ARM.Collect$$rtentry$$00000004          0x00000150   Section        6  __rtentry4.o(.ARM.Collect$$rtentry$$00000004)
    .ARM.Collect$$rtentry$$00000009          0x00000156   Section        0  __rtentry2.o(.ARM.Collect$$rtentry$$00000009)
    .ARM.Collect$$rtentry$$0000000A          0x00000156   Section        4  __rtentry2.o(.ARM.Collect$$rtentry$$0000000A)
    .ARM.Collect$$rtentry$$0000000C          0x0000015a   Section        0  __rtentry2.o(.ARM.Collect$$rtentry$$0000000C)
    .ARM.Collect$$rtentry$$0000000D          0x0000015a   Section        8  __rtentry2.o(.ARM.Collect$$rtentry$$0000000D)
    .ARM.Collect$$rtexit$$00000000           0x00000162   Section        2  rtexit.o(.ARM.Collect$$rtexit$$00000000)
    .ARM.Collect$$rtexit$$00000002           0x00000164   Section        0  rtexit2.o(.ARM.Collect$$rtexit$$00000002)
    .ARM.Collect$$rtexit$$00000003           0x00000164   Section        4  rtexit2.o(.ARM.Collect$$rtexit$$00000003)
    .ARM.Collect$$rtexit$$00000004           0x00000168   Section        6  rtexit2.o(.ARM.Collect$$rtexit$$00000004)
    .emb_text                                0x00000170   Section       56  rt_memcpy.o(.emb_text)
    .text                                    0x000001a8   Section       56  startup_w7500x.o(.text)
    .text                                    0x000001e0   Section        0  w7500x_gpio.o(.text)
    NVIC_EnableIRQ                           0x00000557   Thumb Code    14  w7500x_gpio.o(.text)
    .text                                    0x00000574   Section        0  w7500x_uart.o(.text)
    .text                                    0x000007d0   Section        0  w7500x_wztoe.o(.text)
    .text                                    0x000008b8   Section        0  system_w7500x.o(.text)
    .text                                    0x00000950   Section        0  main.o(.text)
    NVIC_SystemReset                         0x00000c79   Thumb Code    18  main.o(.text)
    .text                                    0x00000de0   Section        0  retarget.o(.text)
    .text                                    0x00000e18   Section        0  w7500x_it.o(.text)
    .text                                    0x00000e58   Section        0  socket.o(.text)
    .text                                    0x00001930   Section        0  wizchip_conf.o(.text)
    .text                                    0x00001efc   Section        0  httpparser.o(.text)
    C2D                                      0x00001efd   Thumb Code    38  httpparser.o(.text)
    .text                                    0x00002760   Section        0  httpserver.o(.text)
    send_http_response_body                  0x00002813   Thumb Code   228  httpserver.o(.text)
    send_http_response_header                0x000028ff   Thumb Code   140  httpserver.o(.text)
    send_http_response_cgi                   0x0000298b   Thumb Code    56  httpserver.o(.text)
    http_process_handler                     0x00002a03   Thumb Code  1324  httpserver.o(.text)
    getHTTPSequenceNum                       0x0000350b   Thumb Code    30  httpserver.o(.text)
    .text                                    0x000035e0   Section        0  httputil.o(.text)
    .text                                    0x00003800   Section        0  w7500x_miim.o(.text)
    .text                                    0x00003a1c   Section        0  loopback.o(.text)
    .text                                    0x00003e08   Section        2  use_no_semi.o(.text)
    .text                                    0x00003e0c   Section        0  __2printf.o(.text)
    .text                                    0x00003e28   Section        0  __2sprintf.o(.text)
    .text                                    0x00003e54   Section        0  _printf_str.o(.text)
    .text                                    0x00003ea8   Section        0  _printf_dec.o(.text)
    .text                                    0x00003f14   Section        0  _printf_hex_int.o(.text)
    .text                                    0x00003f6c   Section        0  __printf_ss_wp.o(.text)
    .text                                    0x000040cc   Section        0  strtok.o(.text)
    .text                                    0x000040dc   Section        0  strstr.o(.text)
    .text                                    0x00004104   Section        0  strcpy.o(.text)
    .text                                    0x00004150   Section        0  strlen.o(.text)
    .text                                    0x00004194   Section        0  strcat.o(.text)
    .text                                    0x000041ac   Section        0  rt_memcpy.o(.text)
    .text                                    0x0000422e   Section        0  rt_memclr.o(.text)
    .text                                    0x00004270   Section        0  strncpy.o(.text)
    .text                                    0x000042dc   Section        0  strcmp.o(.text)
    .text                                    0x00004364   Section      346  aeabi_sdiv.o(.text)
    .text                                    0x000044be   Section        0  heapauxi.o(.text)
    .text                                    0x000044c4   Section        0  daddsub.o(.text)
    _dadd1                                   0x000044c5   Thumb Code   290  daddsub.o(.text)
    _dsub1                                   0x000045e7   Thumb Code   470  daddsub.o(.text)
    .text                                    0x0000481c   Section        0  dfixui.o(.text)
    .text                                    0x00004864   Section        0  f2d.o(.text)
    .text                                    0x000048b8   Section        0  fdiv.o(.text)
    .text                                    0x00004a18   Section        0  ffixui.o(.text)
    .text                                    0x00004a48   Section        0  fflti.o(.text)
    .text                                    0x00004aa8   Section        0  fscalbn.o(.text)
    .text                                    0x00004aec   Section        0  _printf_intcommon.o(.text)
    .text                                    0x00004b9c   Section        0  _printf_char_common.o(.text)
    _printf_input_char                       0x00004b9d   Thumb Code    10  _printf_char_common.o(.text)
    .text                                    0x00004bcc   Section        0  _sputc.o(.text)
    .text                                    0x00004bd6   Section        0  _printf_char.o(.text)
    .text                                    0x00004c04   Section        0  _printf_char_file.o(.text)
    .text                                    0x00004c2c   Section        0  strtok_int.o(.text)
    .text                                    0x00004c74   Section        0  rtudiv10.o(.text)
    .text                                    0x00004c9c   Section        0  strcspn.o(.text)
    .text                                    0x00004cbe   Section        0  strspn.o(.text)
    .text                                    0x00004cde   Section       62  sys_stackheap_outer.o(.text)
    .text                                    0x00004d1c   Section        0  exit.o(.text)
    .text                                    0x00004d2c   Section        8  libspace.o(.text)
    i.__ARM_common_switch8                   0x00004d34   Section        0  socket.o(i.__ARM_common_switch8)
    i._is_digit                              0x00004d4e   Section        0  __printf_wp.o(i._is_digit)
    x$fpl$fadd                               0x00004d5c   Section      140  faddsub.o(x$fpl$fadd)
    _fadd1                                   0x00004d69   Thumb Code     0  faddsub.o(x$fpl$fadd)
    x$fpl$frsb                               0x00004de8   Section       24  faddsub.o(x$fpl$frsb)
    x$fpl$fsub                               0x00004e00   Section      208  faddsub.o(x$fpl$fsub)
    _fsub1                                   0x00004e0d   Thumb Code     0  faddsub.o(x$fpl$fsub)
    .constdata                               0x00004ed0   Section      271  httpserver.o(.constdata)
    x$fpl$usenofp                            0x00004ed0   Section        0  usenofp.o(x$fpl$usenofp)
    ERROR_HTML_PAGE                          0x00004ed0   Data         153  httpserver.o(.constdata)
    ERROR_REQUEST_PAGE                       0x00004f69   Data         118  httpserver.o(.constdata)
    .constdata                               0x00004fdf   Section       40  _printf_hex_int.o(.constdata)
    uc_hextab                                0x00004fdf   Data          20  _printf_hex_int.o(.constdata)
    lc_hextab                                0x00004ff3   Data          20  _printf_hex_int.o(.constdata)
    .constdata                               0x00005007   Section       64  fdiv.o(.constdata)
    fdiv_tab                                 0x00005007   Data          64  fdiv.o(.constdata)
    .conststring                             0x00005048   Section     4037  main.o(.conststring)
    .conststring                             0x00006010   Section      700  httpparser.o(.conststring)
    .conststring                             0x000062cc   Section      218  httpserver.o(.conststring)
    .conststring                             0x000063a8   Section      213  httputil.o(.conststring)
    .conststring                             0x00006480   Section       68  w7500x_miim.o(.conststring)
    .data                                    0x20000000   Section        8  system_w7500x.o(.data)
    .data                                    0x20000008   Section       10  main.o(.data)
    TimingDelay                              0x20000008   Data           4  main.o(.data)
    .data                                    0x20000014   Section        4  retarget.o(.data)
    .data                                    0x20000018   Section       14  socket.o(.data)
    sock_any_port                            0x20000018   Data           2  socket.o(.data)
    sock_io_mode                             0x2000001a   Data           2  socket.o(.data)
    sock_is_sending                          0x2000001c   Data           2  socket.o(.data)
    sock_pack_info                           0x2000001e   Data           8  socket.o(.data)
    .data                                    0x20000028   Section       40  wizchip_conf.o(.data)
    _DHCP_                                   0x20000028   Data           1  wizchip_conf.o(.data)
    _DNS_                                    0x20000029   Data           4  wizchip_conf.o(.data)
    .data                                    0x20000050   Section       44  httpserver.o(.data)
    total_content_cnt                        0x20000050   Data           2  httpserver.o(.data)
    http_request                             0x2000005c   Data           4  httpserver.o(.data)
    parsed_http_request                      0x20000060   Data           4  httpserver.o(.data)
    http_response                            0x20000064   Data           4  httpserver.o(.data)
    HTTPSock_Num                             0x20000074   Data           8  httpserver.o(.data)
    .data                                    0x2000007c   Section        4  strtok.o(.data)
    _strtok_saves1                           0x2000007c   Data           4  strtok.o(.data)
    .bss                                     0x20000080   Section     4096  main.o(.bss)
    .bss                                     0x20001080   Section       16  socket.o(.bss)
    sock_remained_size                       0x20001080   Data          16  socket.o(.bss)
    .bss                                     0x20001090   Section      256  httpparser.o(.bss)
    .bss                                     0x20001190   Section     1744  httpserver.o(.bss)
    .bss                                     0x20001860   Section       96  libspace.o(.bss)
    HEAP                                     0x200018c0   Section     1024  startup_w7500x.o(HEAP)
    Heap_Mem                                 0x200018c0   Data        1024  startup_w7500x.o(HEAP)
    STACK                                    0x20001cc0   Section     1024  startup_w7500x.o(STACK)
    Stack_Mem                                0x20001cc0   Data        1024  startup_w7500x.o(STACK)
    __initial_sp                             0x200020c0   Data           0  startup_w7500x.o(STACK)

    Global Symbols

    Symbol Name                              Value     Ov Type        Size  Object(Section)

    BuildAttributes$$THM_ISAv3M$S$PE$A:L22$X:L11$S22$IEEE1$IW$USESV6$~STKCKD$USESV7$~SHL$OSPACE$ROPI$EBA8$UX$STANDARDLIB$REQ8$PRES8$EABIv2 0x00000000   Number         0  anon$$obj.o ABSOLUTE
    __ARM_use_no_argv                        0x00000000   Number         0  main.o ABSOLUTE
    __Vectors                                0x00000000   Data           4  startup_w7500x.o(RESET)
    _printf_flags                            0x00000000   Number         0  printf_stubs.o ABSOLUTE
    _printf_return_value                     0x00000000   Number         0  printf_stubs.o ABSOLUTE
    _printf_sizespec                         0x00000000   Number         0  printf_stubs.o ABSOLUTE
    _printf_widthprec                        0x00000000   Number         0  printf_stubs.o ABSOLUTE
    __ARM_exceptions_init                     - Undefined Weak Reference
    __alloca_initialize                       - Undefined Weak Reference
    __arm_preinit_                            - Undefined Weak Reference
    __cpp_initialize__aeabi_                  - Undefined Weak Reference
    __cxa_finalize                            - Undefined Weak Reference
    __rt_locale                               - Undefined Weak Reference
    __sigvec_lookup                           - Undefined Weak Reference
    _atexit_init                              - Undefined Weak Reference
    _call_atexit_fns                          - Undefined Weak Reference
    _clock_init                               - Undefined Weak Reference
    _fp_trap_init                             - Undefined Weak Reference
    _fp_trap_shutdown                         - Undefined Weak Reference
    _get_lc_collate                           - Undefined Weak Reference
    _get_lc_ctype                             - Undefined Weak Reference
    _get_lc_monetary                          - Undefined Weak Reference
    _get_lc_numeric                           - Undefined Weak Reference
    _get_lc_time                              - Undefined Weak Reference
    _getenv_init                              - Undefined Weak Reference
    _handle_redirection                       - Undefined Weak Reference
    _init_alloc                               - Undefined Weak Reference
    _init_user_alloc                          - Undefined Weak Reference
    _initio                                   - Undefined Weak Reference
    _printf_mbtowc                            - Undefined Weak Reference
    _printf_post_padding                      - Undefined Weak Reference
    _printf_pre_padding                       - Undefined Weak Reference
    _printf_truncate_signed                   - Undefined Weak Reference
    _printf_truncate_unsigned                 - Undefined Weak Reference
    _rand_init                                - Undefined Weak Reference
    _signal_finish                            - Undefined Weak Reference
    _signal_init                              - Undefined Weak Reference
    _terminate_alloc                          - Undefined Weak Reference
    _terminate_user_alloc                     - Undefined Weak Reference
    _terminateio                              - Undefined Weak Reference
    __Vectors_End                            0x000000a8   Data           0  startup_w7500x.o(RESET)
    __Vectors_Size                           0x000000a8   Number         0  startup_w7500x.o ABSOLUTE
    __main                                   0x000000a9   Thumb Code     8  __main.o(!!!main)
    __scatterload                            0x000000b1   Thumb Code     0  __scatter.o(!!!scatter)
    __scatterload_rt2                        0x000000b1   Thumb Code    52  __scatter.o(!!!scatter)
    __scatterload_rt2_thumb_only             0x000000b1   Thumb Code     0  __scatter.o(!!!scatter)
    __scatterload_null                       0x000000c1   Thumb Code     0  __scatter.o(!!!scatter)
    __scatterload_copy                       0x000000ed   Thumb Code    26  __scatter_copy.o(!!handler_copy)
    __scatterload_zeroinit                   0x00000109   Thumb Code    28  __scatter_zi.o(!!handler_zi)
    _printf_percent                          0x00000125   Thumb Code     0  _printf_percent.o(.ARM.Collect$$_printf_percent$$00000000)
    _printf_d                                0x00000127   Thumb Code     0  _printf_d.o(.ARM.Collect$$_printf_percent$$00000009)
    _printf_x                                0x00000131   Thumb Code     0  _printf_x.o(.ARM.Collect$$_printf_percent$$0000000C)
    _printf_s                                0x0000013b   Thumb Code     0  _printf_s.o(.ARM.Collect$$_printf_percent$$00000014)
    _printf_percent_end                      0x00000145   Thumb Code     0  _printf_percent_end.o(.ARM.Collect$$_printf_percent$$00000017)
    __rt_lib_init                            0x00000149   Thumb Code     0  libinit.o(.ARM.Collect$$libinit$$00000000)
    __rt_lib_init_alloca_1                   0x0000014b   Thumb Code     0  libinit2.o(.ARM.Collect$$libinit$$0000002E)
    __rt_lib_init_argv_1                     0x0000014b   Thumb Code     0  libinit2.o(.ARM.Collect$$libinit$$0000002C)
    __rt_lib_init_atexit_1                   0x0000014b   Thumb Code     0  libinit2.o(.ARM.Collect$$libinit$$0000001B)
    __rt_lib_init_clock_1                    0x0000014b   Thumb Code     0  libinit2.o(.ARM.Collect$$libinit$$00000021)
    __rt_lib_init_cpp_1                      0x0000014b   Thumb Code     0  libinit2.o(.ARM.Collect$$libinit$$00000032)
    __rt_lib_init_exceptions_1               0x0000014b   Thumb Code     0  libinit2.o(.ARM.Collect$$libinit$$00000030)
    __rt_lib_init_fp_1                       0x0000014b   Thumb Code     0  libinit2.o(.ARM.Collect$$libinit$$00000002)
    __rt_lib_init_fp_trap_1                  0x0000014b   Thumb Code     0  libinit2.o(.ARM.Collect$$libinit$$0000001F)
    __rt_lib_init_getenv_1                   0x0000014b   Thumb Code     0  libinit2.o(.ARM.Collect$$libinit$$00000023)
    __rt_lib_init_heap_1                     0x0000014b   Thumb Code     0  libinit2.o(.ARM.Collect$$libinit$$0000000A)
    __rt_lib_init_lc_collate_1               0x0000014b   Thumb Code     0  libinit2.o(.ARM.Collect$$libinit$$00000011)
    __rt_lib_init_lc_ctype_1                 0x0000014b   Thumb Code     0  libinit2.o(.ARM.Collect$$libinit$$00000013)
    __rt_lib_init_lc_monetary_1              0x0000014b   Thumb Code     0  libinit2.o(.ARM.Collect$$libinit$$00000015)
    __rt_lib_init_lc_numeric_1               0x0000014b   Thumb Code     0  libinit2.o(.ARM.Collect$$libinit$$00000017)
    __rt_lib_init_lc_time_1                  0x0000014b   Thumb Code     0  libinit2.o(.ARM.Collect$$libinit$$00000019)
    __rt_lib_init_preinit_1                  0x0000014b   Thumb Code     0  libinit2.o(.ARM.Collect$$libinit$$00000004)
    __rt_lib_init_rand_1                     0x0000014b   Thumb Code     0  libinit2.o(.ARM.Collect$$libinit$$0000000E)
    __rt_lib_init_return                     0x0000014b   Thumb Code     0  libinit2.o(.ARM.Collect$$libinit$$00000033)
    __rt_lib_init_signal_1                   0x0000014b   Thumb Code     0  libinit2.o(.ARM.Collect$$libinit$$0000001D)
    __rt_lib_init_stdio_1                    0x0000014b   Thumb Code     0  libinit2.o(.ARM.Collect$$libinit$$00000025)
    __rt_lib_init_user_alloc_1               0x0000014b   Thumb Code     0  libinit2.o(.ARM.Collect$$libinit$$0000000C)
    __rt_lib_shutdown                        0x0000014d   Thumb Code     0  libshutdown.o(.ARM.Collect$$libshutdown$$00000000)
    __rt_lib_shutdown_cpp_1                  0x0000014f   Thumb Code     0  libshutdown2.o(.ARM.Collect$$libshutdown$$00000002)
    __rt_lib_shutdown_fp_trap_1              0x0000014f   Thumb Code     0  libshutdown2.o(.ARM.Collect$$libshutdown$$00000007)
    __rt_lib_shutdown_heap_1                 0x0000014f   Thumb Code     0  libshutdown2.o(.ARM.Collect$$libshutdown$$0000000F)
    __rt_lib_shutdown_return                 0x0000014f   Thumb Code     0  libshutdown2.o(.ARM.Collect$$libshutdown$$00000010)
    __rt_lib_shutdown_signal_1               0x0000014f   Thumb Code     0  libshutdown2.o(.ARM.Collect$$libshutdown$$0000000A)
    __rt_lib_shutdown_stdio_1                0x0000014f   Thumb Code     0  libshutdown2.o(.ARM.Collect$$libshutdown$$00000004)
    __rt_lib_shutdown_user_alloc_1           0x0000014f   Thumb Code     0  libshutdown2.o(.ARM.Collect$$libshutdown$$0000000C)
    __rt_entry                               0x00000151   Thumb Code     0  __rtentry.o(.ARM.Collect$$rtentry$$00000000)
    __rt_entry_presh_1                       0x00000151   Thumb Code     0  __rtentry2.o(.ARM.Collect$$rtentry$$00000002)
    __rt_entry_sh                            0x00000151   Thumb Code     0  __rtentry4.o(.ARM.Collect$$rtentry$$00000004)
    __rt_entry_li                            0x00000157   Thumb Code     0  __rtentry2.o(.ARM.Collect$$rtentry$$0000000A)
    __rt_entry_postsh_1                      0x00000157   Thumb Code     0  __rtentry2.o(.ARM.Collect$$rtentry$$00000009)
    __rt_entry_main                          0x0000015b   Thumb Code     0  __rtentry2.o(.ARM.Collect$$rtentry$$0000000D)
    __rt_entry_postli_1                      0x0000015b   Thumb Code     0  __rtentry2.o(.ARM.Collect$$rtentry$$0000000C)
    __rt_exit                                0x00000163   Thumb Code     0  rtexit.o(.ARM.Collect$$rtexit$$00000000)
    __rt_exit_ls                             0x00000165   Thumb Code     0  rtexit2.o(.ARM.Collect$$rtexit$$00000003)
    __rt_exit_prels_1                        0x00000165   Thumb Code     0  rtexit2.o(.ARM.Collect$$rtexit$$00000002)
    __rt_exit_exit                           0x00000169   Thumb Code     0  rtexit2.o(.ARM.Collect$$rtexit$$00000004)
    __aeabi_memcpy4                          0x00000171   Thumb Code    56  rt_memcpy.o(.emb_text)
    __aeabi_memcpy8                          0x00000171   Thumb Code     0  rt_memcpy.o(.emb_text)
    Reset_Handler                            0x000001a9   Thumb Code     8  startup_w7500x.o(.text)
    I2C0_Handler                             0x000001bb   Thumb Code     0  startup_w7500x.o(.text)
    I2C1_Handler                             0x000001bb   Thumb Code     0  startup_w7500x.o(.text)
    RTC_Handler                              0x000001bb   Thumb Code     0  startup_w7500x.o(.text)
    __user_initial_stackheap                 0x000001bd   Thumb Code    10  startup_w7500x.o(.text)
    GPIO_DeInit                              0x000001e1   Thumb Code    98  w7500x_gpio.o(.text)
    GPIO_Init                                0x00000243   Thumb Code   210  w7500x_gpio.o(.text)
    GPIO_StructInit                          0x00000315   Thumb Code    14  w7500x_gpio.o(.text)
    GPIO_ReadInputDataBit                    0x00000323   Thumb Code    14  w7500x_gpio.o(.text)
    GPIO_ReadInputData                       0x00000331   Thumb Code     6  w7500x_gpio.o(.text)
    GPIO_ReadOutputDataBit                   0x00000337   Thumb Code    14  w7500x_gpio.o(.text)
    GPIO_ReadOutputData                      0x00000345   Thumb Code     6  w7500x_gpio.o(.text)
    GPIO_SetBits                             0x0000034b   Thumb Code    28  w7500x_gpio.o(.text)
    GPIO_ResetBits                           0x00000367   Thumb Code    32  w7500x_gpio.o(.text)
    GPIO_WriteBit                            0x00000387   Thumb Code    52  w7500x_gpio.o(.text)
    GPIO_Write                               0x000003bb   Thumb Code     4  w7500x_gpio.o(.text)
    GPIO_ToggleBits                          0x000003bf   Thumb Code     8  w7500x_gpio.o(.text)
    GPIO_INT_Enable_Bits                     0x000003c7   Thumb Code    26  w7500x_gpio.o(.text)
    GPIO_INT_Enable                          0x000003e1   Thumb Code    16  w7500x_gpio.o(.text)
    GPIO_INT_Polarity_Bits                   0x000003f1   Thumb Code    20  w7500x_gpio.o(.text)
    GPIO_INT_Polarity                        0x00000405   Thumb Code    14  w7500x_gpio.o(.text)
    GPIO_INT_Clear                           0x00000413   Thumb Code     6  w7500x_gpio.o(.text)
    GPIO_Read_INTstatus                      0x00000419   Thumb Code    14  w7500x_gpio.o(.text)
    PAD_AFConfig                             0x00000427   Thumb Code    94  w7500x_gpio.o(.text)
    GPIO_Configuration                       0x00000485   Thumb Code    76  w7500x_gpio.o(.text)
    GPIO_INT_Configuration                   0x000004d1   Thumb Code   134  w7500x_gpio.o(.text)
    UART_StructInit                          0x00000575   Thumb Code    26  w7500x_uart.o(.text)
    UART_DeInit                              0x0000058f   Thumb Code     2  w7500x_uart.o(.text)
    UART_Init                                0x00000591   Thumb Code   152  w7500x_uart.o(.text)
    UART_FIFO_Enable                         0x00000629   Thumb Code    24  w7500x_uart.o(.text)
    UART_FIFO_Disable                        0x00000641   Thumb Code    10  w7500x_uart.o(.text)
    UART_SendData                            0x0000064b   Thumb Code     4  w7500x_uart.o(.text)
    UART_ReceiveData                         0x0000064f   Thumb Code     6  w7500x_uart.o(.text)
    UART_SendBreak                           0x00000655   Thumb Code    10  w7500x_uart.o(.text)
    UART_GetRecvStatus                       0x0000065f   Thumb Code    14  w7500x_uart.o(.text)
    UART_ClearRecvStatus                     0x0000066d   Thumb Code     4  w7500x_uart.o(.text)
    UART_GetFlagStatus                       0x00000671   Thumb Code    14  w7500x_uart.o(.text)
    UART_ClearFlag                           0x0000067f   Thumb Code     2  w7500x_uart.o(.text)
    UART_ITConfig                            0x00000681   Thumb Code    20  w7500x_uart.o(.text)
    UART_GetITStatus                         0x00000695   Thumb Code    14  w7500x_uart.o(.text)
    UART_ClearITPendingBit                   0x000006a3   Thumb Code     8  w7500x_uart.o(.text)
    UART_DMA_Config                          0x000006ab   Thumb Code     8  w7500x_uart.o(.text)
    S_UART_DeInit                            0x000006b3   Thumb Code     2  w7500x_uart.o(.text)
    S_UART_SetBaud                           0x000006b5   Thumb Code    36  w7500x_uart.o(.text)
    S_UART_Init                              0x000006d9   Thumb Code    24  w7500x_uart.o(.text)
    S_UART_SendData                          0x000006f1   Thumb Code    12  w7500x_uart.o(.text)
    S_UART_ReceiveData                       0x000006fd   Thumb Code     8  w7500x_uart.o(.text)
    S_UART_GetFlagStatus                     0x00000705   Thumb Code    16  w7500x_uart.o(.text)
    S_UART_SetCTRL                           0x00000715   Thumb Code    18  w7500x_uart.o(.text)
    S_UART_ITConfig                          0x00000727   Thumb Code    18  w7500x_uart.o(.text)
    S_UART_GetITStatus                       0x00000739   Thumb Code    16  w7500x_uart.o(.text)
    S_UART_ClearITPendingBit                 0x00000749   Thumb Code    10  w7500x_uart.o(.text)
    UartPutc                                 0x00000753   Thumb Code    12  w7500x_uart.o(.text)
    UartPuts                                 0x0000075f   Thumb Code    28  w7500x_uart.o(.text)
    UartGetc                                 0x0000077b   Thumb Code    12  w7500x_uart.o(.text)
    S_UartPutc                               0x00000787   Thumb Code    12  w7500x_uart.o(.text)
    S_UartPuts                               0x00000793   Thumb Code    24  w7500x_uart.o(.text)
    S_UartGetc                               0x000007ab   Thumb Code    14  w7500x_uart.o(.text)
    WIZCHIP_READ                             0x000007d1   Thumb Code     4  w7500x_wztoe.o(.text)
    WIZCHIP_WRITE                            0x000007d5   Thumb Code     4  w7500x_wztoe.o(.text)
    WIZCHIP_READ_BUF                         0x000007d9   Thumb Code    24  w7500x_wztoe.o(.text)
    WIZCHIP_WRITE_BUF                        0x000007f1   Thumb Code    24  w7500x_wztoe.o(.text)
    wiz_send_data                            0x00000809   Thumb Code    40  w7500x_wztoe.o(.text)
    wiz_recv_data                            0x00000831   Thumb Code    40  w7500x_wztoe.o(.text)
    wiz_recv_macraw_data                     0x00000859   Thumb Code    52  w7500x_wztoe.o(.text)
    wiz_recv_ignore                          0x0000088d   Thumb Code    32  w7500x_wztoe.o(.text)
    SystemCoreClockUpdate                    0x000008b9   Thumb Code    56  system_w7500x.o(.text)
    GetSystemClock                           0x000008f1   Thumb Code     6  system_w7500x.o(.text)
    SystemInit                               0x000008f7   Thumb Code    68  system_w7500x.o(.text)
    delay                                    0x00000951   Thumb Code    16  main.o(.text)
    GPIO_Setting                             0x00000961   Thumb Code    84  main.o(.text)
    UART_Configuration                       0x000009b5   Thumb Code    18  main.o(.text)
    main                                     0x000009c7   Thumb Code   674  main.o(.text)
    TimingDelay_Decrement                    0x00000c69   Thumb Code    16  main.o(.text)
    fputc                                    0x00000de1   Thumb Code    12  retarget.o(.text)
    fgetc                                    0x00000ded   Thumb Code    20  retarget.o(.text)
    ferror                                   0x00000e01   Thumb Code     6  retarget.o(.text)
    _ttywrch                                 0x00000e07   Thumb Code    12  retarget.o(.text)
    _sys_exit                                0x00000e13   Thumb Code     2  retarget.o(.text)
    NMI_Handler                              0x00000e19   Thumb Code     2  w7500x_it.o(.text)
    HardFault_Handler                        0x00000e1b   Thumb Code     2  w7500x_it.o(.text)
    SVC_Handler                              0x00000e1d   Thumb Code     2  w7500x_it.o(.text)
    PendSV_Handler                           0x00000e1f   Thumb Code     2  w7500x_it.o(.text)
    SysTick_Handler                          0x00000e21   Thumb Code     8  w7500x_it.o(.text)
    SSP0_Handler                             0x00000e29   Thumb Code     2  w7500x_it.o(.text)
    SSP1_Handler                             0x00000e2b   Thumb Code     2  w7500x_it.o(.text)
    UART0_Handler                            0x00000e2d   Thumb Code     2  w7500x_it.o(.text)
    UART1_Handler                            0x00000e2f   Thumb Code     2  w7500x_it.o(.text)
    UART2_Handler                            0x00000e31   Thumb Code     2  w7500x_it.o(.text)
    PORT0_Handler                            0x00000e33   Thumb Code     2  w7500x_it.o(.text)
    PORT1_Handler                            0x00000e35   Thumb Code     2  w7500x_it.o(.text)
    PORT2_Handler                            0x00000e37   Thumb Code     2  w7500x_it.o(.text)
    PORT3_Handler                            0x00000e39   Thumb Code     2  w7500x_it.o(.text)
    DMA_Handler                              0x00000e3b   Thumb Code     2  w7500x_it.o(.text)
    DUALTIMER0_Handler                       0x00000e3d   Thumb Code     2  w7500x_it.o(.text)
    DUALTIMER1_Handler                       0x00000e3f   Thumb Code     2  w7500x_it.o(.text)
    PWM0_Handler                             0x00000e41   Thumb Code     2  w7500x_it.o(.text)
    PWM1_Handler                             0x00000e43   Thumb Code     2  w7500x_it.o(.text)
    PWM2_Handler                             0x00000e45   Thumb Code     2  w7500x_it.o(.text)
    PWM3_Handler                             0x00000e47   Thumb Code     2  w7500x_it.o(.text)
    PWM4_Handler                             0x00000e49   Thumb Code     2  w7500x_it.o(.text)
    PWM5_Handler                             0x00000e4b   Thumb Code     2  w7500x_it.o(.text)
    PWM6_Handler                             0x00000e4d   Thumb Code     2  w7500x_it.o(.text)
    PWM7_Handler                             0x00000e4f   Thumb Code     2  w7500x_it.o(.text)
    ADC_Handler                              0x00000e51   Thumb Code     2  w7500x_it.o(.text)
    WZTOE_Handler                            0x00000e53   Thumb Code     2  w7500x_it.o(.text)
    EXTI_Handler                             0x00000e55   Thumb Code     2  w7500x_it.o(.text)
    close                                    0x00000e59   Thumb Code    96  socket.o(.text)
    socket                                   0x00000eb9   Thumb Code   214  socket.o(.text)
    listen                                   0x00000f8f   Thumb Code   110  socket.o(.text)
    connect                                  0x00000ffd   Thumb Code   264  socket.o(.text)
    disconnect                               0x00001105   Thumb Code   132  socket.o(.text)
    send                                     0x00001189   Thumb Code   288  socket.o(.text)
    recv                                     0x000012a9   Thumb Code   206  socket.o(.text)
    sendto                                   0x00001377   Thumb Code   356  socket.o(.text)
    recvfrom                                 0x000014db   Thumb Code   472  socket.o(.text)
    ctlsocket                                0x000016b3   Thumb Code   170  socket.o(.text)
    setsockopt                               0x0000175d   Thumb Code   208  socket.o(.text)
    getsockopt                               0x0000182d   Thumb Code   234  socket.o(.text)
    wizchip_cris_enter                       0x00001931   Thumb Code     2  wizchip_conf.o(.text)
    wizchip_cris_exit                        0x00001933   Thumb Code     2  wizchip_conf.o(.text)
    wizchip_cs_select                        0x00001935   Thumb Code     2  wizchip_conf.o(.text)
    wizchip_cs_deselect                      0x00001937   Thumb Code     2  wizchip_conf.o(.text)
    wizchip_bus_readbyte                     0x00001939   Thumb Code     4  wizchip_conf.o(.text)
    wizchip_bus_writebyte                    0x0000193d   Thumb Code     4  wizchip_conf.o(.text)
    wizchip_spi_readbyte                     0x00001941   Thumb Code     4  wizchip_conf.o(.text)
    wizchip_spi_writebyte                    0x00001945   Thumb Code     2  wizchip_conf.o(.text)
    reg_wizchip_cris_cbfunc                  0x00001947   Thumb Code    26  wizchip_conf.o(.text)
    reg_wizchip_cs_cbfunc                    0x00001961   Thumb Code    26  wizchip_conf.o(.text)
    reg_wizchip_bus_cbfunc                   0x0000197b   Thumb Code    34  wizchip_conf.o(.text)
    reg_wizchip_spi_cbfunc                   0x0000199d   Thumb Code    34  wizchip_conf.o(.text)
    wizphy_getphylink                        0x000019bf   Thumb Code     6  wizchip_conf.o(.text)
    wizphy_getphypmode                       0x000019c5   Thumb Code     6  wizchip_conf.o(.text)
    wizchip_getinterruptmask                 0x000019cb   Thumb Code    26  wizchip_conf.o(.text)
    wizchip_setinterruptmask                 0x000019e5   Thumb Code    28  wizchip_conf.o(.text)
    wizchip_getinterrupt                     0x00001a01   Thumb Code    28  wizchip_conf.o(.text)
    wizchip_clrinterrupt                     0x00001a1d   Thumb Code    30  wizchip_conf.o(.text)
    wizchip_sw_reset                         0x00001a3b   Thumb Code   332  wizchip_conf.o(.text)
    wizchip_init                             0x00001b87   Thumb Code   118  wizchip_conf.o(.text)
    ctlwizchip                               0x00001bfd   Thumb Code   114  wizchip_conf.o(.text)
    wizchip_gettimeout                       0x00001c6f   Thumb Code    24  wizchip_conf.o(.text)
    wizchip_settimeout                       0x00001c87   Thumb Code    24  wizchip_conf.o(.text)
    wizchip_getnetmode                       0x00001c9f   Thumb Code    10  wizchip_conf.o(.text)
    wizchip_setnetmode                       0x00001ca9   Thumb Code    38  wizchip_conf.o(.text)
    wizchip_getnetinfo                       0x00001ccf   Thumb Code   264  wizchip_conf.o(.text)
    wizchip_setnetinfo                       0x00001dd7   Thumb Code   210  wizchip_conf.o(.text)
    ctlnetwork                               0x00001ea9   Thumb Code    74  wizchip_conf.o(.text)
    unescape_http_url                        0x00001f23   Thumb Code    56  httpparser.o(.text)
    make_http_response_head                  0x00001f5b   Thumb Code   176  httpparser.o(.text)
    find_http_uri_type                       0x0000200b   Thumb Code  1260  httpparser.o(.text)
    parse_http_request                       0x000024f7   Thumb Code   152  httpparser.o(.text)
    ATOI                                     0x0000258f   Thumb Code    34  httpparser.o(.text)
    mid                                      0x000025b1   Thumb Code    50  httpparser.o(.text)
    get_http_param_value                     0x000025e3   Thumb Code   160  httpparser.o(.text)
    get_http_uri_name                        0x00002683   Thumb Code    50  httpparser.o(.text)
    inet_addr_                               0x000026b5   Thumb Code    64  httpparser.o(.text)
    default_mcu_reset                        0x00002761   Thumb Code     2  httpserver.o(.text)
    default_wdt_reset                        0x00002763   Thumb Code     2  httpserver.o(.text)
    httpServer_Sockinit                      0x00002765   Thumb Code    22  httpserver.o(.text)
    httpServer_init                          0x0000277b   Thumb Code    76  httpserver.o(.text)
    reg_httpServer_cbfunc                    0x000027c7   Thumb Code    18  httpserver.o(.text)
    read_userReg_webContent                  0x000027d9   Thumb Code    58  httpserver.o(.text)
    get_httpServer_timecount                 0x000028f7   Thumb Code     8  httpserver.o(.text)
    find_userReg_webContent                  0x000029c3   Thumb Code    64  httpserver.o(.text)
    httpServer_run                           0x00002f2f   Thumb Code   492  httpserver.o(.text)
    httpServer_time_handler                  0x0000311b   Thumb Code   834  httpserver.o(.text)
    reg_httpServer_webContent                0x0000345d   Thumb Code    70  httpserver.o(.text)
    display_reg_webContent_list              0x000034a3   Thumb Code   104  httpserver.o(.text)
    make_json_netinfo                        0x000035e1   Thumb Code   132  httputil.o(.text)
    predefined_get_cgi_processor             0x00003665   Thumb Code    44  httputil.o(.text)
    http_get_cgi_handler                     0x00003691   Thumb Code    50  httputil.o(.text)
    set_LED                                  0x000036c3   Thumb Code   114  httputil.o(.text)
    predefined_set_cgi_processor             0x00003735   Thumb Code    64  httputil.o(.text)
    http_post_cgi_handler                    0x00003775   Thumb Code    72  httputil.o(.text)
    idle_MDIO                                0x00003801   Thumb Code    42  w7500x_miim.o(.text)
    input_MDIO                               0x0000382b   Thumb Code    60  w7500x_miim.o(.text)
    turnaround_MDIO                          0x00003867   Thumb Code    50  w7500x_miim.o(.text)
    output_MDIO                              0x00003899   Thumb Code    76  w7500x_miim.o(.text)
    mdio_read                                0x000038e5   Thumb Code    84  w7500x_miim.o(.text)
    link                                     0x00003939   Thumb Code    18  w7500x_miim.o(.text)
    mdio_write                               0x0000394b   Thumb Code    76  w7500x_miim.o(.text)
    set_link                                 0x00003997   Thumb Code    24  w7500x_miim.o(.text)
    mdio_init                                0x000039af   Thumb Code    54  w7500x_miim.o(.text)
    PHY_Init                                 0x000039e5   Thumb Code    46  w7500x_miim.o(.text)
    loopback_tcps                            0x00003a1d   Thumb Code   298  loopback.o(.text)
    loopback_tcpc                            0x00003b47   Thumb Code   252  loopback.o(.text)
    loopback_udps                            0x00003c43   Thumb Code   166  loopback.o(.text)
    __I$use$semihosting                      0x00003e09   Thumb Code     0  use_no_semi.o(.text)
    __use_no_semihosting_swi                 0x00003e09   Thumb Code     2  use_no_semi.o(.text)
    __2printf                                0x00003e0d   Thumb Code    22  __2printf.o(.text)
    __2sprintf                               0x00003e29   Thumb Code    40  __2sprintf.o(.text)
    _printf_str                              0x00003e55   Thumb Code    82  _printf_str.o(.text)
    _printf_int_dec                          0x00003ea9   Thumb Code    90  _printf_dec.o(.text)
    _printf_int_hex                          0x00003f15   Thumb Code    84  _printf_hex_int.o(.text)
    _printf_longlong_hex                     0x00003f15   Thumb Code     0  _printf_hex_int.o(.text)
    __printf                                 0x00003f6d   Thumb Code   352  __printf_ss_wp.o(.text)
    strtok                                   0x000040cd   Thumb Code    10  strtok.o(.text)
    strstr                                   0x000040dd   Thumb Code    40  strstr.o(.text)
    strcpy                                   0x00004105   Thumb Code    70  strcpy.o(.text)
    strlen                                   0x00004151   Thumb Code    62  strlen.o(.text)
    strcat                                   0x00004195   Thumb Code    24  strcat.o(.text)
    __aeabi_memcpy                           0x000041ad   Thumb Code   130  rt_memcpy.o(.text)
    __rt_memcpy                              0x000041ad   Thumb Code     0  rt_memcpy.o(.text)
    _memset_w                                0x0000422f   Thumb Code    26  rt_memclr.o(.text)
    _memset                                  0x00004249   Thumb Code    30  rt_memclr.o(.text)
    __aeabi_memclr                           0x00004267   Thumb Code     4  rt_memclr.o(.text)
    __rt_memclr                              0x00004267   Thumb Code     0  rt_memclr.o(.text)
    __aeabi_memclr4                          0x0000426b   Thumb Code     0  rt_memclr.o(.text)
    __aeabi_memclr8                          0x0000426b   Thumb Code     0  rt_memclr.o(.text)
    __rt_memclr_w                            0x0000426b   Thumb Code     4  rt_memclr.o(.text)
    strncpy                                  0x00004271   Thumb Code   104  strncpy.o(.text)
    strcmp                                   0x000042dd   Thumb Code   132  strcmp.o(.text)
    __aeabi_uidiv                            0x00004365   Thumb Code     0  aeabi_sdiv.o(.text)
    __aeabi_uidivmod                         0x00004365   Thumb Code    20  aeabi_sdiv.o(.text)
    __aeabi_idiv                             0x00004379   Thumb Code     0  aeabi_sdiv.o(.text)
    __aeabi_idivmod                          0x00004379   Thumb Code   326  aeabi_sdiv.o(.text)
    __use_two_region_memory                  0x000044bf   Thumb Code     2  heapauxi.o(.text)
    __rt_heap_escrow$2region                 0x000044c1   Thumb Code     2  heapauxi.o(.text)
    __rt_heap_expand$2region                 0x000044c3   Thumb Code     2  heapauxi.o(.text)
    __aeabi_dadd                             0x000047bd   Thumb Code     0  daddsub.o(.text)
    _dadd                                    0x000047bd   Thumb Code    26  daddsub.o(.text)
    __aeabi_dsub                             0x000047d7   Thumb Code     0  daddsub.o(.text)
    _dsub                                    0x000047d7   Thumb Code    22  daddsub.o(.text)
    __aeabi_drsub                            0x000047ed   Thumb Code     0  daddsub.o(.text)
    _drsb                                    0x000047ed   Thumb Code    28  daddsub.o(.text)
    __aeabi_d2uiz                            0x0000481d   Thumb Code     0  dfixui.o(.text)
    _dfixu                                   0x0000481d   Thumb Code    68  dfixui.o(.text)
    __aeabi_f2d                              0x00004865   Thumb Code     0  f2d.o(.text)
    _f2d                                     0x00004865   Thumb Code    80  f2d.o(.text)
    __aeabi_fdiv                             0x000048b9   Thumb Code     0  fdiv.o(.text)
    _fdiv                                    0x000048b9   Thumb Code   334  fdiv.o(.text)
    _frdiv                                   0x00004a07   Thumb Code     8  fdiv.o(.text)
    __aeabi_f2uiz                            0x00004a19   Thumb Code     0  ffixui.o(.text)
    _ffixu                                   0x00004a19   Thumb Code    48  ffixui.o(.text)
    __aeabi_i2f_normalise                    0x00004a49   Thumb Code    72  fflti.o(.text)
    __aeabi_i2f                              0x00004a91   Thumb Code    16  fflti.o(.text)
    _fflt                                    0x00004a91   Thumb Code     0  fflti.o(.text)
    __aeabi_ui2f                             0x00004aa1   Thumb Code     6  fflti.o(.text)
    _ffltu                                   0x00004aa1   Thumb Code     0  fflti.o(.text)
    __ARM_scalbnf                            0x00004aa9   Thumb Code    64  fscalbn.o(.text)
    _printf_int_common                       0x00004aed   Thumb Code   176  _printf_intcommon.o(.text)
    _printf_char_common                      0x00004ba7   Thumb Code    32  _printf_char_common.o(.text)
    _sputc                                   0x00004bcd   Thumb Code    10  _sputc.o(.text)
    _printf_cs_common                        0x00004bd7   Thumb Code    22  _printf_char.o(.text)
    _printf_char                             0x00004bed   Thumb Code    16  _printf_char.o(.text)
    _printf_string                           0x00004bfd   Thumb Code     8  _printf_char.o(.text)
    _printf_char_file                        0x00004c05   Thumb Code    34  _printf_char_file.o(.text)
    __strtok_internal                        0x00004c2d   Thumb Code    66  strtok_int.o(.text)
    __rt_udiv10                              0x00004c75   Thumb Code    40  rtudiv10.o(.text)
    strcspn                                  0x00004c9d   Thumb Code    34  strcspn.o(.text)
    strspn                                   0x00004cbf   Thumb Code    32  strspn.o(.text)
    __user_setup_stackheap                   0x00004cdf   Thumb Code    62  sys_stackheap_outer.o(.text)
    exit                                     0x00004d1d   Thumb Code    16  exit.o(.text)
    __user_libspace                          0x00004d2d   Thumb Code     8  libspace.o(.text)
    __user_perproc_libspace                  0x00004d2d   Thumb Code     0  libspace.o(.text)
    __user_perthread_libspace                0x00004d2d   Thumb Code     0  libspace.o(.text)
    __ARM_common_switch8                     0x00004d35   Thumb Code    26  socket.o(i.__ARM_common_switch8)
    _is_digit                                0x00004d4f   Thumb Code    14  __printf_wp.o(i._is_digit)
    __aeabi_fadd                             0x00004d5d   Thumb Code     0  faddsub.o(x$fpl$fadd)
    _fadd                                    0x00004d5d   Thumb Code   134  faddsub.o(x$fpl$fadd)
    __aeabi_frsub                            0x00004de9   Thumb Code     0  faddsub.o(x$fpl$frsb)
    _frsb                                    0x00004de9   Thumb Code    24  faddsub.o(x$fpl$frsb)
    __aeabi_fsub                             0x00004e01   Thumb Code     0  faddsub.o(x$fpl$fsub)
    _fsub                                    0x00004e01   Thumb Code   204  faddsub.o(x$fpl$fsub)
    __I$use$fp                               0x00004ed0   Number         0  usenofp.o(x$fpl$usenofp)
    Region$$Table$$Base                      0x000064c4   Number         0  anon$$obj.o(Region$$Table)
    Region$$Table$$Limit                     0x000064e4   Number         0  anon$$obj.o(Region$$Table)
    SystemFrequency                          0x20000000   Data           4  system_w7500x.o(.data)
    SystemCoreClock                          0x20000004   Data           4  system_w7500x.o(.data)
    socknumlist                              0x2000000c   Data           6  main.o(.data)
    __stdout                                 0x20000014   Data           4  retarget.o(.data)
    WIZCHIP                                  0x20000030   Data          32  wizchip_conf.o(.data)
    HTTPServer_ReStart                       0x20000054   Data           4  httpserver.o(.data)
    HTTPServer_WDT_Reset                     0x20000058   Data           4  httpserver.o(.data)
    pHTTP_TX                                 0x20000068   Data           4  httpserver.o(.data)
    pHTTP_RX                                 0x2000006c   Data           4  httpserver.o(.data)
    httpServer_tick_1s                       0x20000070   Data           4  httpserver.o(.data)
    RX_BUF                                   0x20000080   Data        2048  main.o(.bss)
    TX_BUF                                   0x20000880   Data        2048  main.o(.bss)
    BUFPUB                                   0x20001090   Data         256  httpparser.o(.bss)
    HTTPSock_Status                          0x20001190   Data        1184  httpserver.o(.bss)
    web_content                              0x20001630   Data         560  httpserver.o(.bss)
    __libspace_start                         0x20001860   Data          96  libspace.o(.bss)
    __temporary_stack_top$libspace           0x200018c0   Data           0  libspace.o(.bss)



==============================================================================

Memory Map of the image

  Image Entry point : 0x000000a9

  Load Region LR_IROM1 (Base: 0x00000000, Size: 0x00006564, Max: 0x00020000, ABSOLUTE)

    Execution Region ER_IROM1 (Exec base: 0x00000000, Load base: 0x00000000, Size: 0x000064e4, Max: 0x00020000, ABSOLUTE)

    Exec Addr    Load Addr    Size         Type   Attr      Idx    E Section Name        Object

    0x00000000   0x00000000   0x000000a8   Data   RO            3    RESET               startup_w7500x.o
    0x000000a8   0x000000a8   0x00000008   Code   RO          548  * !!!main             c_p.l(__main.o)
    0x000000b0   0x000000b0   0x0000003c   Code   RO          754    !!!scatter          c_p.l(__scatter.o)
    0x000000ec   0x000000ec   0x0000001a   Code   RO          756    !!handler_copy      c_p.l(__scatter_copy.o)
    0x00000106   0x00000106   0x00000002   PAD
    0x00000108   0x00000108   0x0000001c   Code   RO          758    !!handler_zi        c_p.l(__scatter_zi.o)
    0x00000124   0x00000124   0x00000002   Code   RO          520    .ARM.Collect$$_printf_percent$$00000000  c_p.l(_printf_percent.o)
    0x00000126   0x00000126   0x0000000a   Code   RO          519    .ARM.Collect$$_printf_percent$$00000009  c_p.l(_printf_d.o)
    0x00000130   0x00000130   0x0000000a   Code   RO          518    .ARM.Collect$$_printf_percent$$0000000C  c_p.l(_printf_x.o)
    0x0000013a   0x0000013a   0x0000000a   Code   RO          517    .ARM.Collect$$_printf_percent$$00000014  c_p.l(_printf_s.o)
    0x00000144   0x00000144   0x00000004   Code   RO          586    .ARM.Collect$$_printf_percent$$00000017  c_p.l(_printf_percent_end.o)
    0x00000148   0x00000148   0x00000002   Code   RO          629    .ARM.Collect$$libinit$$00000000  c_p.l(libinit.o)
    0x0000014a   0x0000014a   0x00000000   Code   RO          643    .ARM.Collect$$libinit$$00000002  c_p.l(libinit2.o)
    0x0000014a   0x0000014a   0x00000000   Code   RO          645    .ARM.Collect$$libinit$$00000004  c_p.l(libinit2.o)
    0x0000014a   0x0000014a   0x00000000   Code   RO          648    .ARM.Collect$$libinit$$0000000A  c_p.l(libinit2.o)
    0x0000014a   0x0000014a   0x00000000   Code   RO          650    .ARM.Collect$$libinit$$0000000C  c_p.l(libinit2.o)
    0x0000014a   0x0000014a   0x00000000   Code   RO          652    .ARM.Collect$$libinit$$0000000E  c_p.l(libinit2.o)
    0x0000014a   0x0000014a   0x00000000   Code   RO          655    .ARM.Collect$$libinit$$00000011  c_p.l(libinit2.o)
    0x0000014a   0x0000014a   0x00000000   Code   RO          657    .ARM.Collect$$libinit$$00000013  c_p.l(libinit2.o)
    0x0000014a   0x0000014a   0x00000000   Code   RO          659    .ARM.Collect$$libinit$$00000015  c_p.l(libinit2.o)
    0x0000014a   0x0000014a   0x00000000   Code   RO          661    .ARM.Collect$$libinit$$00000017  c_p.l(libinit2.o)
    0x0000014a   0x0000014a   0x00000000   Code   RO          663    .ARM.Collect$$libinit$$00000019  c_p.l(libinit2.o)
    0x0000014a   0x0000014a   0x00000000   Code   RO          665    .ARM.Collect$$libinit$$0000001B  c_p.l(libinit2.o)
    0x0000014a   0x0000014a   0x00000000   Code   RO          667    .ARM.Collect$$libinit$$0000001D  c_p.l(libinit2.o)
    0x0000014a   0x0000014a   0x00000000   Code   RO          669    .ARM.Collect$$libinit$$0000001F  c_p.l(libinit2.o)
    0x0000014a   0x0000014a   0x00000000   Code   RO          671    .ARM.Collect$$libinit$$00000021  c_p.l(libinit2.o)
    0x0000014a   0x0000014a   0x00000000   Code   RO          673    .ARM.Collect$$libinit$$00000023  c_p.l(libinit2.o)
    0x0000014a   0x0000014a   0x00000000   Code   RO          675    .ARM.Collect$$libinit$$00000025  c_p.l(libinit2.o)
    0x0000014a   0x0000014a   0x00000000   Code   RO          679    .ARM.Collect$$libinit$$0000002C  c_p.l(libinit2.o)
    0x0000014a   0x0000014a   0x00000000   Code   RO          681    .ARM.Collect$$libinit$$0000002E  c_p.l(libinit2.o)
    0x0000014a   0x0000014a   0x00000000   Code   RO          683    .ARM.Collect$$libinit$$00000030  c_p.l(libinit2.o)
    0x0000014a   0x0000014a   0x00000000   Code   RO          685    .ARM.Collect$$libinit$$00000032  c_p.l(libinit2.o)
    0x0000014a   0x0000014a   0x00000002   Code   RO          686    .ARM.Collect$$libinit$$00000033  c_p.l(libinit2.o)
    0x0000014c   0x0000014c   0x00000002   Code   RO          710    .ARM.Collect$$libshutdown$$00000000  c_p.l(libshutdown.o)
    0x0000014e   0x0000014e   0x00000000   Code   RO          736    .ARM.Collect$$libshutdown$$00000002  c_p.l(libshutdown2.o)
    0x0000014e   0x0000014e   0x00000000   Code   RO          738    .ARM.Collect$$libshutdown$$00000004  c_p.l(libshutdown2.o)
    0x0000014e   0x0000014e   0x00000000   Code   RO          741    .ARM.Collect$$libshutdown$$00000007  c_p.l(libshutdown2.o)
    0x0000014e   0x0000014e   0x00000000   Code   RO          744    .ARM.Collect$$libshutdown$$0000000A  c_p.l(libshutdown2.o)
    0x0000014e   0x0000014e   0x00000000   Code   RO          746    .ARM.Collect$$libshutdown$$0000000C  c_p.l(libshutdown2.o)
    0x0000014e   0x0000014e   0x00000000   Code   RO          749    .ARM.Collect$$libshutdown$$0000000F  c_p.l(libshutdown2.o)
    0x0000014e   0x0000014e   0x00000002   Code   RO          750    .ARM.Collect$$libshutdown$$00000010  c_p.l(libshutdown2.o)
    0x00000150   0x00000150   0x00000000   Code   RO          571    .ARM.Collect$$rtentry$$00000000  c_p.l(__rtentry.o)
    0x00000150   0x00000150   0x00000000   Code   RO          593    .ARM.Collect$$rtentry$$00000002  c_p.l(__rtentry2.o)
    0x00000150   0x00000150   0x00000006   Code   RO          605    .ARM.Collect$$rtentry$$00000004  c_p.l(__rtentry4.o)
    0x00000156   0x00000156   0x00000000   Code   RO          595    .ARM.Collect$$rtentry$$00000009  c_p.l(__rtentry2.o)
    0x00000156   0x00000156   0x00000004   Code   RO          596    .ARM.Collect$$rtentry$$0000000A  c_p.l(__rtentry2.o)
    0x0000015a   0x0000015a   0x00000000   Code   RO          598    .ARM.Collect$$rtentry$$0000000C  c_p.l(__rtentry2.o)
    0x0000015a   0x0000015a   0x00000008   Code   RO          599    .ARM.Collect$$rtentry$$0000000D  c_p.l(__rtentry2.o)
    0x00000162   0x00000162   0x00000002   Code   RO          634    .ARM.Collect$$rtexit$$00000000  c_p.l(rtexit.o)
    0x00000164   0x00000164   0x00000000   Code   RO          688    .ARM.Collect$$rtexit$$00000002  c_p.l(rtexit2.o)
    0x00000164   0x00000164   0x00000004   Code   RO          689    .ARM.Collect$$rtexit$$00000003  c_p.l(rtexit2.o)
    0x00000168   0x00000168   0x00000006   Code   RO          690    .ARM.Collect$$rtexit$$00000004  c_p.l(rtexit2.o)
    0x0000016e   0x0000016e   0x00000002   PAD
    0x00000170   0x00000170   0x00000038   Code   RO          532    .emb_text           c_p.l(rt_memcpy.o)
    0x000001a8   0x000001a8   0x00000038   Code   RO            4    .text               startup_w7500x.o
    0x000001e0   0x000001e0   0x00000394   Code   RO           55    .text               w7500x_gpio.o
    0x00000574   0x00000574   0x0000025c   Code   RO           82    .text               w7500x_uart.o
    0x000007d0   0x000007d0   0x000000e8   Code   RO          106    .text               w7500x_wztoe.o
    0x000008b8   0x000008b8   0x00000098   Code   RO          134    .text               system_w7500x.o
    0x00000950   0x00000950   0x00000490   Code   RO          160    .text               main.o
    0x00000de0   0x00000de0   0x00000038   Code   RO          208    .text               retarget.o
    0x00000e18   0x00000e18   0x0000003e   Code   RO          245    .text               w7500x_it.o
    0x00000e56   0x00000e56   0x00000002   PAD
    0x00000e58   0x00000e58   0x00000ad8   Code   RO          268    .text               socket.o
    0x00001930   0x00001930   0x000005cc   Code   RO          293    .text               wizchip_conf.o
    0x00001efc   0x00001efc   0x00000864   Code   RO          327    .text               httpparser.o
    0x00002760   0x00002760   0x00000e80   Code   RO          358    .text               httpserver.o
    0x000035e0   0x000035e0   0x00000220   Code   RO          394    .text               httputil.o
    0x00003800   0x00003800   0x0000021c   Code   RO          418    .text               w7500x_miim.o
    0x00003a1c   0x00003a1c   0x000003ec   Code   RO          440    .text               loopback.o
    0x00003e08   0x00003e08   0x00000002   Code   RO          460    .text               c_p.l(use_no_semi.o)
    0x00003e0a   0x00003e0a   0x00000002   PAD
    0x00003e0c   0x00003e0c   0x0000001c   Code   RO          462    .text               c_p.l(__2printf.o)
    0x00003e28   0x00003e28   0x0000002c   Code   RO          464    .text               c_p.l(__2sprintf.o)
    0x00003e54   0x00003e54   0x00000052   Code   RO          472    .text               c_p.l(_printf_str.o)
    0x00003ea6   0x00003ea6   0x00000002   PAD
    0x00003ea8   0x00003ea8   0x0000006c   Code   RO          474    .text               c_p.l(_printf_dec.o)
    0x00003f14   0x00003f14   0x00000058   Code   RO          479    .text               c_p.l(_printf_hex_int.o)
    0x00003f6c   0x00003f6c   0x00000160   Code   RO          512    .text               c_p.l(__printf_ss_wp.o)
    0x000040cc   0x000040cc   0x00000010   Code   RO          521    .text               c_p.l(strtok.o)
    0x000040dc   0x000040dc   0x00000028   Code   RO          524    .text               c_p.l(strstr.o)
    0x00004104   0x00004104   0x0000004c   Code   RO          526    .text               c_p.l(strcpy.o)
    0x00004150   0x00004150   0x00000044   Code   RO          528    .text               c_p.l(strlen.o)
    0x00004194   0x00004194   0x00000018   Code   RO          530    .text               c_p.l(strcat.o)
    0x000041ac   0x000041ac   0x00000082   Code   RO          533    .text               c_p.l(rt_memcpy.o)
    0x0000422e   0x0000422e   0x00000040   Code   RO          536    .text               c_p.l(rt_memclr.o)
    0x0000426e   0x0000426e   0x00000002   PAD
    0x00004270   0x00004270   0x0000006c   Code   RO          538    .text               c_p.l(strncpy.o)
    0x000042dc   0x000042dc   0x00000088   Code   RO          540    .text               c_p.l(strcmp.o)
    0x00004364   0x00004364   0x0000015a   Code   RO          542    .text               c_p.l(aeabi_sdiv.o)
    0x000044be   0x000044be   0x00000006   Code   RO          546    .text               c_p.l(heapauxi.o)
    0x000044c4   0x000044c4   0x00000358   Code   RO          550    .text               fz_ps.l(daddsub.o)
    0x0000481c   0x0000481c   0x00000048   Code   RO          552    .text               fz_ps.l(dfixui.o)
    0x00004864   0x00004864   0x00000054   Code   RO          554    .text               fz_ps.l(f2d.o)
    0x000048b8   0x000048b8   0x00000160   Code   RO          562    .text               fz_ps.l(fdiv.o)
    0x00004a18   0x00004a18   0x00000030   Code   RO          565    .text               fz_ps.l(ffixui.o)
    0x00004a48   0x00004a48   0x0000005e   Code   RO          567    .text               fz_ps.l(fflti.o)
    0x00004aa6   0x00004aa6   0x00000002   PAD
    0x00004aa8   0x00004aa8   0x00000044   Code   RO          569    .text               fz_ps.l(fscalbn.o)
    0x00004aec   0x00004aec   0x000000b0   Code   RO          576    .text               c_p.l(_printf_intcommon.o)
    0x00004b9c   0x00004b9c   0x00000030   Code   RO          578    .text               c_p.l(_printf_char_common.o)
    0x00004bcc   0x00004bcc   0x0000000a   Code   RO          580    .text               c_p.l(_sputc.o)
    0x00004bd6   0x00004bd6   0x0000002e   Code   RO          582    .text               c_p.l(_printf_char.o)
    0x00004c04   0x00004c04   0x00000028   Code   RO          584    .text               c_p.l(_printf_char_file.o)
    0x00004c2c   0x00004c2c   0x00000048   Code   RO          587    .text               c_p.l(strtok_int.o)
    0x00004c74   0x00004c74   0x00000028   Code   RO          589    .text               c_p.l(rtudiv10.o)
    0x00004c9c   0x00004c9c   0x00000022   Code   RO          611    .text               c_p.l(strcspn.o)
    0x00004cbe   0x00004cbe   0x00000020   Code   RO          613    .text               c_p.l(strspn.o)
    0x00004cde   0x00004cde   0x0000003e   Code   RO          615    .text               c_p.l(sys_stackheap_outer.o)
    0x00004d1c   0x00004d1c   0x00000010   Code   RO          618    .text               c_p.l(exit.o)
    0x00004d2c   0x00004d2c   0x00000008   Code   RO          630    .text               c_p.l(libspace.o)
    0x00004d34   0x00004d34   0x0000001a   Code   RO          286    i.__ARM_common_switch8  socket.o
    0x00004d4e   0x00004d4e   0x0000000e   Code   RO          507    i._is_digit         c_p.l(__printf_wp.o)
    0x00004d5c   0x00004d5c   0x0000008c   Code   RO          556    x$fpl$fadd          fz_ps.l(faddsub.o)
    0x00004de8   0x00004de8   0x00000018   Code   RO          557    x$fpl$frsb          fz_ps.l(faddsub.o)
    0x00004e00   0x00004e00   0x000000d0   Code   RO          558    x$fpl$fsub          fz_ps.l(faddsub.o)
    0x00004ed0   0x00004ed0   0x00000000   Code   RO          591    x$fpl$usenofp       fz_ps.l(usenofp.o)
    0x00004ed0   0x00004ed0   0x0000010f   Data   RO          360    .constdata          httpserver.o
    0x00004fdf   0x00004fdf   0x00000028   Data   RO          480    .constdata          c_p.l(_printf_hex_int.o)
    0x00005007   0x00005007   0x00000040   Data   RO          563    .constdata          fz_ps.l(fdiv.o)
    0x00005047   0x00005047   0x00000001   PAD
    0x00005048   0x00005048   0x00000fc5   Data   RO          162    .conststring        main.o
    0x0000600d   0x0000600d   0x00000003   PAD
    0x00006010   0x00006010   0x000002bc   Data   RO          329    .conststring        httpparser.o
    0x000062cc   0x000062cc   0x000000da   Data   RO          361    .conststring        httpserver.o
    0x000063a6   0x000063a6   0x00000002   PAD
    0x000063a8   0x000063a8   0x000000d5   Data   RO          395    .conststring        httputil.o
    0x0000647d   0x0000647d   0x00000003   PAD
    0x00006480   0x00006480   0x00000044   Data   RO          419    .conststring        w7500x_miim.o
    0x000064c4   0x000064c4   0x00000020   Data   RO          752    Region$$Table       anon$$obj.o


    Execution Region RW_IRAM1 (Exec base: 0x20000000, Load base: 0x000064e4, Size: 0x000020c0, Max: 0x00004000, ABSOLUTE)

    Exec Addr    Load Addr    Size         Type   Attr      Idx    E Section Name        Object

    0x20000000   0x000064e4   0x00000008   Data   RW          135    .data               system_w7500x.o
    0x20000008   0x000064ec   0x0000000a   Data   RW          163    .data               main.o
    0x20000012   0x000064f6   0x00000002   PAD
    0x20000014   0x000064f8   0x00000004   Data   RW          209    .data               retarget.o
    0x20000018   0x000064fc   0x0000000e   Data   RW          270    .data               socket.o
    0x20000026   0x0000650a   0x00000002   PAD
    0x20000028   0x0000650c   0x00000028   Data   RW          294    .data               wizchip_conf.o
    0x20000050   0x00006534   0x0000002c   Data   RW          362    .data               httpserver.o
    0x2000007c   0x00006560   0x00000004   Data   RW          522    .data               c_p.l(strtok.o)
    0x20000080        -       0x00001000   Zero   RW          161    .bss                main.o
    0x20001080        -       0x00000010   Zero   RW          269    .bss                socket.o
    0x20001090        -       0x00000100   Zero   RW          328    .bss                httpparser.o
    0x20001190        -       0x000006d0   Zero   RW          359    .bss                httpserver.o
    0x20001860        -       0x00000060   Zero   RW          631    .bss                c_p.l(libspace.o)
    0x200018c0        -       0x00000400   Zero   RW            2    HEAP                startup_w7500x.o
    0x20001cc0        -       0x00000400   Zero   RW            1    STACK               startup_w7500x.o


==============================================================================

Image component sizes


      Code (inc. data)   RO Data    RW Data    ZI Data      Debug   Object Name

      2148        878        700          0        256       8636   httpparser.o
      3712       1846        489         44       1744      12071   httpserver.o
       544         68        213          0          0       6665   httputil.o
      1004        288          0          0          0       2988   loopback.o
      1168        342       4037         10       4096      15779   main.o
        56          4          0          4          0       3134   retarget.o
      2802        104          0         14         16       9155   socket.o
        56         26        168          0       2048        872   startup_w7500x.o
       152         22          0          8          0       1572   system_w7500x.o
         0          0          0          0          0      22244   w7500x_crg.o
       916         16          0          0          0      15559   w7500x_gpio.o
        62          0          0          0          0       3012   w7500x_it.o
       540         10         68          0          0       3251   w7500x_miim.o
       604         24          0          0          0      14403   w7500x_uart.o
       232         12          0          0          0       3267   w7500x_wztoe.o
      1484         82          0         40          0      10746   wizchip_conf.o

    ----------------------------------------------------------------------
     15482       3722       5715        124       8160     133354   Object Totals
         0          0         32          0          0          0   (incl. Generated)
         2          0          8          4          0          0   (incl. Padding)

    ----------------------------------------------------------------------

      Code (inc. data)   RO Data    RW Data    ZI Data      Debug   Library Member Name

        28          6          0          0          0         84   __2printf.o
        44          4          0          0          0         84   __2sprintf.o
         8          0          0          0          0         68   __main.o
       352          0          0          0          0         76   __printf_ss_wp.o
        14          0          0          0          0         60   __printf_wp.o
         0          0          0          0          0          0   __rtentry.o
        12          0          0          0          0          0   __rtentry2.o
         6          0          0          0          0          0   __rtentry4.o
        60          8          0          0          0          0   __scatter.o
        26          0          0          0          0          0   __scatter_copy.o
        28          0          0          0          0          0   __scatter_zi.o
        46          0          0          0          0        100   _printf_char.o
        48          6          0          0          0         88   _printf_char_common.o
        40          6          0          0          0         72   _printf_char_file.o
        10          0          0          0          0          0   _printf_d.o
       108         18          0          0          0         76   _printf_dec.o
        88          4         40          0          0         72   _printf_hex_int.o
       176          0          0          0          0         84   _printf_intcommon.o
         2          0          0          0          0          0   _printf_percent.o
         4          0          0          0          0          0   _printf_percent_end.o
        10          0          0          0          0          0   _printf_s.o
        82          0          0          0          0         72   _printf_str.o
        10          0          0          0          0          0   _printf_x.o
        10          0          0          0          0         60   _sputc.o
       346          0          0          0          0         92   aeabi_sdiv.o
        16          0          0          0          0         68   exit.o
         6          0          0          0          0        136   heapauxi.o
         2          0          0          0          0          0   libinit.o
         2          0          0          0          0          0   libinit2.o
         2          0          0          0          0          0   libshutdown.o
         2          0          0          0          0          0   libshutdown2.o
         8          4          0          0         96         68   libspace.o
        64          0          0          0          0        108   rt_memclr.o
       186          0          0          0          0        144   rt_memcpy.o
         2          0          0          0          0          0   rtexit.o
        10          0          0          0          0          0   rtexit2.o
        40          0          0          0          0         60   rtudiv10.o
        24          0          0          0          0         60   strcat.o
       136          4          0          0          0         72   strcmp.o
        76          6          0          0          0         72   strcpy.o
        34          0          0          0          0         72   strcspn.o
        68          6          0          0          0         72   strlen.o
       108          4          0          0          0         76   strncpy.o
        32          0          0          0          0         72   strspn.o
        40          0          0          0          0         72   strstr.o
        16          6          0          4          0         68   strtok.o
        72          6          0          0          0         76   strtok_int.o
        62          0          0          0          0         80   sys_stackheap_outer.o
         2          0          0          0          0         68   use_no_semi.o
       856         20          0          0          0        208   daddsub.o
        72          4          0          0          0         68   dfixui.o
        84          4          0          0          0         60   f2d.o
       372          8          0          0          0        240   faddsub.o
       352         10         64          0          0         92   fdiv.o
        48          0          0          0          0         60   ffixui.o
        94          0          0          0          0         92   fflti.o
        68          4          0          0          0         68   fscalbn.o
         0          0          0          0          0          0   usenofp.o

    ----------------------------------------------------------------------
      4526        138        105          4         96       3420   Library Totals
        12          0          1          0          0          0   (incl. Padding)

    ----------------------------------------------------------------------

      Code (inc. data)   RO Data    RW Data    ZI Data      Debug   Library Name

      2568         88         40          4         96       2532   c_p.l
      1946         50         64          0          0        888   fz_ps.l

    ----------------------------------------------------------------------
      4526        138        105          4         96       3420   Library Totals

    ----------------------------------------------------------------------

==============================================================================


      Code (inc. data)   RO Data    RW Data    ZI Data      Debug   

     20008       3860       5820        128       8256     133474   Grand Totals
     20008       3860       5820        128       8256     133474   ELF Image Totals
     20008       3860       5820        128          0          0   ROM Totals

==============================================================================

    Total RO  Size (Code + RO Data)                25828 (  25.22kB)
    Total RW  Size (RW Data + ZI Data)              8384 (   8.19kB)
    Total ROM Size (Code + RO Data + RW Data)      25956 (  25.35kB)

==============================================================================

