Component: ARM Compiler 5.06 update 6 (build 750) Tool: armlink [4d35ed]

==============================================================================

Section Cross References

    startup_w7500x.o(STACK) refers (Special) to heapauxi.o(.text) for __use_two_region_memory
    startup_w7500x.o(HEAP) refers (Special) to heapauxi.o(.text) for __use_two_region_memory
    startup_w7500x.o(RESET) refers (Special) to heapauxi.o(.text) for __use_two_region_memory
    startup_w7500x.o(RESET) refers to startup_w7500x.o(STACK) for __initial_sp
    startup_w7500x.o(RESET) refers to startup_w7500x.o(.text) for Reset_Handler
    startup_w7500x.o(RESET) refers to w7500x_it.o(i.NMI_Handler) for NMI_Handler
    startup_w7500x.o(RESET) refers to w7500x_it.o(i.HardFault_Handler) for HardFault_Handler
    startup_w7500x.o(RESET) refers to w7500x_it.o(i.SVC_Handler) for SVC_Handler
    startup_w7500x.o(RESET) refers to w7500x_it.o(i.PendSV_Handler) for PendSV_Handler
    startup_w7500x.o(RESET) refers to w7500x_it.o(i.SysTick_Handler) for SysTick_Handler
    startup_w7500x.o(RESET) refers to w7500x_it.o(i.SSP0_Handler) for SSP0_Handler
    startup_w7500x.o(RESET) refers to w7500x_it.o(i.SSP1_Handler) for SSP1_Handler
    startup_w7500x.o(RESET) refers to w7500x_it.o(i.UART0_Handler) for UART0_Handler
    startup_w7500x.o(RESET) refers to w7500x_it.o(i.UART1_Handler) for UART1_Handler
    startup_w7500x.o(RESET) refers to w7500x_it.o(i.UART2_Handler) for UART2_Handler
    startup_w7500x.o(RESET) refers to w7500x_it.o(i.PORT0_Handler) for PORT0_Handler
    startup_w7500x.o(RESET) refers to w7500x_it.o(i.PORT1_Handler) for PORT1_Handler
    startup_w7500x.o(RESET) refers to w7500x_it.o(i.PORT2_Handler) for PORT2_Handler
    startup_w7500x.o(RESET) refers to w7500x_it.o(i.PORT3_Handler) for PORT3_Handler
    startup_w7500x.o(RESET) refers to w7500x_it.o(i.DMA_Handler) for DMA_Handler
    startup_w7500x.o(RESET) refers to w7500x_it.o(i.DUALTIMER0_Handler) for DUALTIMER0_Handler
    startup_w7500x.o(RESET) refers to w7500x_it.o(i.DUALTIMER1_Handler) for DUALTIMER1_Handler
    startup_w7500x.o(RESET) refers to w7500x_it.o(i.PWM0_Handler) for PWM0_Handler
    startup_w7500x.o(RESET) refers to w7500x_it.o(i.PWM1_Handler) for PWM1_Handler
    startup_w7500x.o(RESET) refers to w7500x_it.o(i.PWM2_Handler) for PWM2_Handler
    startup_w7500x.o(RESET) refers to w7500x_it.o(i.PWM3_Handler) for PWM3_Handler
    startup_w7500x.o(RESET) refers to w7500x_it.o(i.PWM4_Handler) for PWM4_Handler
    startup_w7500x.o(RESET) refers to w7500x_it.o(i.PWM5_Handler) for PWM5_Handler
    startup_w7500x.o(RESET) refers to w7500x_it.o(i.PWM6_Handler) for PWM6_Handler
    startup_w7500x.o(RESET) refers to w7500x_it.o(i.PWM7_Handler) for PWM7_Handler
    startup_w7500x.o(RESET) refers to w7500x_it.o(i.ADC_Handler) for ADC_Handler
    startup_w7500x.o(RESET) refers to w7500x_it.o(i.WZTOE_Handler) for WZTOE_Handler
    startup_w7500x.o(RESET) refers to w7500x_it.o(i.EXTI_Handler) for EXTI_Handler
    startup_w7500x.o(.text) refers (Special) to heapauxi.o(.text) for __use_two_region_memory
    startup_w7500x.o(.text) refers to system_w7500x.o(i.SystemInit) for SystemInit
    startup_w7500x.o(.text) refers to __main.o(!!!main) for __main
    startup_w7500x.o(.text) refers to startup_w7500x.o(HEAP) for Heap_Mem
    startup_w7500x.o(.text) refers to startup_w7500x.o(STACK) for Stack_Mem
    system_w7500x.o(i.GetSystemClock) refers to system_w7500x.o(.data) for .data
    system_w7500x.o(i.SystemCoreClockUpdate) refers to aeabi_sdiv.o(.text) for __aeabi_uidivmod
    system_w7500x.o(i.SystemCoreClockUpdate) refers to system_w7500x.o(.data) for .data
    system_w7500x.o(i.SystemInit) refers to aeabi_sdiv.o(.text) for __aeabi_uidivmod
    system_w7500x.o(i.SystemInit) refers to system_w7500x.o(.data) for .data
    w7500x_adc.o(i.ADC_DeInit) refers to w7500x_adc.o(i.ADC_PowerDownEnable) for ADC_PowerDownEnable
    w7500x_adc.o(i.ADC_DeInit) refers to w7500x_adc.o(i.ADC_InterruptMask) for ADC_InterruptMask
    w7500x_adc.o(i.ADC_Init) refers to w7500x_adc.o(i.ADC_PowerDownEnable) for ADC_PowerDownEnable
    w7500x_gpio.o(i.GPIO_Configuration) refers to w7500x_gpio.o(i.GPIO_StructInit) for GPIO_StructInit
    w7500x_gpio.o(i.GPIO_Configuration) refers to w7500x_gpio.o(i.GPIO_Init) for GPIO_Init
    w7500x_gpio.o(i.GPIO_Configuration) refers to w7500x_gpio.o(i.PAD_AFConfig) for PAD_AFConfig
    w7500x_gpio.o(i.GPIO_INT_Configuration) refers to w7500x_gpio.o(i.GPIO_StructInit) for GPIO_StructInit
    w7500x_gpio.o(i.GPIO_INT_Configuration) refers to w7500x_gpio.o(i.GPIO_Init) for GPIO_Init
    w7500x_gpio.o(i.GPIO_INT_Configuration) refers to w7500x_gpio.o(i.GPIO_INT_Polarity_Bits) for GPIO_INT_Polarity_Bits
    w7500x_gpio.o(i.GPIO_INT_Configuration) refers to w7500x_gpio.o(i.PAD_AFConfig) for PAD_AFConfig
    w7500x_gpio.o(i.GPIO_INT_Configuration) refers to w7500x_gpio.o(i.NVIC_EnableIRQ) for NVIC_EnableIRQ
[...]
    Removing w7500x_uart.o(.rev16_text), (4 bytes).
    Removing w7500x_uart.o(.revsh_text), (4 bytes).
    Removing w7500x_uart.o(i.S_UART_ClearITPendingBit), (16 bytes).
    Removing w7500x_uart.o(i.S_UART_DeInit), (2 bytes).
    Removing w7500x_uart.o(i.S_UART_GetFlagStatus), (20 bytes).
    Removing w7500x_uart.o(i.S_UART_GetITStatus), (20 bytes).
    Removing w7500x_uart.o(i.S_UART_ITConfig), (24 bytes).
    Removing w7500x_uart.o(i.S_UART_Init), (28 bytes).
    Removing w7500x_uart.o(i.S_UART_ReceiveData), (12 bytes).
    Removing w7500x_uart.o(i.S_UART_SendData), (16 bytes).
    Removing w7500x_uart.o(i.S_UART_SetBaud), (48 bytes).
    Removing w7500x_uart.o(i.S_UART_SetCTRL), (24 bytes).
    Removing w7500x_uart.o(i.S_UartGetc), (20 bytes).
    Removing w7500x_uart.o(i.S_UartPutc), (12 bytes).
    Removing w7500x_uart.o(i.S_UartPuts), (24 bytes).
    Removing w7500x_uart.o(i.UART_ClearFlag), (2 bytes).
    Removing w7500x_uart.o(i.UART_ClearITPendingBit), (8 bytes).
    Removing w7500x_uart.o(i.UART_ClearRecvStatus), (4 bytes).
    Removing w7500x_uart.o(i.UART_DMA_Config), (8 bytes).
    Removing w7500x_uart.o(i.UART_DeInit), (2 bytes).
    Removing w7500x_uart.o(i.UART_FIFO_Disable), (10 bytes).
    Removing w7500x_uart.o(i.UART_FIFO_Enable), (24 bytes).
    Removing w7500x_uart.o(i.UART_GetFlagStatus), (14 bytes).
    Removing w7500x_uart.o(i.UART_GetITStatus), (14 bytes).
    Removing w7500x_uart.o(i.UART_GetRecvStatus), (14 bytes).
    Removing w7500x_uart.o(i.UART_ITConfig), (20 bytes).
    Removing w7500x_uart.o(i.UART_ReceiveData), (6 bytes).
    Removing w7500x_uart.o(i.UART_SendBreak), (10 bytes).
    Removing w7500x_uart.o(i.UART_SendData), (4 bytes).
    Removing w7500x_uart.o(i.UartGetc), (12 bytes).
    Removing w7500x_uart.o(i.UartPutc), (12 bytes).
    Removing w7500x_uart.o(i.UartPuts), (28 bytes).
    Removing main.o(.rev16_text), (4 bytes).
    Removing main.o(.revsh_text), (4 bytes).
    Removing w7500x_it.o(.rev16_text), (4 bytes).
    Removing w7500x_it.o(.revsh_text), (4 bytes).

73 unused section(s) (total 1594 bytes) removed from the image.

==============================================================================

Image Symbol Table

    Local Symbols

    Symbol Name                              Value     Ov Type        Size  Object(Section)

    RESET                                    0x00000000   Section      168  startup_w7500x.o(RESET)
    ../clib/angel/boardlib.s                 0x00000000   Number         0  boardinit3.o ABSOLUTE
    ../clib/angel/boardlib.s                 0x00000000   Number         0  boardshut.o ABSOLUTE
    ../clib/angel/boardlib.s                 0x00000000   Number         0  boardinit2.o ABSOLUTE
    ../clib/angel/boardlib.s                 0x00000000   Number         0  boardinit1.o ABSOLUTE
    ../clib/angel/handlers.s                 0x00000000   Number         0  __scatter_copy.o ABSOLUTE
    ../clib/angel/handlers.s                 0x00000000   Number         0  __scatter_zi.o ABSOLUTE
    ../clib/angel/kernel.s                   0x00000000   Number         0  __rtentry.o ABSOLUTE
    ../clib/angel/kernel.s                   0x00000000   Number         0  rtexit.o ABSOLUTE
    ../clib/angel/kernel.s                   0x00000000   Number         0  __rtentry2.o ABSOLUTE
    ../clib/angel/kernel.s                   0x00000000   Number         0  rtexit2.o ABSOLUTE
    ../clib/angel/kernel.s                   0x00000000   Number         0  __rtentry4.o ABSOLUTE
    ../clib/angel/rt.s                       0x00000000   Number         0  aeabi_idiv0_sigfpe.o ABSOLUTE
    ../clib/angel/rt.s                       0x00000000   Number         0  aeabi_idiv0.o ABSOLUTE
    ../clib/angel/rt.s                       0x00000000   Number         0  rt_raise.o ABSOLUTE
    ../clib/angel/rt.s                       0x00000000   Number         0  rt_heap_descriptor.o ABSOLUTE
    ../clib/angel/rt.s                       0x00000000   Number         0  rt_errno_addr_intlibspace.o ABSOLUTE
    ../clib/angel/rt.s                       0x00000000   Number         0  rt_heap_descriptor_intlibspace.o ABSOLUTE
    ../clib/angel/rt.s                       0x00000000   Number         0  rt_errno_addr.o ABSOLUTE
    ../clib/angel/rt.s                       0x00000000   Number         0  rt_div0.o ABSOLUTE
    ../clib/angel/scatterp.s                 0x00000000   Number         0  __scatter.o ABSOLUTE
    ../clib/angel/startup.s                  0x00000000   Number         0  __main.o ABSOLUTE
    ../clib/angel/sys.s                      0x00000000   Number         0  sys_stackheap_outer.o ABSOLUTE
    ../clib/angel/sys.s                      0x00000000   Number         0  mutex_dummy.o ABSOLUTE
    ../clib/angel/sys.s                      0x00000000   Number         0  use_no_semi.o ABSOLUTE
    ../clib/angel/sys.s                      0x00000000   Number         0  indicate_semi.o ABSOLUTE
    ../clib/angel/sys.s                      0x00000000   Number         0  tempstk.o ABSOLUTE
    ../clib/angel/sys.s                      0x00000000   Number         0  libspace.o ABSOLUTE
    ../clib/angel/sysapp.c                   0x00000000   Number         0  sys_io.o ABSOLUTE
    ../clib/angel/sysapp.c                   0x00000000   Number         0  sys_exit.o ABSOLUTE
    ../clib/angel/sysapp.c                   0x00000000   Number         0  sys_command.o ABSOLUTE
    ../clib/angel/sysapp.c                   0x00000000   Number         0  sys_wrch.o ABSOLUTE
    ../clib/armsys.c                         0x00000000   Number         0  _get_argv.o ABSOLUTE
    ../clib/armsys.c                         0x00000000   Number         0  _get_argv_nomalloc.o ABSOLUTE
    ../clib/armsys.c                         0x00000000   Number         0  argv_veneer.o ABSOLUTE
    ../clib/armsys.c                         0x00000000   Number         0  no_argv.o ABSOLUTE
    ../clib/assert.c                         0x00000000   Number         0  assert_stdio.o ABSOLUTE
    ../clib/division.c                       0x00000000   Number         0  rtudiv10.o ABSOLUTE
    ../clib/division.s                       0x00000000   Number         0  aeabi_sdiv_div0.o ABSOLUTE
    ../clib/division.s                       0x00000000   Number         0  aeabi_sdiv.o ABSOLUTE
    ../clib/heap1.c                          0x00000000   Number         0  h1_alloc.o ABSOLUTE
    ../clib/heap1.c                          0x00000000   Number         0  h1_alloc_mt.o ABSOLUTE
    ../clib/heap1.c                          0x00000000   Number         0  h1_extend_mt.o ABSOLUTE
    ../clib/heap1.c                          0x00000000   Number         0  h1_init.o ABSOLUTE
    ../clib/heap1.c                          0x00000000   Number         0  h1_init_mt.o ABSOLUTE
    ../clib/heap1.c                          0x00000000   Number         0  h1_free.o ABSOLUTE
    ../clib/heap1.c                          0x00000000   Number         0  h1_free_mt.o ABSOLUTE
    ../clib/heap1.c                          0x00000000   Number         0  h1_final_mt.o ABSOLUTE
    ../clib/heap1.c                          0x00000000   Number         0  h1_final.o ABSOLUTE
    ../clib/heap1.c                          0x00000000   Number         0  h1_extend.o ABSOLUTE
    ../clib/heap2.c                          0x00000000   Number         0  fdtree.o ABSOLUTE
    ../clib/heap2.c                          0x00000000   Number         0  heap2.o ABSOLUTE
    ../clib/heap2.c                          0x00000000   Number         0  heap2mt.o ABSOLUTE
    ../clib/heapalloc.c                      0x00000000   Number         0  free.o ABSOLUTE
    ../clib/heapalloc.c                      0x00000000   Number         0  init_alloc.o ABSOLUTE
    ../clib/heapalloc.c                      0x00000000   Number         0  malloc.o ABSOLUTE
    ../clib/heapalloc.c                      0x00000000   Number         0  heapstubs.o ABSOLUTE
    ../clib/heapalloc.c                      0x00000000   Number         0  hrguard.o ABSOLUTE
    ../clib/heapalloc.c                      0x00000000   Number         0  hguard.o ABSOLUTE
    ../clib/heapalloc.c                      0x00000000   Number         0  term_alloc.o ABSOLUTE
    ../clib/heapalloc.c                      0x00000000   Number         0  maybetermalloc2.o ABSOLUTE
    ../clib/heapalloc.c                      0x00000000   Number         0  maybetermalloc2.o ABSOLUTE
    ../clib/heapalloc.c                      0x00000000   Number         0  maybetermalloc1.o ABSOLUTE
    ../clib/heapalloc.c                      0x00000000   Number         0  maybetermalloc1.o ABSOLUTE
    ../clib/heapaux.c                        0x00000000   Number         0  heapauxi.o ABSOLUTE
    ../clib/heapaux.c                        0x00000000   Number         0  heapauxa.o ABSOLUTE
    ../clib/libinit.s                        0x00000000   Number         0  libshutdown2.o ABSOLUTE
    ../clib/libinit.s                        0x00000000   Number         0  libinit2.o ABSOLUTE
    ../clib/libinit.s                        0x00000000   Number         0  libinit.o ABSOLUTE
    ../clib/libinit.s                        0x00000000   Number         0  libshutdown.o ABSOLUTE
    ../clib/memcpset.c                       0x00000000   Number         0  rt_memcpy.o ABSOLUTE
    ../clib/memcpset.c                       0x00000000   Number         0  rt_memcpy.o ABSOLUTE
    ../clib/memcpset.c                       0x00000000   Number         0  rt_memclr.o ABSOLUTE
    ../clib/misc.s                           0x00000000   Number         0  printf_stubs.o ABSOLUTE
    ../clib/printf.c                         0x00000000   Number         0  __printf_flags_ss.o ABSOLUTE
    ../clib/printf.c                         0x00000000   Number         0  __printf_flags_wp.o ABSOLUTE
    ../clib/printf.c                         0x00000000   Number         0  __printf.o ABSOLUTE
    ../clib/printf.c                         0x00000000   Number         0  __printf_ss_wp.o ABSOLUTE
    ../clib/printf.c                         0x00000000   Number         0  noretval__2printf.o ABSOLUTE
    ../clib/printf.c                         0x00000000   Number         0  __2printf.o ABSOLUTE
    ../clib/printf.c                         0x00000000   Number         0  _printf_char_file_locked.o ABSOLUTE
    ../clib/printf.c                         0x00000000   Number         0  _printf_intcommon.o ABSOLUTE
    ../clib/printf.c                         0x00000000   Number         0  _printf_char_file.o ABSOLUTE
    ../clib/printf.c                         0x00000000   Number         0  _printf_dec.o ABSOLUTE
    ../clib/printf.c                         0x00000000   Number         0  _printf_pad.o ABSOLUTE
    ../clib/printf.c                         0x00000000   Number         0  __printf_wp.o ABSOLUTE
    ../clib/printf.c                         0x00000000   Number         0  __printf_flags.o ABSOLUTE
    ../clib/printf.c                         0x00000000   Number         0  _printf_char_common.o ABSOLUTE
    ../clib/printf.c                         0x00000000   Number         0  __printf_nopercent.o ABSOLUTE
    ../clib/printf.c                         0x00000000   Number         0  __printf_ss.o ABSOLUTE
    ../clib/printf.c                         0x00000000   Number         0  __printf_flags_ss_wp.o ABSOLUTE
    ../clib/printf_percent.s                 0x00000000   Number         0  _printf_d.o ABSOLUTE
    ../clib/printf_percent.s                 0x00000000   Number         0  _printf_percent.o ABSOLUTE
    ../clib/printf_percent.s                 0x00000000   Number         0  _printf_percent_end.o ABSOLUTE
    ../clib/signal.c                         0x00000000   Number         0  defsig_rtmem_outer.o ABSOLUTE
    ../clib/signal.c                         0x00000000   Number         0  defsig_general.o ABSOLUTE
    ../clib/signal.c                         0x00000000   Number         0  __raise.o ABSOLUTE
    ../clib/signal.c                         0x00000000   Number         0  defsig_rtred_inner.o ABSOLUTE
    ../clib/signal.c                         0x00000000   Number         0  defsig_fpe_inner.o ABSOLUTE
    ../clib/signal.c                         0x00000000   Number         0  defsig_exit.o ABSOLUTE
    ../clib/signal.c                         0x00000000   Number         0  defsig_other.o ABSOLUTE
    ../clib/signal.c                         0x00000000   Number         0  defsig_rtred_formal.o ABSOLUTE
    ../clib/signal.c                         0x00000000   Number         0  defsig_segv_inner.o ABSOLUTE
    ../clib/signal.c                         0x00000000   Number         0  defsig_rtred_outer.o ABSOLUTE
    ../clib/signal.c                         0x00000000   Number         0  defsig_fpe_formal.o ABSOLUTE
    ../clib/signal.c                         0x00000000   Number         0  defsig_fpe_outer.o ABSOLUTE
    ../clib/signal.c                         0x00000000   Number         0  defsig_cppl_inner.o ABSOLUTE
    ../clib/signal.c                         0x00000000   Number         0  defsig_pvfn_inner.o ABSOLUTE
    ../clib/signal.c                         0x00000000   Number         0  defsig_stak_inner.o ABSOLUTE
    ../clib/signal.c                         0x00000000   Number         0  defsig_abrt_inner.o ABSOLUTE
    ../clib/signal.c                         0x00000000   Number         0  defsig_rtmem_inner.o ABSOLUTE
    ../clib/signal.c                         0x00000000   Number         0  defsig_rtmem_formal.o ABSOLUTE
    ../clib/signal.s                         0x00000000   Number         0  defsig.o ABSOLUTE
    ../clib/stdio.c                          0x00000000   Number         0  fputc_locked.o ABSOLUTE
    ../clib/stdio.c                          0x00000000   Number         0  fflush.o ABSOLUTE
    ../clib/stdio.c                          0x00000000   Number         0  initio.o ABSOLUTE
    ../clib/stdio.c                          0x00000000   Number         0  flsbuf.o ABSOLUTE
    ../clib/stdio.c                          0x00000000   Number         0  ferror.o ABSOLUTE
    ../clib/stdio.c                          0x00000000   Number         0  fputc.o ABSOLUTE
    ../clib/stdio.c                          0x00000000   Number         0  setvbuf.o ABSOLUTE
    ../clib/stdio.c                          0x00000000   Number         0  streamlock.o ABSOLUTE
    ../clib/stdio.c                          0x00000000   Number         0  fopen.o ABSOLUTE
    ../clib/stdio.c                          0x00000000   Number         0  fwritefast_locked.o ABSOLUTE
    ../clib/stdio.c                          0x00000000   Number         0  fclose.o ABSOLUTE
    ../clib/stdio.c                          0x00000000   Number         0  setvbuf_locked.o ABSOLUTE
    ../clib/stdio.c                          0x00000000   Number         0  fopen_locked.o ABSOLUTE
    ../clib/stdio.c                          0x00000000   Number         0  fwritefast.o ABSOLUTE
    ../clib/stdio.c                          0x00000000   Number         0  fputs.o ABSOLUTE
    ../clib/stdio.c                          0x00000000   Number         0  stdio.o ABSOLUTE
    ../clib/stdio.c                          0x00000000   Number         0  ftell.o ABSOLUTE
    ../clib/stdio.c                          0x00000000   Number         0  fseek.o ABSOLUTE
    ../clib/stdio.c                          0x00000000   Number         0  fputs_locked.o ABSOLUTE
    ../clib/stdio.c                          0x00000000   Number         0  stdio_streams.o ABSOLUTE
    ../clib/stdio.c                          0x00000000   Number         0  fflush_locked.o ABSOLUTE
    ../clib/stdio.c                          0x00000000   Number         0  ferror_locked.o ABSOLUTE
    ../clib/stdio.c                          0x00000000   Number         0  initio_locked.o ABSOLUTE
    ../clib/stdlib.c                         0x00000000   Number         0  exit.o ABSOLUTE
    ../clib/string.c                         0x00000000   Number         0  strlen.o ABSOLUTE
    ../clib/wchar.c                          0x00000000   Number         0  flsbuf_fwide.o ABSOLUTE
    ../fplib/cfplib/daddsub.c                0x00000000   Number         0  daddsub.o ABSOLUTE
    ../fplib/cfplib/f2d.c                    0x00000000   Number         0  f2d.o ABSOLUTE
    ../fplib/cfplib/fdiv.c                   0x00000000   Number         0  fdiv.o ABSOLUTE
    ../fplib/cfplib/ffix.c                   0x00000000   Number         0  ffixui.o ABSOLUTE
    ../fplib/cfplib/ffix.c                   0x00000000   Number         0  dfixui.o ABSOLUTE
    ../fplib/cfplib/fflt.c                   0x00000000   Number         0  fflti.o ABSOLUTE
    ../fplib/cfplib/fpinit.c                 0x00000000   Number         0  fpinit.o ABSOLUTE
    ../fplib/cfplib/scalbn.c                 0x00000000   Number         0  fscalbn.o ABSOLUTE
    ../fplib/faddsub6m.s                     0x00000000   Number         0  faddsub.o ABSOLUTE
    ../fplib/usenofp.s                       0x00000000   Number         0  usenofp.o ABSOLUTE
    W7500\W7500x_Library_Examples\Libraries\CMSIS\Device\WIZnet\W7500\Source\ARM\startup_W7500x.s 0x00000000   Number         0  startup_w7500x.o ABSOLUTE
    W7500\W7500x_Library_Examples\Libraries\CMSIS\Device\WIZnet\W7500\Source\system_W7500x.c 0x00000000   Number         0  system_w7500x.o ABSOLUTE
    W7500\W7500x_Library_Examples\Libraries\W7500x_stdPeriph_Driver\src\W7500x_adc.c 0x00000000   Number         0  w7500x_adc.o ABSOLUTE
    W7500\W7500x_Library_Examples\Libraries\W7500x_stdPeriph_Driver\src\W7500x_exti.c 0x00000000   Number         0  w7500x_exti.o ABSOLUTE
    W7500\W7500x_Library_Examples\Libraries\W7500x_stdPeriph_Driver\src\W7500x_gpio.c 0x00000000   Number         0  w7500x_gpio.o ABSOLUTE
    W7500\W7500x_Library_Examples\Libraries\W7500x_stdPeriph_Driver\src\W7500x_uart.c 0x00000000   Number         0  w7500x_uart.o ABSOLUTE
    W7500\\W7500x_Library_Examples\\Libraries\\CMSIS\\Device\\WIZnet\\W7500\\Source\\system_W7500x.c 0x00000000   Number         0  system_w7500x.o ABSOLUTE
    W7500\\W7500x_Library_Examples\\Libraries\\W7500x_stdPeriph_Driver\\src\\W7500x_adc.c 0x00000000   Number         0  w7500x_adc.o ABSOLUTE
    W7500\\W7500x_Library_Examples\\Libraries\\W7500x_stdPeriph_Driver\\src\\W7500x_exti.c 0x00000000   Number         0  w7500x_exti.o ABSOLUTE
    W7500\\W7500x_Library_Examples\\Libraries\\W7500x_stdPeriph_Driver\\src\\W7500x_gpio.c 0x00000000   Number         0  w7500x_gpio.o ABSOLUTE
    W7500\\W7500x_Library_Examples\\Libraries\\W7500x_stdPeriph_Driver\\src\\W7500x_uart.c 0x00000000   Number         0  w7500x_uart.o ABSOLUTE
    W7500x_it.c                              0x00000000   Number         0  w7500x_it.o ABSOLUTE
    W7500x_it.c                              0x00000000   Number         0  w7500x_it.o ABSOLUTE
    dc.s                                     0x00000000   Number         0  dc.o ABSOLUTE
    main.c                                   0x00000000   Number         0  main.o ABSOLUTE
    main.c                                   0x00000000   Number         0  main.o ABSOLUTE
    !!!main                                  0x000000a8   Section        8  __main.o(!!!main)
    !!!scatter                               0x000000b0   Section       60  __scatter.o(!!!scatter)
    !!handler_copy                           0x000000ec   Section       26  __scatter_copy.o(!!handler_copy)
    !!handler_zi                             0x00000108   Section       28  __scatter_zi.o(!!handler_zi)
    .ARM.Collect$$_printf_percent$$00000000  0x00000124   Section        2  _printf_percent.o(.ARM.Collect$$_printf_percent$$00000000)
    .ARM.Collect$$_printf_percent$$00000009  0x00000126   Section       10  _printf_d.o(.ARM.Collect$$_printf_percent$$00000009)
    .ARM.Collect$$_printf_percent$$00000017  0x00000130   Section        4  _printf_percent_end.o(.ARM.Collect$$_printf_percent$$00000017)
    .ARM.Collect$$libinit$$00000000          0x00000134   Section        2  libinit.o(.ARM.Collect$$libinit$$00000000)
    .ARM.Collect$$libinit$$00000002          0x00000136   Section        0  libinit2.o(.ARM.Collect$$libinit$$00000002)
    .ARM.Collect$$libinit$$00000004          0x00000136   Section        0  libinit2.o(.ARM.Collect$$libinit$$00000004)
    .ARM.Collect$$libinit$$00000005          0x00000136   Section        8  libinit2.o(.ARM.Collect$$libinit$$00000005)
    .ARM.Collect$$libinit$$0000000A          0x0000013e   Section        0  libinit2.o(.ARM.Collect$$libinit$$0000000A)
    .ARM.Collect$$libinit$$0000000C          0x0000013e   Section        0  libinit2.o(.ARM.Collect$$libinit$$0000000C)
    .ARM.Collect$$libinit$$0000000E          0x0000013e   Section        0  libinit2.o(.ARM.Collect$$libinit$$0000000E)
    .ARM.Collect$$libinit$$00000011          0x0000013e   Section        0  libinit2.o(.ARM.Collect$$libinit$$00000011)
    .ARM.Collect$$libinit$$00000013          0x0000013e   Section        0  libinit2.o(.ARM.Collect$$libinit$$00000013)
    .ARM.Collect$$libinit$$00000015          0x0000013e   Section        0  libinit2.o(.ARM.Collect$$libinit$$00000015)
    .ARM.Collect$$libinit$$00000017          0x0000013e   Section        0  libinit2.o(.ARM.Collect$$libinit$$00000017)
    .ARM.Collect$$libinit$$00000019          0x0000013e   Section        0  libinit2.o(.ARM.Collect$$libinit$$00000019)
    .ARM.Collect$$libinit$$0000001B          0x0000013e   Section        0  libinit2.o(.ARM.Collect$$libinit$$0000001B)
    .ARM.Collect$$libinit$$0000001D          0x0000013e   Section        0  libinit2.o(.ARM.Collect$$libinit$$0000001D)
    .ARM.Collect$$libinit$$0000001F          0x0000013e   Section        0  libinit2.o(.ARM.Collect$$libinit$$0000001F)
    .ARM.Collect$$libinit$$00000021          0x0000013e   Section        0  libinit2.o(.ARM.Collect$$libinit$$00000021)
    .ARM.Collect$$libinit$$00000023          0x0000013e   Section        0  libinit2.o(.ARM.Collect$$libinit$$00000023)
    .ARM.Collect$$libinit$$00000024          0x0000013e   Section        4  libinit2.o(.ARM.Collect$$libinit$$00000024)
    .ARM.Collect$$libinit$$00000025          0x00000142   Section        0  libinit2.o(.ARM.Collect$$libinit$$00000025)
    .ARM.Collect$$libinit$$0000002C          0x00000142   Section        0  libinit2.o(.ARM.Collect$$libinit$$0000002C)
    .ARM.Collect$$libinit$$0000002E          0x00000142   Section        0  libinit2.o(.ARM.Collect$$libinit$$0000002E)
    .ARM.Collect$$libinit$$00000030          0x00000142   Section        0  libinit2.o(.ARM.Collect$$libinit$$00000030)
    .ARM.Collect$$libinit$$00000032          0x00000142   Section        0  libinit2.o(.ARM.Collect$$libinit$$00000032)
    .ARM.Collect$$libinit$$00000033          0x00000142   Section        2  libinit2.o(.ARM.Collect$$libinit$$00000033)
    .ARM.Collect$$libshutdown$$00000000      0x00000144   Section        2  libshutdown.o(.ARM.Collect$$libshutdown$$00000000)
    .ARM.Collect$$libshutdown$$00000002      0x00000146   Section        0  libshutdown2.o(.ARM.Collect$$libshutdown$$00000002)
    .ARM.Collect$$libshutdown$$00000003      0x00000146   Section        4  libshutdown2.o(.ARM.Collect$$libshutdown$$00000003)
    .ARM.Collect$$libshutdown$$00000004      0x0000014a   Section        0  libshutdown2.o(.ARM.Collect$$libshutdown$$00000004)
    .ARM.Collect$$libshutdown$$00000007      0x0000014a   Section        0  libshutdown2.o(.ARM.Collect$$libshutdown$$00000007)
    .ARM.Collect$$libshutdown$$0000000A      0x0000014a   Section        0  libshutdown2.o(.ARM.Collect$$libshutdown$$0000000A)
    .ARM.Collect$$libshutdown$$0000000C      0x0000014a   Section        0  libshutdown2.o(.ARM.Collect$$libshutdown$$0000000C)
    .ARM.Collect$$libshutdown$$0000000F      0x0000014a   Section        0  libshutdown2.o(.ARM.Collect$$libshutdown$$0000000F)
    .ARM.Collect$$libshutdown$$00000010      0x0000014a   Section        2  libshutdown2.o(.ARM.Collect$$libshutdown$$00000010)
    .ARM.Collect$$rtentry$$00000000          0x0000014c   Section        0  __rtentry.o(.ARM.Collect$$rtentry$$00000000)
    .ARM.Collect$$rtentry$$00000002          0x0000014c   Section        0  __rtentry2.o(.ARM.Collect$$rtentry$$00000002)
    .ARM.Collect$$rtentry$$00000004          0x0000014c   Section        6  __rtentry4.o(.ARM.Collect$$rtentry$$00000004)
    .ARM.Collect$$rtentry$$00000009          0x00000152   Section        0  __rtentry2.o(.ARM.Collect$$rtentry$$00000009)
    .ARM.Collect$$rtentry$$0000000A          0x00000152   Section        4  __rtentry2.o(.ARM.Collect$$rtentry$$0000000A)
    .ARM.Collect$$rtentry$$0000000C          0x00000156   Section        0  __rtentry2.o(.ARM.Collect$$rtentry$$0000000C)
    .ARM.Collect$$rtentry$$0000000D          0x00000156   Section        8  __rtentry2.o(.ARM.Collect$$rtentry$$0000000D)
    .ARM.Collect$$rtexit$$00000000           0x0000015e   Section        2  rtexit.o(.ARM.Collect$$rtexit$$00000000)
    .ARM.Collect$$rtexit$$00000002           0x00000160   Section        0  rtexit2.o(.ARM.Collect$$rtexit$$00000002)
    .ARM.Collect$$rtexit$$00000003           0x00000160   Section        4  rtexit2.o(.ARM.Collect$$rtexit$$00000003)
    .ARM.Collect$$rtexit$$00000004           0x00000164   Section        6  rtexit2.o(.ARM.Collect$$rtexit$$00000004)
    .emb_text                                0x0000016c   Section        0  maybetermalloc1.o(.emb_text)
    .text                                    0x0000016c   Section       56  startup_w7500x.o(.text)
    .text                                    0x000001a4   Section        0  noretval__2printf.o(.text)
    .text                                    0x000001c0   Section        0  _printf_pad.o(.text)
    .text                                    0x00000210   Section        0  _printf_dec.o(.text)
    .text                                    0x0000027c   Section        0  __printf_wp.o(.text)
    .text                                    0x0000038a   Section      346  aeabi_sdiv.o(.text)
    .text                                    0x000004e4   Section        0  heapauxi.o(.text)
    .text                                    0x000004ec   Section        0  daddsub.o(.text)
    _dadd1                                   0x000004ed   Thumb Code   290  daddsub.o(.text)
    _dsub1                                   0x0000060f   Thumb Code   470  daddsub.o(.text)
    .text                                    0x00000844   Section        0  dfixui.o(.text)
    .text                                    0x0000088c   Section        0  f2d.o(.text)
    .text                                    0x000008e0   Section        0  fdiv.o(.text)
    .text                                    0x00000a40   Section        0  ffixui.o(.text)
    .text                                    0x00000a70   Section        0  fflti.o(.text)
    .text                                    0x00000ad0   Section        0  fscalbn.o(.text)
    .text                                    0x00000b14   Section        0  _printf_intcommon.o(.text)
    .text                                    0x00000bc4   Section        0  _printf_char_file.o(.text)
    .text                                    0x00000bec   Section        0  rtudiv10.o(.text)
    .text                                    0x00000c14   Section        0  _printf_char_common.o(.text)
    _printf_input_char                       0x00000c15   Thumb Code    10  _printf_char_common.o(.text)
    .text                                    0x00000c44   Section        0  ferror.o(.text)
    .text                                    0x00000c4c   Section        0  initio.o(.text)
    .text                                    0x00000d88   Section        0  sys_io.o(.text)
    .text                                    0x00000dee   Section       62  sys_stackheap_outer.o(.text)
    .text                                    0x00000e2c   Section        0  h1_free.o(.text)
    .text                                    0x00000e78   Section        0  flsbuf.o(.text)
    .text                                    0x00001068   Section        0  setvbuf.o(.text)
    .text                                    0x000010b4   Section        0  fopen.o(.text)
    _freopen_locked                          0x000010b5   Thumb Code     0  fopen.o(.text)
    .text                                    0x0000119c   Section        0  fclose.o(.text)
    .text                                    0x000011e8   Section        0  exit.o(.text)
    .text                                    0x000011f8   Section        0  defsig_rtred_outer.o(.text)
    .text                                    0x00001204   Section        0  rt_memclr.o(.text)
    .text                                    0x00001244   Section        8  libspace.o(.text)
    .text                                    0x0000124c   Section        2  use_no_semi.o(.text)
    .text                                    0x0000124e   Section        0  indicate_semi.o(.text)
    .text                                    0x00001250   Section        8  rt_heap_descriptor_intlibspace.o(.text)
    .text                                    0x00001258   Section        0  hguard.o(.text)
    .text                                    0x0000125c   Section        0  init_alloc.o(.text)
    .text                                    0x000012e4   Section        0  h1_alloc.o(.text)
    .text                                    0x00001348   Section        0  fseek.o(.text)
    .text                                    0x0000143c   Section        0  stdio.o(.text)
    .text                                    0x0000152c   Section        0  defsig_exit.o(.text)
    .text                                    0x00001538   Section        0  defsig_rtred_inner.o(.text)
    .text                                    0x0000156c   Section        0  strlen.o(.text)
    .text                                    0x000015b0   Section        0  sys_exit.o(.text)
    .text                                    0x000015bc   Section        0  h1_init.o(.text)
    .text                                    0x000015ca   Section        0  h1_extend.o(.text)
    .text                                    0x000015fe   Section        0  ftell.o(.text)
    .text                                    0x00001640   Section        0  defsig_general.o(.text)
    .text                                    0x00001674   Section        0  defsig_rtmem_outer.o(.text)
    .text                                    0x00001680   Section        0  sys_wrch.o(.text)
    .text                                    0x0000168c   Section        8  rt_errno_addr_intlibspace.o(.text)
    .text                                    0x00001694   Section        0  defsig_rtmem_inner.o(.text)
    i.ADC_ChannelSelect                      0x000016e4   Section        0  w7500x_adc.o(i.ADC_ChannelSelect)
    i.ADC_Handler                            0x000016ec   Section        0  w7500x_it.o(i.ADC_Handler)
    i.ADC_Init                               0x000016ee   Section        0  w7500x_adc.o(i.ADC_Init)
    i.ADC_IsEOC                              0x000016f8   Section        0  w7500x_adc.o(i.ADC_IsEOC)
    i.ADC_PowerDownEnable                    0x00001708   Section        0  w7500x_adc.o(i.ADC_PowerDownEnable)
    i.ADC_Read                               0x0000171a   Section        0  main.o(i.ADC_Read)
    i.ADC_ReadData                           0x00001732   Section        0  w7500x_adc.o(i.ADC_ReadData)
    i.ADC_Start                              0x0000173c   Section        0  w7500x_adc.o(i.ADC_Start)
    i.DMA_Handler                            0x00001746   Section        0  w7500x_it.o(i.DMA_Handler)
    i.DUALTIMER0_Handler                     0x00001748   Section        0  w7500x_it.o(i.DUALTIMER0_Handler)
    i.DUALTIMER1_Handler                     0x0000174a   Section        0  w7500x_it.o(i.DUALTIMER1_Handler)
    i.EXTI_Handler                           0x0000174c   Section        0  w7500x_it.o(i.EXTI_Handler)
    i.GPIO_Init                              0x00001750   Section        0  w7500x_gpio.o(i.GPIO_Init)
    i.GPIO_ResetBits                         0x00001828   Section        0  w7500x_gpio.o(i.GPIO_ResetBits)
    i.GPIO_SetBits                           0x00001848   Section        0  w7500x_gpio.o(i.GPIO_SetBits)
    i.GPIO_Setting                           0x00001864   Section        0  main.o(i.GPIO_Setting)
    i.HardFault_Handler                      0x0000189a   Section        0  w7500x_it.o(i.HardFault_Handler)
    i.NMI_Handler                            0x0000189c   Section        0  w7500x_it.o(i.NMI_Handler)
    i.PAD_AFConfig                           0x000018a0   Section        0  w7500x_gpio.o(i.PAD_AFConfig)
    i.PORT0_Handler                          0x00001904   Section        0  w7500x_it.o(i.PORT0_Handler)
    i.PORT1_Handler                          0x00001906   Section        0  w7500x_it.o(i.PORT1_Handler)
    i.PORT2_Handler                          0x00001908   Section        0  w7500x_it.o(i.PORT2_Handler)
    i.PORT3_Handler                          0x0000190a   Section        0  w7500x_it.o(i.PORT3_Handler)
    i.PWM0_Handler                           0x0000190c   Section        0  w7500x_it.o(i.PWM0_Handler)
    i.PWM1_Handler                           0x0000190e   Section        0  w7500x_it.o(i.PWM1_Handler)
    i.PWM2_Handler                           0x00001910   Section        0  w7500x_it.o(i.PWM2_Handler)
    i.PWM3_Handler                           0x00001912   Section        0  w7500x_it.o(i.PWM3_Handler)
    i.PWM4_Handler                           0x00001914   Section        0  w7500x_it.o(i.PWM4_Handler)
    i.PWM5_Handler                           0x00001916   Section        0  w7500x_it.o(i.PWM5_Handler)
    i.PWM6_Handler                           0x00001918   Section        0  w7500x_it.o(i.PWM6_Handler)
    i.PWM7_Handler                           0x0000191a   Section        0  w7500x_it.o(i.PWM7_Handler)
    i.PendSV_Handler                         0x0000191c   Section        0  w7500x_it.o(i.PendSV_Handler)
    i.SSP0_Handler                           0x0000191e   Section        0  w7500x_it.o(i.SSP0_Handler)
    i.SSP1_Handler                           0x00001920   Section        0  w7500x_it.o(i.SSP1_Handler)
    i.SVC_Handler                            0x00001922   Section        0  w7500x_it.o(i.SVC_Handler)
    i.SysTick_Handler                        0x00001924   Section        0  w7500x_it.o(i.SysTick_Handler)
    i.SystemInit                             0x00001928   Section        0  system_w7500x.o(i.SystemInit)
    i.UART0_Handler                          0x00001980   Section        0  w7500x_it.o(i.UART0_Handler)
    i.UART1_Handler                          0x00001982   Section        0  w7500x_it.o(i.UART1_Handler)
    i.UART2_Handler                          0x00001984   Section        0  w7500x_it.o(i.UART2_Handler)
    i.UART_Configuration                     0x00001988   Section        0  main.o(i.UART_Configuration)
    i.UART_Init                              0x000019a0   Section        0  w7500x_uart.o(i.UART_Init)
    i.UART_StructInit                        0x00001a48   Section        0  w7500x_uart.o(i.UART_StructInit)
    i.WZTOE_Handler                          0x00001a62   Section        0  w7500x_it.o(i.WZTOE_Handler)
    i._is_digit                              0x00001a64   Section        0  __printf_wp.o(i._is_digit)
    i.delay_ms                               0x00001a74   Section        0  main.o(i.delay_ms)
    i.fputc                                  0x00001a90   Section        0  fputc.o(i.fputc)
    i.main                                   0x00001ab0   Section        0  main.o(i.main)
    i.on_off_rgb                             0x00001bb4   Section        0  main.o(i.on_off_rgb)
    x$fpl$fadd                               0x00001c04   Section      140  faddsub.o(x$fpl$fadd)
    _fadd1                                   0x00001c11   Thumb Code     0  faddsub.o(x$fpl$fadd)
    x$fpl$frsb                               0x00001c90   Section       24  faddsub.o(x$fpl$frsb)
    x$fpl$fsub                               0x00001ca8   Section      208  faddsub.o(x$fpl$fsub)
    _fsub1                                   0x00001cb5   Thumb Code     0  faddsub.o(x$fpl$fsub)
    .constdata                               0x00001d78   Section       64  fdiv.o(.constdata)
    x$fpl$usenofp                            0x00001d78   Section        0  usenofp.o(x$fpl$usenofp)
    fdiv_tab                                 0x00001d78   Data          64  fdiv.o(.constdata)
    .constdata                               0x00001db8   Section        4  sys_io.o(.constdata)
    .constdata                               0x00001dbc   Section        4  sys_io.o(.constdata)
    .constdata                               0x00001dc0   Section        4  sys_io.o(.constdata)
    .data                                    0x20000000   Section        8  system_w7500x.o(.data)
    .data                                    0x20000008   Section       16  main.o(.data)
    .data                                    0x20000018   Section        4  stdio_streams.o(.data)
    .data                                    0x2000001c   Section        4  stdio_streams.o(.data)
    .data                                    0x20000020   Section        4  stdio_streams.o(.data)
    .bss                                     0x20000024   Section       84  stdio_streams.o(.bss)
    .bss                                     0x20000078   Section       84  stdio_streams.o(.bss)
    .bss                                     0x200000cc   Section       84  stdio_streams.o(.bss)
    .bss                                     0x20000120   Section       96  libspace.o(.bss)
    HEAP                                     0x20000180   Section     1024  startup_w7500x.o(HEAP)
    Heap_Mem                                 0x20000180   Data        1024  startup_w7500x.o(HEAP)
    STACK                                    0x20000580   Section     1024  startup_w7500x.o(STACK)
    Stack_Mem                                0x20000580   Data        1024  startup_w7500x.o(STACK)
    __initial_sp                             0x20000980   Data           0  startup_w7500x.o(STACK)

    Global Symbols

    Symbol Name                              Value     Ov Type        Size  Object(Section)

    BuildAttributes$$THM_ISAv3M$S$PE$A:L22$X:L11$S22$IEEE1$IW$USESV6$~STKCKD$USESV7$~SHL$OTIME$ROPI$EBA8$UX$STANDARDLIB$REQ8$PRES8$EABIv2 0x00000000   Number         0  anon$$obj.o ABSOLUTE
    __ARM_use_no_argv                        0x00000000   Number         0  main.o ABSOLUTE
    __Vectors                                0x00000000   Data           4  startup_w7500x.o(RESET)
    _printf_flags                            0x00000000   Number         0  printf_stubs.o ABSOLUTE
    _printf_return_value                     0x00000000   Number         0  printf_stubs.o ABSOLUTE
    _printf_sizespec                         0x00000000   Number         0  printf_stubs.o ABSOLUTE
    _printf_widthprec                        0x00000000   Number         0  printf_stubs.o ABSOLUTE
    __ARM_exceptions_init                     - Undefined Weak Reference
    __alloca_initialize                       - Undefined Weak Reference
    __arm_preinit_                            - Undefined Weak Reference
    __cpp_initialize__aeabi_                  - Undefined Weak Reference
    __cxa_finalize                            - Undefined Weak Reference
    __rt_locale                               - Undefined Weak Reference
    __sigvec_lookup                           - Undefined Weak Reference
    __user_heap_extent                        - Undefined Weak Reference
    _atexit_init                              - Undefined Weak Reference
    _call_atexit_fns                          - Undefined Weak Reference
    _clock_init                               - Undefined Weak Reference
    _fp_trap_init                             - Undefined Weak Reference
    _fp_trap_shutdown                         - Undefined Weak Reference
    _get_lc_collate                           - Undefined Weak Reference
    _get_lc_ctype                             - Undefined Weak Reference
    _get_lc_monetary                          - Undefined Weak Reference
    _get_lc_numeric                           - Undefined Weak Reference
    _get_lc_time                              - Undefined Weak Reference
    _getenv_init                              - Undefined Weak Reference
    _handle_redirection                       - Undefined Weak Reference
    _mutex_acquire                            - Undefined Weak Reference
    _mutex_free                               - Undefined Weak Reference
    _mutex_release                            - Undefined Weak Reference
    _printf_truncate_signed                   - Undefined Weak Reference
    _printf_truncate_unsigned                 - Undefined Weak Reference
    _rand_init                                - Undefined Weak Reference
    _signal_finish                            - Undefined Weak Reference
    _signal_init                              - Undefined Weak Reference
    __Vectors_End                            0x000000a8   Data           0  startup_w7500x.o(RESET)
    __Vectors_Size                           0x000000a8   Number         0  startup_w7500x.o ABSOLUTE
    __main                                   0x000000a9   Thumb Code     8  __main.o(!!!main)
    __scatterload                            0x000000b1   Thumb Code     0  __scatter.o(!!!scatter)
    __scatterload_rt2                        0x000000b1   Thumb Code    52  __scatter.o(!!!scatter)
    __scatterload_rt2_thumb_only             0x000000b1   Thumb Code     0  __scatter.o(!!!scatter)
    __scatterload_null                       0x000000c1   Thumb Code     0  __scatter.o(!!!scatter)
    __scatterload_copy                       0x000000ed   Thumb Code    26  __scatter_copy.o(!!handler_copy)
    __scatterload_zeroinit                   0x00000109   Thumb Code    28  __scatter_zi.o(!!handler_zi)
    _printf_percent                          0x00000125   Thumb Code     0  _printf_percent.o(.ARM.Collect$$_printf_percent$$00000000)
    _printf_d                                0x00000127   Thumb Code     0  _printf_d.o(.ARM.Collect$$_printf_percent$$00000009)
    _printf_percent_end                      0x00000131   Thumb Code     0  _printf_percent_end.o(.ARM.Collect$$_printf_percent$$00000017)
    __rt_lib_init                            0x00000135   Thumb Code     0  libinit.o(.ARM.Collect$$libinit$$00000000)
    __rt_lib_init_fp_1                       0x00000137   Thumb Code     0  libinit2.o(.ARM.Collect$$libinit$$00000002)
    __rt_lib_init_heap_2                     0x00000137   Thumb Code     0  libinit2.o(.ARM.Collect$$libinit$$00000005)
    __rt_lib_init_preinit_1                  0x00000137   Thumb Code     0  libinit2.o(.ARM.Collect$$libinit$$00000004)
    __rt_lib_init_atexit_1                   0x0000013f   Thumb Code     0  libinit2.o(.ARM.Collect$$libinit$$0000001B)
    __rt_lib_init_clock_1                    0x0000013f   Thumb Code     0  libinit2.o(.ARM.Collect$$libinit$$00000021)
    __rt_lib_init_fp_trap_1                  0x0000013f   Thumb Code     0  libinit2.o(.ARM.Collect$$libinit$$0000001F)
    __rt_lib_init_getenv_1                   0x0000013f   Thumb Code     0  libinit2.o(.ARM.Collect$$libinit$$00000023)
    __rt_lib_init_heap_1                     0x0000013f   Thumb Code     0  libinit2.o(.ARM.Collect$$libinit$$0000000A)
    __rt_lib_init_lc_collate_1               0x0000013f   Thumb Code     0  libinit2.o(.ARM.Collect$$libinit$$00000011)
    __rt_lib_init_lc_ctype_1                 0x0000013f   Thumb Code     0  libinit2.o(.ARM.Collect$$libinit$$00000013)
    __rt_lib_init_lc_monetary_1              0x0000013f   Thumb Code     0  libinit2.o(.ARM.Collect$$libinit$$00000015)
    __rt_lib_init_lc_numeric_1               0x0000013f   Thumb Code     0  libinit2.o(.ARM.Collect$$libinit$$00000017)
    __rt_lib_init_lc_time_1                  0x0000013f   Thumb Code     0  libinit2.o(.ARM.Collect$$libinit$$00000019)
    __rt_lib_init_rand_1                     0x0000013f   Thumb Code     0  libinit2.o(.ARM.Collect$$libinit$$0000000E)
    __rt_lib_init_signal_1                   0x0000013f   Thumb Code     0  libinit2.o(.ARM.Collect$$libinit$$0000001D)
    __rt_lib_init_stdio_2                    0x0000013f   Thumb Code     0  libinit2.o(.ARM.Collect$$libinit$$00000024)
    __rt_lib_init_user_alloc_1               0x0000013f   Thumb Code     0  libinit2.o(.ARM.Collect$$libinit$$0000000C)
    __rt_lib_init_alloca_1                   0x00000143   Thumb Code     0  libinit2.o(.ARM.Collect$$libinit$$0000002E)
    __rt_lib_init_argv_1                     0x00000143   Thumb Code     0  libinit2.o(.ARM.Collect$$libinit$$0000002C)
    __rt_lib_init_cpp_1                      0x00000143   Thumb Code     0  libinit2.o(.ARM.Collect$$libinit$$00000032)
    __rt_lib_init_exceptions_1               0x00000143   Thumb Code     0  libinit2.o(.ARM.Collect$$libinit$$00000030)
    __rt_lib_init_return                     0x00000143   Thumb Code     0  libinit2.o(.ARM.Collect$$libinit$$00000033)
    __rt_lib_init_stdio_1                    0x00000143   Thumb Code     0  libinit2.o(.ARM.Collect$$libinit$$00000025)
    __rt_lib_shutdown                        0x00000145   Thumb Code     0  libshutdown.o(.ARM.Collect$$libshutdown$$00000000)
    __rt_lib_shutdown_cpp_1                  0x00000147   Thumb Code     0  libshutdown2.o(.ARM.Collect$$libshutdown$$00000002)
    __rt_lib_shutdown_stdio_2                0x00000147   Thumb Code     0  libshutdown2.o(.ARM.Collect$$libshutdown$$00000003)
    __rt_lib_shutdown_fp_trap_1              0x0000014b   Thumb Code     0  libshutdown2.o(.ARM.Collect$$libshutdown$$00000007)
    __rt_lib_shutdown_heap_1                 0x0000014b   Thumb Code     0  libshutdown2.o(.ARM.Collect$$libshutdown$$0000000F)
    __rt_lib_shutdown_return                 0x0000014b   Thumb Code     0  libshutdown2.o(.ARM.Collect$$libshutdown$$00000010)
    __rt_lib_shutdown_signal_1               0x0000014b   Thumb Code     0  libshutdown2.o(.ARM.Collect$$libshutdown$$0000000A)
    __rt_lib_shutdown_stdio_1                0x0000014b   Thumb Code     0  libshutdown2.o(.ARM.Collect$$libshutdown$$00000004)
    __rt_lib_shutdown_user_alloc_1           0x0000014b   Thumb Code     0  libshutdown2.o(.ARM.Collect$$libshutdown$$0000000C)
    __rt_entry                               0x0000014d   Thumb Code     0  __rtentry.o(.ARM.Collect$$rtentry$$00000000)
    __rt_entry_presh_1                       0x0000014d   Thumb Code     0  __rtentry2.o(.ARM.Collect$$rtentry$$00000002)
    __rt_entry_sh                            0x0000014d   Thumb Code     0  __rtentry4.o(.ARM.Collect$$rtentry$$00000004)
    __rt_entry_li                            0x00000153   Thumb Code     0  __rtentry2.o(.ARM.Collect$$rtentry$$0000000A)
    __rt_entry_postsh_1                      0x00000153   Thumb Code     0  __rtentry2.o(.ARM.Collect$$rtentry$$00000009)
    __rt_entry_main                          0x00000157   Thumb Code     0  __rtentry2.o(.ARM.Collect$$rtentry$$0000000D)
    __rt_entry_postli_1                      0x00000157   Thumb Code     0  __rtentry2.o(.ARM.Collect$$rtentry$$0000000C)
    __rt_exit                                0x0000015f   Thumb Code     0  rtexit.o(.ARM.Collect$$rtexit$$00000000)
    __rt_exit_ls                             0x00000161   Thumb Code     0  rtexit2.o(.ARM.Collect$$rtexit$$00000003)
    __rt_exit_prels_1                        0x00000161   Thumb Code     0  rtexit2.o(.ARM.Collect$$rtexit$$00000002)
    __rt_exit_exit                           0x00000165   Thumb Code     0  rtexit2.o(.ARM.Collect$$rtexit$$00000004)
    Reset_Handler                            0x0000016d   Thumb Code     8  startup_w7500x.o(.text)
    _maybe_terminate_alloc                   0x0000016d   Thumb Code     0  maybetermalloc1.o(.emb_text)
    I2C0_Handler                             0x0000017f   Thumb Code     0  startup_w7500x.o(.text)
    I2C1_Handler                             0x0000017f   Thumb Code     0  startup_w7500x.o(.text)
    RTC_Handler                              0x0000017f   Thumb Code     0  startup_w7500x.o(.text)
    __user_initial_stackheap                 0x00000181   Thumb Code    10  startup_w7500x.o(.text)
    __2printf                                0x000001a5   Thumb Code    22  noretval__2printf.o(.text)
    _printf_pre_padding                      0x000001c1   Thumb Code    44  _printf_pad.o(.text)
    _printf_post_padding                     0x000001ed   Thumb Code    34  _printf_pad.o(.text)
    _printf_int_dec                          0x00000211   Thumb Code    90  _printf_dec.o(.text)
    __printf                                 0x0000027d   Thumb Code   270  __printf_wp.o(.text)
    __aeabi_uidiv                            0x0000038b   Thumb Code     0  aeabi_sdiv.o(.text)
    __aeabi_uidivmod                         0x0000038b   Thumb Code    20  aeabi_sdiv.o(.text)
    __aeabi_idiv                             0x0000039f   Thumb Code     0  aeabi_sdiv.o(.text)
    __aeabi_idivmod                          0x0000039f   Thumb Code   326  aeabi_sdiv.o(.text)
    __use_two_region_memory                  0x000004e5   Thumb Code     2  heapauxi.o(.text)
    __rt_heap_escrow                         0x000004e7   Thumb Code     2  heapauxi.o(.text)
    __rt_heap_expand                         0x000004e9   Thumb Code     2  heapauxi.o(.text)
    __aeabi_dadd                             0x000007e5   Thumb Code     0  daddsub.o(.text)
    _dadd                                    0x000007e5   Thumb Code    26  daddsub.o(.text)
    __aeabi_dsub                             0x000007ff   Thumb Code     0  daddsub.o(.text)
    _dsub                                    0x000007ff   Thumb Code    22  daddsub.o(.text)
    __aeabi_drsub                            0x00000815   Thumb Code     0  daddsub.o(.text)
    _drsb                                    0x00000815   Thumb Code    28  daddsub.o(.text)
    __aeabi_d2uiz                            0x00000845   Thumb Code     0  dfixui.o(.text)
    _dfixu                                   0x00000845   Thumb Code    68  dfixui.o(.text)
    __aeabi_f2d                              0x0000088d   Thumb Code     0  f2d.o(.text)
    _f2d                                     0x0000088d   Thumb Code    80  f2d.o(.text)
    __aeabi_fdiv                             0x000008e1   Thumb Code     0  fdiv.o(.text)
    _fdiv                                    0x000008e1   Thumb Code   334  fdiv.o(.text)
    _frdiv                                   0x00000a2f   Thumb Code     8  fdiv.o(.text)
    __aeabi_f2uiz                            0x00000a41   Thumb Code     0  ffixui.o(.text)
    _ffixu                                   0x00000a41   Thumb Code    48  ffixui.o(.text)
    __aeabi_i2f_normalise                    0x00000a71   Thumb Code    72  fflti.o(.text)
    __aeabi_i2f                              0x00000ab9   Thumb Code    16  fflti.o(.text)
    _fflt                                    0x00000ab9   Thumb Code     0  fflti.o(.text)
    __aeabi_ui2f                             0x00000ac9   Thumb Code     6  fflti.o(.text)
    _ffltu                                   0x00000ac9   Thumb Code     0  fflti.o(.text)
    __ARM_scalbnf                            0x00000ad1   Thumb Code    64  fscalbn.o(.text)
    _printf_int_common                       0x00000b15   Thumb Code   176  _printf_intcommon.o(.text)
    _printf_char_file                        0x00000bc5   Thumb Code    34  _printf_char_file.o(.text)
    __rt_udiv10                              0x00000bed   Thumb Code    40  rtudiv10.o(.text)
    _printf_char_common                      0x00000c1f   Thumb Code    32  _printf_char_common.o(.text)
    ferror                                   0x00000c45   Thumb Code     8  ferror.o(.text)
    _initio                                  0x00000c4d   Thumb Code   216  initio.o(.text)
    _terminateio                             0x00000d25   Thumb Code    56  initio.o(.text)
    _sys_open                                0x00000d89   Thumb Code    20  sys_io.o(.text)
    _sys_close                               0x00000d9d   Thumb Code    12  sys_io.o(.text)
    _sys_write                               0x00000da9   Thumb Code    16  sys_io.o(.text)
    _sys_read                                0x00000db9   Thumb Code    14  sys_io.o(.text)
    _sys_istty                               0x00000dc7   Thumb Code    12  sys_io.o(.text)
    _sys_seek                                0x00000dd3   Thumb Code    14  sys_io.o(.text)
    _sys_ensure                              0x00000de1   Thumb Code     2  sys_io.o(.text)
    _sys_flen                                0x00000de3   Thumb Code    12  sys_io.o(.text)
    __user_setup_stackheap                   0x00000def   Thumb Code    62  sys_stackheap_outer.o(.text)
    free                                     0x00000e2d   Thumb Code    76  h1_free.o(.text)
    __flsbuf                                 0x00000e79   Thumb Code   486  flsbuf.o(.text)
    __flsbuf_byte                            0x00000e79   Thumb Code     0  flsbuf.o(.text)
    __flsbuf_wide                            0x00000e79   Thumb Code     0  flsbuf.o(.text)
    setvbuf                                  0x00001069   Thumb Code    72  setvbuf.o(.text)
    freopen                                  0x000010b5   Thumb Code   148  fopen.o(.text)
    fopen                                    0x00001149   Thumb Code    76  fopen.o(.text)
    _fclose_internal                         0x0000119d   Thumb Code    72  fclose.o(.text)
    fclose                                   0x0000119d   Thumb Code     0  fclose.o(.text)
    exit                                     0x000011e9   Thumb Code    16  exit.o(.text)
    __rt_SIGRTRED                            0x000011f9   Thumb Code    12  defsig_rtred_outer.o(.text)
    _memset_w                                0x00001205   Thumb Code    26  rt_memclr.o(.text)
    _memset                                  0x0000121f   Thumb Code    30  rt_memclr.o(.text)
    __aeabi_memclr                           0x0000123d   Thumb Code     4  rt_memclr.o(.text)
    __rt_memclr                              0x0000123d   Thumb Code     0  rt_memclr.o(.text)
    __aeabi_memclr4                          0x00001241   Thumb Code     0  rt_memclr.o(.text)
    __aeabi_memclr8                          0x00001241   Thumb Code     0  rt_memclr.o(.text)
    __rt_memclr_w                            0x00001241   Thumb Code     4  rt_memclr.o(.text)
    __user_libspace                          0x00001245   Thumb Code     8  libspace.o(.text)
    __user_perproc_libspace                  0x00001245   Thumb Code     0  libspace.o(.text)
    __user_perthread_libspace                0x00001245   Thumb Code     0  libspace.o(.text)
    __I$use$semihosting                      0x0000124d   Thumb Code     0  use_no_semi.o(.text)
    __use_no_semihosting_swi                 0x0000124d   Thumb Code     2  use_no_semi.o(.text)
    __semihosting_library_function           0x0000124f   Thumb Code     0  indicate_semi.o(.text)
    __rt_heap_descriptor                     0x00001251   Thumb Code     8  rt_heap_descriptor_intlibspace.o(.text)
    __use_no_heap                            0x00001259   Thumb Code     2  hguard.o(.text)
    __heap$guard                             0x0000125b   Thumb Code     2  hguard.o(.text)
    _terminate_user_alloc                    0x0000125d   Thumb Code     2  init_alloc.o(.text)
    _init_user_alloc                         0x0000125f   Thumb Code     2  init_alloc.o(.text)
    __Heap_Full                              0x00001261   Thumb Code    32  init_alloc.o(.text)
    __Heap_Broken                            0x00001281   Thumb Code    10  init_alloc.o(.text)
    _init_alloc                              0x0000128b   Thumb Code    90  init_alloc.o(.text)
    malloc                                   0x000012e5   Thumb Code    98  h1_alloc.o(.text)
    _fseek                                   0x00001349   Thumb Code   240  fseek.o(.text)
    fseek                                    0x00001349   Thumb Code     0  fseek.o(.text)
    _seterr                                  0x0000143d   Thumb Code    20  stdio.o(.text)
    _writebuf                                0x00001451   Thumb Code    76  stdio.o(.text)
    _fflush                                  0x0000149d   Thumb Code    76  stdio.o(.text)
    _deferredlazyseek                        0x000014e9   Thumb Code    60  stdio.o(.text)
    __sig_exit                               0x0000152d   Thumb Code    12  defsig_exit.o(.text)
    __rt_SIGRTRED_inner                      0x00001539   Thumb Code    14  defsig_rtred_inner.o(.text)
    strlen                                   0x0000156d   Thumb Code    62  strlen.o(.text)
    _sys_exit                                0x000015b1   Thumb Code     8  sys_exit.o(.text)
    __Heap_Initialize                        0x000015bd   Thumb Code    10  h1_init.o(.text)
    __Heap_DescSize                          0x000015c7   Thumb Code     4  h1_init.o(.text)
    __Heap_ProvideMemory                     0x000015cb   Thumb Code    52  h1_extend.o(.text)
    _ftell_internal                          0x000015ff   Thumb Code    66  ftell.o(.text)
    ftell                                    0x000015ff   Thumb Code     0  ftell.o(.text)
    __default_signal_display                 0x00001641   Thumb Code    52  defsig_general.o(.text)
    __rt_SIGRTMEM                            0x00001675   Thumb Code    12  defsig_rtmem_outer.o(.text)
    _ttywrch                                 0x00001681   Thumb Code    12  sys_wrch.o(.text)
    __aeabi_errno_addr                       0x0000168d   Thumb Code     8  rt_errno_addr_intlibspace.o(.text)
    __errno$intlibspace                      0x0000168d   Thumb Code     0  rt_errno_addr_intlibspace.o(.text)
    __rt_errno_addr$intlibspace              0x0000168d   Thumb Code     0  rt_errno_addr_intlibspace.o(.text)
    __rt_SIGRTMEM_inner                      0x00001695   Thumb Code    22  defsig_rtmem_inner.o(.text)
    ADC_ChannelSelect                        0x000016e5   Thumb Code     8  w7500x_adc.o(i.ADC_ChannelSelect)
    ADC_Handler                              0x000016ed   Thumb Code     2  w7500x_it.o(i.ADC_Handler)
    ADC_Init                                 0x000016ef   Thumb Code    10  w7500x_adc.o(i.ADC_Init)
    ADC_IsEOC                                0x000016f9   Thumb Code    16  w7500x_adc.o(i.ADC_IsEOC)
    ADC_PowerDownEnable                      0x00001709   Thumb Code    18  w7500x_adc.o(i.ADC_PowerDownEnable)
    ADC_Read                                 0x0000171b   Thumb Code    24  main.o(i.ADC_Read)
    ADC_ReadData                             0x00001733   Thumb Code    10  w7500x_adc.o(i.ADC_ReadData)
    ADC_Start                                0x0000173d   Thumb Code    10  w7500x_adc.o(i.ADC_Start)
    DMA_Handler                              0x00001747   Thumb Code     2  w7500x_it.o(i.DMA_Handler)
    DUALTIMER0_Handler                       0x00001749   Thumb Code     2  w7500x_it.o(i.DUALTIMER0_Handler)
    DUALTIMER1_Handler                       0x0000174b   Thumb Code     2  w7500x_it.o(i.DUALTIMER1_Handler)
    EXTI_Handler                             0x0000174d   Thumb Code     2  w7500x_it.o(i.EXTI_Handler)
    GPIO_Init                                0x00001751   Thumb Code   210  w7500x_gpio.o(i.GPIO_Init)
    GPIO_ResetBits                           0x00001829   Thumb Code    32  w7500x_gpio.o(i.GPIO_ResetBits)
    GPIO_SetBits                             0x00001849   Thumb Code    28  w7500x_gpio.o(i.GPIO_SetBits)
    GPIO_Setting                             0x00001865   Thumb Code    54  main.o(i.GPIO_Setting)
    HardFault_Handler                        0x0000189b   Thumb Code     2  w7500x_it.o(i.HardFault_Handler)
    NMI_Handler                              0x0000189d   Thumb Code     2  w7500x_it.o(i.NMI_Handler)
    PAD_AFConfig                             0x000018a1   Thumb Code    94  w7500x_gpio.o(i.PAD_AFConfig)
    PORT0_Handler                            0x00001905   Thumb Code     2  w7500x_it.o(i.PORT0_Handler)
    PORT1_Handler                            0x00001907   Thumb Code     2  w7500x_it.o(i.PORT1_Handler)
    PORT2_Handler                            0x00001909   Thumb Code     2  w7500x_it.o(i.PORT2_Handler)
    PORT3_Handler                            0x0000190b   Thumb Code     2  w7500x_it.o(i.PORT3_Handler)
    PWM0_Handler                             0x0000190d   Thumb Code     2  w7500x_it.o(i.PWM0_Handler)
    PWM1_Handler                             0x0000190f   Thumb Code     2  w7500x_it.o(i.PWM1_Handler)
    PWM2_Handler                             0x00001911   Thumb Code     2  w7500x_it.o(i.PWM2_Handler)
    PWM3_Handler                             0x00001913   Thumb Code     2  w7500x_it.o(i.PWM3_Handler)
    PWM4_Handler                             0x00001915   Thumb Code     2  w7500x_it.o(i.PWM4_Handler)
    PWM5_Handler                             0x00001917   Thumb Code     2  w7500x_it.o(i.PWM5_Handler)
    PWM6_Handler                             0x00001919   Thumb Code     2  w7500x_it.o(i.PWM6_Handler)
    PWM7_Handler                             0x0000191b   Thumb Code     2  w7500x_it.o(i.PWM7_Handler)
    PendSV_Handler                           0x0000191d   Thumb Code     2  w7500x_it.o(i.PendSV_Handler)
    SSP0_Handler                             0x0000191f   Thumb Code     2  w7500x_it.o(i.SSP0_Handler)
    SSP1_Handler                             0x00001921   Thumb Code     2  w7500x_it.o(i.SSP1_Handler)
    SVC_Handler                              0x00001923   Thumb Code     2  w7500x_it.o(i.SVC_Handler)
    SysTick_Handler                          0x00001925   Thumb Code     2  w7500x_it.o(i.SysTick_Handler)
    SystemInit                               0x00001929   Thumb Code    68  system_w7500x.o(i.SystemInit)
    UART0_Handler                            0x00001981   Thumb Code     2  w7500x_it.o(i.UART0_Handler)
    UART1_Handler                            0x00001983   Thumb Code     2  w7500x_it.o(i.UART1_Handler)
    UART2_Handler                            0x00001985   Thumb Code     2  w7500x_it.o(i.UART2_Handler)
    UART_Configuration                       0x00001989   Thumb Code    18  main.o(i.UART_Configuration)
    UART_Init                                0x000019a1   Thumb Code   152  w7500x_uart.o(i.UART_Init)
    UART_StructInit                          0x00001a49   Thumb Code    26  w7500x_uart.o(i.UART_StructInit)
    WZTOE_Handler                            0x00001a63   Thumb Code     2  w7500x_it.o(i.WZTOE_Handler)
    _is_digit                                0x00001a65   Thumb Code    14  __printf_wp.o(i._is_digit)
    delay_ms                                 0x00001a75   Thumb Code    24  main.o(i.delay_ms)
    fputc                                    0x00001a91   Thumb Code    30  fputc.o(i.fputc)
    main                                     0x00001ab1   Thumb Code   120  main.o(i.main)
    on_off_rgb                               0x00001bb5   Thumb Code    66  main.o(i.on_off_rgb)
    __aeabi_fadd                             0x00001c05   Thumb Code     0  faddsub.o(x$fpl$fadd)
    _fadd                                    0x00001c05   Thumb Code   134  faddsub.o(x$fpl$fadd)
    __aeabi_frsub                            0x00001c91   Thumb Code     0  faddsub.o(x$fpl$frsb)
    _frsb                                    0x00001c91   Thumb Code    24  faddsub.o(x$fpl$frsb)
    __aeabi_fsub                             0x00001ca9   Thumb Code     0  faddsub.o(x$fpl$fsub)
    _fsub                                    0x00001ca9   Thumb Code   204  faddsub.o(x$fpl$fsub)
    __I$use$fp                               0x00001d78   Number         0  usenofp.o(x$fpl$usenofp)
    __stdin_name                             0x00001db8   Data           4  sys_io.o(.constdata)
    __stdout_name                            0x00001dbc   Data           4  sys_io.o(.constdata)
    __stderr_name                            0x00001dc0   Data           4  sys_io.o(.constdata)
    Region$$Table$$Base                      0x00001dc4   Number         0  anon$$obj.o(Region$$Table)
    Region$$Table$$Limit                     0x00001de4   Number         0  anon$$obj.o(Region$$Table)
    SystemFrequency                          0x20000000   Data           4  system_w7500x.o(.data)
    SystemCoreClock                          0x20000004   Data           4  system_w7500x.o(.data)
    on                                       0x20000008   Data           1  main.o(.data)
    color                                    0x2000000c   Data           4  main.o(.data)
    sensorValue                              0x20000010   Data           4  main.o(.data)
    sensorValue1                             0x20000014   Data           4  main.o(.data)
    __aeabi_stdin                            0x20000018   Data           4  stdio_streams.o(.data)
    __aeabi_stdout                           0x2000001c   Data           4  stdio_streams.o(.data)
    __aeabi_stderr                           0x20000020   Data           4  stdio_streams.o(.data)
    __stdin                                  0x20000024   Data          84  stdio_streams.o(.bss)
    __stdout                                 0x20000078   Data          84  stdio_streams.o(.bss)
    __stderr                                 0x200000cc   Data          84  stdio_streams.o(.bss)
    __libspace_start                         0x20000120   Data          96  libspace.o(.bss)
    __temporary_stack_top$libspace           0x20000180   Data           0  libspace.o(.bss)



==============================================================================

Memory Map of the image

  Image Entry point : 0x000000a9

  Load Region LR_IROM1 (Base: 0x00000000, Size: 0x00001e08, Max: 0x00020000, ABSOLUTE)

    Execution Region ER_IROM1 (Exec base: 0x00000000, Load base: 0x00000000, Size: 0x00001de4, Max: 0x00020000, ABSOLUTE)

    Exec Addr    Load Addr    Size         Type   Attr      Idx    E Section Name        Object

    0x00000000   0x00000000   0x000000a8   Data   RO            3    RESET               startup_w7500x.o
    0x000000a8   0x000000a8   0x00000008   Code   RO          828  * !!!main             c_p.l(__main.o)
    0x000000b0   0x000000b0   0x0000003c   Code   RO         1215    !!!scatter          c_p.l(__scatter.o)
    0x000000ec   0x000000ec   0x0000001a   Code   RO         1217    !!handler_copy      c_p.l(__scatter_copy.o)
    0x00000106   0x00000106   0x00000002   PAD
    0x00000108   0x00000108   0x0000001c   Code   RO         1219    !!handler_zi        c_p.l(__scatter_zi.o)
    0x00000124   0x00000124   0x00000002   Code   RO          821    .ARM.Collect$$_printf_percent$$00000000  c_p.l(_printf_percent.o)
    0x00000126   0x00000126   0x0000000a   Code   RO          820    .ARM.Collect$$_printf_percent$$00000009  c_p.l(_printf_d.o)
    0x00000130   0x00000130   0x00000004   Code   RO          860    .ARM.Collect$$_printf_percent$$00000017  c_p.l(_printf_percent_end.o)
    0x00000134   0x00000134   0x00000002   Code   RO         1001    .ARM.Collect$$libinit$$00000000  c_p.l(libinit.o)
    0x00000136   0x00000136   0x00000000   Code   RO         1003    .ARM.Collect$$libinit$$00000002  c_p.l(libinit2.o)
    0x00000136   0x00000136   0x00000000   Code   RO         1005    .ARM.Collect$$libinit$$00000004  c_p.l(libinit2.o)
    0x00000136   0x00000136   0x00000008   Code   RO         1006    .ARM.Collect$$libinit$$00000005  c_p.l(libinit2.o)
    0x0000013e   0x0000013e   0x00000000   Code   RO         1008    .ARM.Collect$$libinit$$0000000A  c_p.l(libinit2.o)
    0x0000013e   0x0000013e   0x00000000   Code   RO         1010    .ARM.Collect$$libinit$$0000000C  c_p.l(libinit2.o)
    0x0000013e   0x0000013e   0x00000000   Code   RO         1012    .ARM.Collect$$libinit$$0000000E  c_p.l(libinit2.o)
    0x0000013e   0x0000013e   0x00000000   Code   RO         1015    .ARM.Collect$$libinit$$00000011  c_p.l(libinit2.o)
    0x0000013e   0x0000013e   0x00000000   Code   RO         1017    .ARM.Collect$$libinit$$00000013  c_p.l(libinit2.o)
    0x0000013e   0x0000013e   0x00000000   Code   RO         1019    .ARM.Collect$$libinit$$00000015  c_p.l(libinit2.o)
    0x0000013e   0x0000013e   0x00000000   Code   RO         1021    .ARM.Collect$$libinit$$00000017  c_p.l(libinit2.o)
    0x0000013e   0x0000013e   0x00000000   Code   RO         1023    .ARM.Collect$$libinit$$00000019  c_p.l(libinit2.o)
    0x0000013e   0x0000013e   0x00000000   Code   RO         1025    .ARM.Collect$$libinit$$0000001B  c_p.l(libinit2.o)
    0x0000013e   0x0000013e   0x00000000   Code   RO         1027    .ARM.Collect$$libinit$$0000001D  c_p.l(libinit2.o)
    0x0000013e   0x0000013e   0x00000000   Code   RO         1029    .ARM.Collect$$libinit$$0000001F  c_p.l(libinit2.o)
    0x0000013e   0x0000013e   0x00000000   Code   RO         1031    .ARM.Collect$$libinit$$00000021  c_p.l(libinit2.o)
    0x0000013e   0x0000013e   0x00000000   Code   RO         1033    .ARM.Collect$$libinit$$00000023  c_p.l(libinit2.o)
    0x0000013e   0x0000013e   0x00000004   Code   RO         1034    .ARM.Collect$$libinit$$00000024  c_p.l(libinit2.o)
    0x00000142   0x00000142   0x00000000   Code   RO         1035    .ARM.Collect$$libinit$$00000025  c_p.l(libinit2.o)
    0x00000142   0x00000142   0x00000000   Code   RO         1039    .ARM.Collect$$libinit$$0000002C  c_p.l(libinit2.o)
    0x00000142   0x00000142   0x00000000   Code   RO         1041    .ARM.Collect$$libinit$$0000002E  c_p.l(libinit2.o)
    0x00000142   0x00000142   0x00000000   Code   RO         1043    .ARM.Collect$$libinit$$00000030  c_p.l(libinit2.o)
    0x00000142   0x00000142   0x00000000   Code   RO         1045    .ARM.Collect$$libinit$$00000032  c_p.l(libinit2.o)
    0x00000142   0x00000142   0x00000002   Code   RO         1046    .ARM.Collect$$libinit$$00000033  c_p.l(libinit2.o)
    0x00000144   0x00000144   0x00000002   Code   RO         1196    .ARM.Collect$$libshutdown$$00000000  c_p.l(libshutdown.o)
    0x00000146   0x00000146   0x00000000   Code   RO         1048    .ARM.Collect$$libshutdown$$00000002  c_p.l(libshutdown2.o)
    0x00000146   0x00000146   0x00000004   Code   RO         1049    .ARM.Collect$$libshutdown$$00000003  c_p.l(libshutdown2.o)
    0x0000014a   0x0000014a   0x00000000   Code   RO         1050    .ARM.Collect$$libshutdown$$00000004  c_p.l(libshutdown2.o)
    0x0000014a   0x0000014a   0x00000000   Code   RO         1053    .ARM.Collect$$libshutdown$$00000007  c_p.l(libshutdown2.o)
    0x0000014a   0x0000014a   0x00000000   Code   RO         1056    .ARM.Collect$$libshutdown$$0000000A  c_p.l(libshutdown2.o)
    0x0000014a   0x0000014a   0x00000000   Code   RO         1058    .ARM.Collect$$libshutdown$$0000000C  c_p.l(libshutdown2.o)
    0x0000014a   0x0000014a   0x00000000   Code   RO         1061    .ARM.Collect$$libshutdown$$0000000F  c_p.l(libshutdown2.o)
    0x0000014a   0x0000014a   0x00000002   Code   RO         1062    .ARM.Collect$$libshutdown$$00000010  c_p.l(libshutdown2.o)
    0x0000014c   0x0000014c   0x00000000   Code   RO          851    .ARM.Collect$$rtentry$$00000000  c_p.l(__rtentry.o)
    0x0000014c   0x0000014c   0x00000000   Code   RO          871    .ARM.Collect$$rtentry$$00000002  c_p.l(__rtentry2.o)
    0x0000014c   0x0000014c   0x00000006   Code   RO          883    .ARM.Collect$$rtentry$$00000004  c_p.l(__rtentry4.o)
    0x00000152   0x00000152   0x00000000   Code   RO          873    .ARM.Collect$$rtentry$$00000009  c_p.l(__rtentry2.o)
    0x00000152   0x00000152   0x00000004   Code   RO          874    .ARM.Collect$$rtentry$$0000000A  c_p.l(__rtentry2.o)
    0x00000156   0x00000156   0x00000000   Code   RO          876    .ARM.Collect$$rtentry$$0000000C  c_p.l(__rtentry2.o)
    0x00000156   0x00000156   0x00000008   Code   RO          877    .ARM.Collect$$rtentry$$0000000D  c_p.l(__rtentry2.o)
    0x0000015e   0x0000015e   0x00000002   Code   RO         1072    .ARM.Collect$$rtexit$$00000000  c_p.l(rtexit.o)
    0x00000160   0x00000160   0x00000000   Code   RO         1134    .ARM.Collect$$rtexit$$00000002  c_p.l(rtexit2.o)
    0x00000160   0x00000160   0x00000004   Code   RO         1135    .ARM.Collect$$rtexit$$00000003  c_p.l(rtexit2.o)
    0x00000164   0x00000164   0x00000006   Code   RO         1136    .ARM.Collect$$rtexit$$00000004  c_p.l(rtexit2.o)
    0x0000016a   0x0000016a   0x00000002   PAD
    0x0000016c   0x0000016c   0x00000000   Code   RO         1140    .emb_text           c_p.l(maybetermalloc1.o)
    0x0000016c   0x0000016c   0x00000038   Code   RO            4    .text               startup_w7500x.o
    0x000001a4   0x000001a4   0x0000001c   Code   RO          792    .text               c_p.l(noretval__2printf.o)
    0x000001c0   0x000001c0   0x0000004e   Code   RO          796    .text               c_p.l(_printf_pad.o)
    0x0000020e   0x0000020e   0x00000002   PAD
    0x00000210   0x00000210   0x0000006c   Code   RO          798    .text               c_p.l(_printf_dec.o)
    0x0000027c   0x0000027c   0x0000010e   Code   RO          808    .text               c_p.l(__printf_wp.o)
    0x0000038a   0x0000038a   0x0000015a   Code   RO          822    .text               c_p.l(aeabi_sdiv.o)
    0x000004e4   0x000004e4   0x00000006   Code   RO          826    .text               c_p.l(heapauxi.o)
    0x000004ea   0x000004ea   0x00000002   PAD
    0x000004ec   0x000004ec   0x00000358   Code   RO          830    .text               fz_ps.l(daddsub.o)
    0x00000844   0x00000844   0x00000048   Code   RO          832    .text               fz_ps.l(dfixui.o)
    0x0000088c   0x0000088c   0x00000054   Code   RO          834    .text               fz_ps.l(f2d.o)
    0x000008e0   0x000008e0   0x00000160   Code   RO          842    .text               fz_ps.l(fdiv.o)
    0x00000a40   0x00000a40   0x00000030   Code   RO          845    .text               fz_ps.l(ffixui.o)
    0x00000a70   0x00000a70   0x0000005e   Code   RO          847    .text               fz_ps.l(fflti.o)
    0x00000ace   0x00000ace   0x00000002   PAD
    0x00000ad0   0x00000ad0   0x00000044   Code   RO          849    .text               fz_ps.l(fscalbn.o)
    0x00000b14   0x00000b14   0x000000b0   Code   RO          856    .text               c_p.l(_printf_intcommon.o)
    0x00000bc4   0x00000bc4   0x00000028   Code   RO          858    .text               c_p.l(_printf_char_file.o)
    0x00000bec   0x00000bec   0x00000028   Code   RO          867    .text               c_p.l(rtudiv10.o)
    0x00000c14   0x00000c14   0x00000030   Code   RO          887    .text               c_p.l(_printf_char_common.o)
    0x00000c44   0x00000c44   0x00000008   Code   RO          889    .text               c_p.l(ferror.o)
    0x00000c4c   0x00000c4c   0x0000013c   Code   RO          895    .text               c_p.l(initio.o)
    0x00000d88   0x00000d88   0x00000066   Code   RO          903    .text               c_p.l(sys_io.o)
    0x00000dee   0x00000dee   0x0000003e   Code   RO          910    .text               c_p.l(sys_stackheap_outer.o)
    0x00000e2c   0x00000e2c   0x0000004c   Code   RO          915    .text               c_p.l(h1_free.o)
    0x00000e78   0x00000e78   0x000001f0   Code   RO          971    .text               c_p.l(flsbuf.o)
    0x00001068   0x00001068   0x0000004c   Code   RO          973    .text               c_p.l(setvbuf.o)
    0x000010b4   0x000010b4   0x000000e8   Code   RO          976    .text               c_p.l(fopen.o)
    0x0000119c   0x0000119c   0x0000004c   Code   RO          978    .text               c_p.l(fclose.o)
    0x000011e8   0x000011e8   0x00000010   Code   RO          984    .text               c_p.l(exit.o)
    0x000011f8   0x000011f8   0x0000000c   Code   RO          990    .text               c_p.l(defsig_rtred_outer.o)
    0x00001204   0x00001204   0x00000040   Code   RO          994    .text               c_p.l(rt_memclr.o)
    0x00001244   0x00001244   0x00000008   Code   RO         1065    .text               c_p.l(libspace.o)
    0x0000124c   0x0000124c   0x00000002   Code   RO         1068    .text               c_p.l(use_no_semi.o)
    0x0000124e   0x0000124e   0x00000000   Code   RO         1070    .text               c_p.l(indicate_semi.o)
    0x0000124e   0x0000124e   0x00000002   PAD
    0x00001250   0x00001250   0x00000008   Code   RO         1079    .text               c_p.l(rt_heap_descriptor_intlibspace.o)
    0x00001258   0x00001258   0x00000004   Code   RO         1081    .text               c_p.l(hguard.o)
    0x0000125c   0x0000125c   0x00000088   Code   RO         1083    .text               c_p.l(init_alloc.o)
    0x000012e4   0x000012e4   0x00000062   Code   RO         1089    .text               c_p.l(h1_alloc.o)
    0x00001346   0x00001346   0x00000002   PAD
    0x00001348   0x00001348   0x000000f4   Code   RO         1105    .text               c_p.l(fseek.o)
    0x0000143c   0x0000143c   0x000000f0   Code   RO         1107    .text               c_p.l(stdio.o)
    0x0000152c   0x0000152c   0x0000000c   Code   RO         1113    .text               c_p.l(defsig_exit.o)
    0x00001538   0x00001538   0x00000034   Code   RO         1117    .text               c_p.l(defsig_rtred_inner.o)
    0x0000156c   0x0000156c   0x00000044   Code   RO         1121    .text               c_p.l(strlen.o)
    0x000015b0   0x000015b0   0x0000000c   Code   RO         1131    .text               c_p.l(sys_exit.o)
    0x000015bc   0x000015bc   0x0000000e   Code   RO         1142    .text               c_p.l(h1_init.o)
    0x000015ca   0x000015ca   0x00000034   Code   RO         1144    .text               c_p.l(h1_extend.o)
    0x000015fe   0x000015fe   0x00000042   Code   RO         1154    .text               c_p.l(ftell.o)
    0x00001640   0x00001640   0x00000034   Code   RO         1162    .text               c_p.l(defsig_general.o)
    0x00001674   0x00001674   0x0000000c   Code   RO         1164    .text               c_p.l(defsig_rtmem_outer.o)
    0x00001680   0x00001680   0x0000000c   Code   RO         1177    .text               c_p.l(sys_wrch.o)
    0x0000168c   0x0000168c   0x00000008   Code   RO         1184    .text               c_p.l(rt_errno_addr_intlibspace.o)
    0x00001694   0x00001694   0x00000050   Code   RO         1190    .text               c_p.l(defsig_rtmem_inner.o)
    0x000016e4   0x000016e4   0x00000008   Code   RO           66    i.ADC_ChannelSelect  w7500x_adc.o
    0x000016ec   0x000016ec   0x00000002   Code   RO          605    i.ADC_Handler       w7500x_it.o
    0x000016ee   0x000016ee   0x0000000a   Code   RO           68    i.ADC_Init          w7500x_adc.o
    0x000016f8   0x000016f8   0x00000010   Code   RO           71    i.ADC_IsEOC         w7500x_adc.o
    0x00001708   0x00001708   0x00000012   Code   RO           72    i.ADC_PowerDownEnable  w7500x_adc.o
    0x0000171a   0x0000171a   0x00000018   Code   RO          550    i.ADC_Read          main.o
    0x00001732   0x00001732   0x0000000a   Code   RO           73    i.ADC_ReadData      w7500x_adc.o
    0x0000173c   0x0000173c   0x0000000a   Code   RO           74    i.ADC_Start         w7500x_adc.o
    0x00001746   0x00001746   0x00000002   Code   RO          606    i.DMA_Handler       w7500x_it.o
    0x00001748   0x00001748   0x00000002   Code   RO          607    i.DUALTIMER0_Handler  w7500x_it.o
    0x0000174a   0x0000174a   0x00000002   Code   RO          608    i.DUALTIMER1_Handler  w7500x_it.o
    0x0000174c   0x0000174c   0x00000002   Code   RO          609    i.EXTI_Handler      w7500x_it.o
    0x0000174e   0x0000174e   0x00000002   PAD
    0x00001750   0x00001750   0x000000d8   Code   RO          204    i.GPIO_Init         w7500x_gpio.o
    0x00001828   0x00001828   0x00000020   Code   RO          210    i.GPIO_ResetBits    w7500x_gpio.o
    0x00001848   0x00001848   0x0000001c   Code   RO          211    i.GPIO_SetBits      w7500x_gpio.o
    0x00001864   0x00001864   0x00000036   Code   RO          551    i.GPIO_Setting      main.o
    0x0000189a   0x0000189a   0x00000002   Code   RO          610    i.HardFault_Handler  w7500x_it.o
    0x0000189c   0x0000189c   0x00000002   Code   RO          611    i.NMI_Handler       w7500x_it.o
    0x0000189e   0x0000189e   0x00000002   PAD
    0x000018a0   0x000018a0   0x00000064   Code   RO          217    i.PAD_AFConfig      w7500x_gpio.o
    0x00001904   0x00001904   0x00000002   Code   RO          612    i.PORT0_Handler     w7500x_it.o
    0x00001906   0x00001906   0x00000002   Code   RO          613    i.PORT1_Handler     w7500x_it.o
    0x00001908   0x00001908   0x00000002   Code   RO          614    i.PORT2_Handler     w7500x_it.o
    0x0000190a   0x0000190a   0x00000002   Code   RO          615    i.PORT3_Handler     w7500x_it.o
    0x0000190c   0x0000190c   0x00000002   Code   RO          616    i.PWM0_Handler      w7500x_it.o
    0x0000190e   0x0000190e   0x00000002   Code   RO          617    i.PWM1_Handler      w7500x_it.o
    0x00001910   0x00001910   0x00000002   Code   RO          618    i.PWM2_Handler      w7500x_it.o
    0x00001912   0x00001912   0x00000002   Code   RO          619    i.PWM3_Handler      w7500x_it.o
    0x00001914   0x00001914   0x00000002   Code   RO          620    i.PWM4_Handler      w7500x_it.o
    0x00001916   0x00001916   0x00000002   Code   RO          621    i.PWM5_Handler      w7500x_it.o
    0x00001918   0x00001918   0x00000002   Code   RO          622    i.PWM6_Handler      w7500x_it.o
    0x0000191a   0x0000191a   0x00000002   Code   RO          623    i.PWM7_Handler      w7500x_it.o
    0x0000191c   0x0000191c   0x00000002   Code   RO          624    i.PendSV_Handler    w7500x_it.o
    0x0000191e   0x0000191e   0x00000002   Code   RO          625    i.SSP0_Handler      w7500x_it.o
    0x00001920   0x00001920   0x00000002   Code   RO          626    i.SSP1_Handler      w7500x_it.o
    0x00001922   0x00001922   0x00000002   Code   RO          627    i.SVC_Handler       w7500x_it.o
    0x00001924   0x00001924   0x00000002   Code   RO          628    i.SysTick_Handler   w7500x_it.o
    0x00001926   0x00001926   0x00000002   PAD
    0x00001928   0x00001928   0x00000058   Code   RO           14    i.SystemInit        system_w7500x.o
    0x00001980   0x00001980   0x00000002   Code   RO          629    i.UART0_Handler     w7500x_it.o
    0x00001982   0x00001982   0x00000002   Code   RO          630    i.UART1_Handler     w7500x_it.o
    0x00001984   0x00001984   0x00000002   Code   RO          631    i.UART2_Handler     w7500x_it.o
    0x00001986   0x00001986   0x00000002   PAD
    0x00001988   0x00001988   0x00000018   Code   RO          552    i.UART_Configuration  main.o
    0x000019a0   0x000019a0   0x000000a8   Code   RO          367    i.UART_Init         w7500x_uart.o
    0x00001a48   0x00001a48   0x0000001a   Code   RO          371    i.UART_StructInit   w7500x_uart.o
    0x00001a62   0x00001a62   0x00000002   Code   RO          632    i.WZTOE_Handler     w7500x_it.o
    0x00001a64   0x00001a64   0x0000000e   Code   RO          810    i._is_digit         c_p.l(__printf_wp.o)
    0x00001a72   0x00001a72   0x00000002   PAD
    0x00001a74   0x00001a74   0x0000001c   Code   RO          553    i.delay_ms          main.o
    0x00001a90   0x00001a90   0x0000001e   Code   RO          892    i.fputc             c_p.l(fputc.o)
    0x00001aae   0x00001aae   0x00000002   PAD
    0x00001ab0   0x00001ab0   0x00000104   Code   RO          554    i.main              main.o
    0x00001bb4   0x00001bb4   0x00000050   Code   RO          555    i.on_off_rgb        main.o
    0x00001c04   0x00001c04   0x0000008c   Code   RO          836    x$fpl$fadd          fz_ps.l(faddsub.o)
    0x00001c90   0x00001c90   0x00000018   Code   RO          837    x$fpl$frsb          fz_ps.l(faddsub.o)
    0x00001ca8   0x00001ca8   0x000000d0   Code   RO          838    x$fpl$fsub          fz_ps.l(faddsub.o)
    0x00001d78   0x00001d78   0x00000000   Code   RO          869    x$fpl$usenofp       fz_ps.l(usenofp.o)
    0x00001d78   0x00001d78   0x00000040   Data   RO          843    .constdata          fz_ps.l(fdiv.o)
    0x00001db8   0x00001db8   0x00000004   Data   RO          904    .constdata          c_p.l(sys_io.o)
    0x00001dbc   0x00001dbc   0x00000004   Data   RO          905    .constdata          c_p.l(sys_io.o)
    0x00001dc0   0x00001dc0   0x00000004   Data   RO          906    .constdata          c_p.l(sys_io.o)
    0x00001dc4   0x00001dc4   0x00000020   Data   RO         1213    Region$$Table       anon$$obj.o


    Execution Region RW_IRAM1 (Exec base: 0x20000000, Load base: 0x00001de4, Size: 0x00000980, Max: 0x00004000, ABSOLUTE)

    Exec Addr    Load Addr    Size         Type   Attr      Idx    E Section Name        Object

    0x20000000   0x00001de4   0x00000008   Data   RW           15    .data               system_w7500x.o
    0x20000008   0x00001dec   0x00000010   Data   RW          556    .data               main.o
    0x20000018   0x00001dfc   0x00000004   Data   RW          864    .data               c_p.l(stdio_streams.o)
    0x2000001c   0x00001e00   0x00000004   Data   RW          865    .data               c_p.l(stdio_streams.o)
    0x20000020   0x00001e04   0x00000004   Data   RW          866    .data               c_p.l(stdio_streams.o)
    0x20000024        -       0x00000054   Zero   RW          861    .bss                c_p.l(stdio_streams.o)
    0x20000078        -       0x00000054   Zero   RW          862    .bss                c_p.l(stdio_streams.o)
    0x200000cc        -       0x00000054   Zero   RW          863    .bss                c_p.l(stdio_streams.o)
    0x20000120        -       0x00000060   Zero   RW         1066    .bss                c_p.l(libspace.o)
    0x20000180        -       0x00000400   Zero   RW            2    HEAP                startup_w7500x.o
    0x20000580        -       0x00000400   Zero   RW            1    STACK               startup_w7500x.o


==============================================================================

Image component sizes


      Code (inc. data)   RO Data    RW Data    ZI Data      Debug   Object Name

       470        164          0         16          0       3662   main.o
        56         26        168          0       2048        820   startup_w7500x.o
        88         20          0          8          0      23243   system_w7500x.o
        72          0          0          0          0       4646   w7500x_adc.o
         0          0          0          0          0       2616   w7500x_exti.o
       376         12          0          0          0       3744   w7500x_gpio.o
        56          0          0          0          0      10626   w7500x_it.o
       194         16          0          0          0       8835   w7500x_uart.o

    ----------------------------------------------------------------------
      1320        238        200         24       2048      58192   Object Totals
         0          0         32          0          0          0   (incl. Generated)
         8          0          0          0          0          0   (incl. Padding)

    ----------------------------------------------------------------------

      Code (inc. data)   RO Data    RW Data    ZI Data      Debug   Library Member Name

         8          0          0          0          0         68   __main.o
       284          0          0          0          0        136   __printf_wp.o
         0          0          0          0          0          0   __rtentry.o
        12          0          0          0          0          0   __rtentry2.o
         6          0          0          0          0          0   __rtentry4.o
        60          8          0          0          0          0   __scatter.o
        26          0          0          0          0          0   __scatter_copy.o
        28          0          0          0          0          0   __scatter_zi.o
        48          6          0          0          0         88   _printf_char_common.o
        40          6          0          0          0         72   _printf_char_file.o
        10          0          0          0          0          0   _printf_d.o
       108         18          0          0          0         76   _printf_dec.o
       176          0          0          0          0         84   _printf_intcommon.o
        78          0          0          0          0        100   _printf_pad.o
         2          0          0          0          0          0   _printf_percent.o
         4          0          0          0          0          0   _printf_percent_end.o
       346          0          0          0          0         92   aeabi_sdiv.o
        12          0          0          0          0         68   defsig_exit.o
        52          0          0          0          0         72   defsig_general.o
        80         58          0          0          0         68   defsig_rtmem_inner.o
        12          0          0          0          0         68   defsig_rtmem_outer.o
        52         38          0          0          0         68   defsig_rtred_inner.o
        12          0          0          0          0         68   defsig_rtred_outer.o
        16          0          0          0          0         68   exit.o
        76          4          0          0          0         76   fclose.o
         8          0          0          0          0         60   ferror.o
       496         10          0          0          0         76   flsbuf.o
       232          8          0          0          0        108   fopen.o
        30          0          0          0          0         68   fputc.o
       244          4          0          0          0         76   fseek.o
        66          0          0          0          0         68   ftell.o
        98          0          0          0          0         72   h1_alloc.o
        52          0          0          0          0         68   h1_extend.o
        76          0          0          0          0         72   h1_free.o
        14          0          0          0          0         76   h1_init.o
         6          0          0          0          0        136   heapauxi.o
         4          0          0          0          0        120   hguard.o
         0          0          0          0          0          0   indicate_semi.o
       136          0          0          0          0        160   init_alloc.o
       316         44          0          0          0         96   initio.o
         2          0          0          0          0          0   libinit.o
        14          0          0          0          0          0   libinit2.o
         2          0          0          0          0          0   libshutdown.o
         6          0          0          0          0          0   libshutdown2.o
         8          4          0          0         96         68   libspace.o
         0          0          0          0          0          0   maybetermalloc1.o
        28          6          0          0          0         84   noretval__2printf.o
         8          4          0          0          0         68   rt_errno_addr_intlibspace.o
         8          4          0          0          0         68   rt_heap_descriptor_intlibspace.o
        64          0          0          0          0        108   rt_memclr.o
         2          0          0          0          0          0   rtexit.o
        10          0          0          0          0          0   rtexit2.o
        40          0          0          0          0         60   rtudiv10.o
        76          4          0          0          0         72   setvbuf.o
       240          8          0          0          0        144   stdio.o
         0          0          0         12        252          0   stdio_streams.o
        68          6          0          0          0         72   strlen.o
        12          4          0          0          0         60   sys_exit.o
       102          0         12          0          0        232   sys_io.o
        62          0          0          0          0         80   sys_stackheap_outer.o
        12          0          0          0          0         68   sys_wrch.o
         2          0          0          0          0         68   use_no_semi.o
       856         20          0          0          0        208   daddsub.o
        72          4          0          0          0         68   dfixui.o
        84          4          0          0          0         60   f2d.o
       372          8          0          0          0        240   faddsub.o
       352         10         64          0          0         92   fdiv.o
        48          0          0          0          0         60   ffixui.o
        94          0          0          0          0         92   fflti.o
        68          4          0          0          0         68   fscalbn.o
         0          0          0          0          0          0   usenofp.o

    ----------------------------------------------------------------------
      6056        294         76         12        348       4668   Library Totals
        18          0          0          0          0          0   (incl. Padding)

    ----------------------------------------------------------------------

      Code (inc. data)   RO Data    RW Data    ZI Data      Debug   Library Name

      4092        244         12         12        348       3780   c_p.l
      1946         50         64          0          0        888   fz_ps.l

    ----------------------------------------------------------------------
      6056        294         76         12        348       4668   Library Totals

    ----------------------------------------------------------------------

==============================================================================


      Code (inc. data)   RO Data    RW Data    ZI Data      Debug   

      7376        532        276         36       2396      58716   Grand Totals
      7376        532        276         36       2396      58716   ELF Image Totals
      7376        532        276         36          0          0   ROM Totals

==============================================================================

    Total RO  Size (Code + RO Data)                 7652 (   7.47kB)
    Total RW  Size (RW Data + ZI Data)              2432 (   2.38kB)
    Total ROM Size (Code + RO Data + RW Data)       7688 (   7.51kB)

==============================================================================

