Component: ARM Compiler 6.14 Tool: armlink [5db06800]

==============================================================================

Section Cross References

    startup_w7500x.o(STACK) refers (Special) to heapauxi.o(.text) for __use_two_region_memory
    startup_w7500x.o(HEAP) refers (Special) to heapauxi.o(.text) for __use_two_region_memory
    startup_w7500x.o(RESET) refers (Special) to heapauxi.o(.text) for __use_two_region_memory
    startup_w7500x.o(RESET) refers to startup_w7500x.o(STACK) for __initial_sp
    startup_w7500x.o(RESET) refers to startup_w7500x.o(.text) for Reset_Handler
    startup_w7500x.o(RESET) refers to w7500x_it.o(.text) for NMI_Handler
    startup_w7500x.o(.text) refers (Special) to heapauxi.o(.text) for __use_two_region_memory
    startup_w7500x.o(.text) refers to system_w7500x.o(.text) for SystemInit
    startup_w7500x.o(.text) refers to __main.o(!!!main) for __main
    startup_w7500x.o(.text) refers to startup_w7500x.o(HEAP) for Heap_Mem
    startup_w7500x.o(.text) refers to startup_w7500x.o(STACK) for Stack_Mem
    w7500x_uart.o(.text) refers to fflti.o(.text) for __aeabi_ui2f
    w7500x_uart.o(.text) refers to fdiv.o(.text) for __aeabi_fdiv
    w7500x_uart.o(.text) refers to ffixui.o(.text) for __aeabi_f2uiz
    w7500x_uart.o(.text) refers to faddsub.o(x$fpl$fsub) for __aeabi_fsub
    w7500x_uart.o(.text) refers to fmul.o(x$fpl$fmul) for __aeabi_fmul
    w7500x_uart.o(.text) refers to f2d.o(.text) for __aeabi_f2d
    w7500x_uart.o(.text) refers to daddsub.o(.text) for __aeabi_dadd
    w7500x_uart.o(.text) refers to dfixui.o(.text) for __aeabi_d2uiz
    w7500x_uart.o(.text) refers to system_w7500x.o(.text) for GetSystemClock
    w7500x_uart.o(.text) refers to aeabi_sdivfast.o(.text_divfast) for __aeabi_uidiv
    w7500x_uart.o(.ARM.exidx) refers to w7500x_uart.o(.text) for [Anonymous Symbol]
    w7500x_gpio.o(.ARM.exidx) refers to w7500x_gpio.o(.text) for [Anonymous Symbol]
    w7500x_adc.o(.ARM.exidx) refers to w7500x_adc.o(.text) for [Anonymous Symbol]
    system_w7500x.o(.text) refers to aeabi_sdivfast.o(.text_divfast) for __aeabi_uidiv
    system_w7500x.o(.text) refers to system_w7500x.o(.bss.SystemCoreClock) for SystemCoreClock
    system_w7500x.o(.text) refers to system_w7500x.o(.bss.SystemFrequency) for SystemFrequency
    system_w7500x.o(.ARM.exidx) refers to system_w7500x.o(.text) for [Anonymous Symbol]
    main.o(.text) refers (Special) to _printf_d.o(.ARM.Collect$$_printf_percent$$00000009) for _printf_d
    main.o(.text) refers (Special) to _printf_dec.o(.text) for _printf_int_dec
    main.o(.text) refers (Special) to _printf_percent.o(.ARM.Collect$$_printf_percent$$00000000) for _printf_percent
    main.o(.text) refers (Special) to _printf_pad.o(.text) for _printf_pre_padding
    main.o(.text) refers to system_w7500x.o(.text) for SystemInit
    main.o(.text) refers to puts.o(.text) for puts
    main.o(.text) refers to w7500x_adc.o(.text) for ADC_Init
    main.o(.text) refers to noretval__2printf.o(.text) for __2printf
    main.o(.text) refers to main.o(.bss.sensorValue2) for sensorValue2
    main.o(.text) refers to main.o(.bss.sensorValue) for sensorValue
    main.o(.text) refers to main.o(.bss.sensorValue1) for sensorValue1
    main.o(.text) refers to main.o(.data.color) for color
    main.o(.text) refers to main.o(.bss.on) for on
    main.o(.text) refers to w7500x_gpio.o(.text) for PAD_AFConfig
    main.o(.text) refers to w7500x_uart.o(.text) for UART_StructInit
    main.o(.ARM.exidx) refers (Special) to _printf_d.o(.ARM.Collect$$_printf_percent$$00000009) for _printf_d
    main.o(.ARM.exidx) refers (Special) to _printf_dec.o(.text) for _printf_int_dec
    main.o(.ARM.exidx) refers (Special) to _printf_percent.o(.ARM.Collect$$_printf_percent$$00000000) for _printf_percent
    main.o(.ARM.exidx) refers (Special) to _printf_pad.o(.text) for _printf_pre_padding
    main.o(.ARM.exidx) refers to main.o(.text) for [Anonymous Symbol]
    main.o(.data.color) refers (Special) to _printf_d.o(.ARM.Collect$$_printf_percent$$00000009) for _printf_d
    main.o(.data.color) refers (Special) to _printf_dec.o(.text) for _printf_int_dec
    main.o(.data.color) refers (Special) to _printf_percent.o(.ARM.Collect$$_printf_percent$$00000000) for _printf_percent
    main.o(.data.color) refers (Special) to _printf_pad.o(.text) for _printf_pre_padding
    main.o(.bss.on) refers (Special) to _printf_d.o(.ARM.Collect$$_printf_percent$$00000009) for _printf_d
    main.o(.bss.on) refers (Special) to _printf_dec.o(.text) for _printf_int_dec
    main.o(.bss.on) refers (Special) to _printf_percent.o(.ARM.Collect$$_printf_percent$$00000000) for _printf_percent
    main.o(.bss.on) refers (Special) to _printf_pad.o(.text) for _printf_pre_padding
    main.o(.bss.sensorValue2) refers (Special) to _printf_d.o(.ARM.Collect$$_printf_percent$$00000009) for _printf_d
    main.o(.bss.sensorValue2) refers (Special) to _printf_dec.o(.text) for _printf_int_dec
[...]

    Removing w7500x_uart.o(.ARM.exidx), (256 bytes).
    Removing w7500x_gpio.o(.ARM.exidx), (176 bytes).
    Removing w7500x_adc.o(.ARM.exidx), (72 bytes).
    Removing system_w7500x.o(.ARM.exidx), (24 bytes).
    Removing main.o(.ARM.exidx), (48 bytes).
    Removing main.o(.ARM.use_no_argv), (4 bytes).
    Removing retarget.o(.ARM.exidx), (8 bytes).
    Removing w7500x_it.o(.ARM.exidx), (224 bytes).

8 unused section(s) (total 812 bytes) removed from the image.

==============================================================================

Image Symbol Table

    Local Symbols

    Symbol Name                              Value     Ov Type        Size  Object(Section)

    ../../../../../Libraries/CMSIS/Device/WIZnet/W7500/Source/ARM/startup_W7500x.s 0x00000000   Number         0  startup_w7500x.o ABSOLUTE
    ../clib/angel/boardlib.s                 0x00000000   Number         0  boardinit1.o ABSOLUTE
    ../clib/angel/boardlib.s                 0x00000000   Number         0  boardinit2.o ABSOLUTE
    ../clib/angel/boardlib.s                 0x00000000   Number         0  boardinit3.o ABSOLUTE
    ../clib/angel/boardlib.s                 0x00000000   Number         0  boardshut.o ABSOLUTE
    ../clib/angel/handlers.s                 0x00000000   Number         0  __scatter_copy.o ABSOLUTE
    ../clib/angel/handlers.s                 0x00000000   Number         0  __scatter_zi.o ABSOLUTE
    ../clib/angel/kernel.s                   0x00000000   Number         0  __rtentry.o ABSOLUTE
    ../clib/angel/kernel.s                   0x00000000   Number         0  __rtentry2.o ABSOLUTE
    ../clib/angel/kernel.s                   0x00000000   Number         0  __rtentry4.o ABSOLUTE
    ../clib/angel/kernel.s                   0x00000000   Number         0  rtexit.o ABSOLUTE
    ../clib/angel/kernel.s                   0x00000000   Number         0  rtexit2.o ABSOLUTE
    ../clib/angel/rt.s                       0x00000000   Number         0  aeabi_idiv0.o ABSOLUTE
    ../clib/angel/rt.s                       0x00000000   Number         0  aeabi_idiv0_sigfpe.o ABSOLUTE
    ../clib/angel/rt.s                       0x00000000   Number         0  rt_div0.o ABSOLUTE
    ../clib/angel/rt.s                       0x00000000   Number         0  rt_raise.o ABSOLUTE
    ../clib/angel/rt.s                       0x00000000   Number         0  rt_heap_descriptor.o ABSOLUTE
    ../clib/angel/rt.s                       0x00000000   Number         0  rt_heap_descriptor_intlibspace.o ABSOLUTE
    ../clib/angel/rt.s                       0x00000000   Number         0  rt_errno_addr.o ABSOLUTE
    ../clib/angel/rt.s                       0x00000000   Number         0  rt_errno_addr_intlibspace.o ABSOLUTE
    ../clib/angel/scatterp.s                 0x00000000   Number         0  __scatter.o ABSOLUTE
    ../clib/angel/startup.s                  0x00000000   Number         0  __main.o ABSOLUTE
    ../clib/angel/sys.s                      0x00000000   Number         0  mutex_dummy.o ABSOLUTE
    ../clib/angel/sys.s                      0x00000000   Number         0  sys_stackheap_outer.o ABSOLUTE
    ../clib/angel/sys.s                      0x00000000   Number         0  libspace.o ABSOLUTE
    ../clib/angel/sys.s                      0x00000000   Number         0  use_no_semi.o ABSOLUTE
    ../clib/angel/sys.s                      0x00000000   Number         0  indicate_semi.o ABSOLUTE
    ../clib/angel/sys.s                      0x00000000   Number         0  tempstk.o ABSOLUTE
    ../clib/angel/sysapp.c                   0x00000000   Number         0  sys_io.o ABSOLUTE
    ../clib/angel/sysapp.c                   0x00000000   Number         0  sys_io_names.o ABSOLUTE
    ../clib/angel/sysapp.c                   0x00000000   Number         0  sys_io_hlt.o ABSOLUTE
    ../clib/angel/sysapp.c                   0x00000000   Number         0  sys_command.o ABSOLUTE
    ../clib/angel/sysapp.c                   0x00000000   Number         0  sys_exit.o ABSOLUTE
    ../clib/angel/sysapp.c                   0x00000000   Number         0  sys_command_hlt.o ABSOLUTE
    ../clib/angel/sysapp.c                   0x00000000   Number         0  sys_exit_hlt.o ABSOLUTE
    ../clib/angel/sysapp.c                   0x00000000   Number         0  sys_wrch.o ABSOLUTE
    ../clib/angel/sysapp.c                   0x00000000   Number         0  sys_wrch_hlt.o ABSOLUTE
    ../clib/armsys.c                         0x00000000   Number         0  _get_argv.o ABSOLUTE
    ../clib/armsys.c                         0x00000000   Number         0  argv_veneer.o ABSOLUTE
    ../clib/armsys.c                         0x00000000   Number         0  _get_argv_nomalloc.o ABSOLUTE
    ../clib/armsys.c                         0x00000000   Number         0  no_argv.o ABSOLUTE
    ../clib/assert.c                         0x00000000   Number         0  assert_stdio.o ABSOLUTE
    ../clib/division.c                       0x00000000   Number         0  rtudiv10.o ABSOLUTE
    ../clib/division.s                       0x00000000   Number         0  aeabi_sdivfast.o ABSOLUTE
    ../clib/division.s                       0x00000000   Number         0  aeabi_sdivfast_div0.o ABSOLUTE
    ../clib/heap1.c                          0x00000000   Number         0  h1_alloc.o ABSOLUTE
    ../clib/heap1.c                          0x00000000   Number         0  h1_free.o ABSOLUTE
    ../clib/heap1.c                          0x00000000   Number         0  h1_alloc_threads.o ABSOLUTE
    ../clib/heap1.c                          0x00000000   Number         0  h1_free_threads.o ABSOLUTE
    ../clib/heap1.c                          0x00000000   Number         0  h1_init.o ABSOLUTE
    ../clib/heap1.c                          0x00000000   Number         0  h1_init_threads.o ABSOLUTE
    ../clib/heap1.c                          0x00000000   Number         0  h1_extend.o ABSOLUTE
    ../clib/heap1.c                          0x00000000   Number         0  h1_extend_threads.o ABSOLUTE
    ../clib/heap1.c                          0x00000000   Number         0  h1_final.o ABSOLUTE
    ../clib/heap1.c                          0x00000000   Number         0  h1_final_threads.o ABSOLUTE
    ../clib/heap2.c                          0x00000000   Number         0  heap2.o ABSOLUTE
    ../clib/heap2.c                          0x00000000   Number         0  heap2_threads.o ABSOLUTE
    ../clib/heap2.c                          0x00000000   Number         0  fdtree.o ABSOLUTE
    ../clib/heapalloc.c                      0x00000000   Number         0  malloc.o ABSOLUTE
    ../clib/heapalloc.c                      0x00000000   Number         0  free.o ABSOLUTE
    ../clib/heapalloc.c                      0x00000000   Number         0  hguard.o ABSOLUTE
    ../clib/heapalloc.c                      0x00000000   Number         0  init_alloc.o ABSOLUTE
    ../clib/heapalloc.c                      0x00000000   Number         0  heapstubs.o ABSOLUTE
    ../clib/heapalloc.c                      0x00000000   Number         0  hrguard.o ABSOLUTE
    ../clib/heapalloc.c                      0x00000000   Number         0  term_alloc.o ABSOLUTE
    ../clib/heapaux.c                        0x00000000   Number         0  heapauxi.o ABSOLUTE
    ../clib/heapaux.c                        0x00000000   Number         0  heapauxa.o ABSOLUTE
    ../clib/libinit.s                        0x00000000   Number         0  libinit.o ABSOLUTE
    ../clib/libinit.s                        0x00000000   Number         0  libinit2.o ABSOLUTE
    ../clib/libinit.s                        0x00000000   Number         0  libshutdown2.o ABSOLUTE
    ../clib/libinit.s                        0x00000000   Number         0  libshutdown.o ABSOLUTE
    ../clib/maybe.s                          0x00000000   Number         0  maybetermalloc1.o ABSOLUTE
    ../clib/maybe.s                          0x00000000   Number         0  maybetermalloc2.o ABSOLUTE
    ../clib/memcpset.c                       0x00000000   Number         0  rt_memclr.o ABSOLUTE
    ../clib/memcpset.c                       0x00000000   Number         0  rt_memcpy.o ABSOLUTE
    ../clib/memcpset.c                       0x00000000   Number         0  rt_memcpy.o ABSOLUTE
    ../clib/misc.s                           0x00000000   Number         0  printf_stubs.o ABSOLUTE
    ../clib/printf.c                         0x00000000   Number         0  __2printf.o ABSOLUTE
    ../clib/printf.c                         0x00000000   Number         0  noretval__2printf.o ABSOLUTE
    ../clib/printf.c                         0x00000000   Number         0  __printf.o ABSOLUTE
    ../clib/printf.c                         0x00000000   Number         0  _printf_pad.o ABSOLUTE
    ../clib/printf.c                         0x00000000   Number         0  _printf_dec.o ABSOLUTE
    ../clib/printf.c                         0x00000000   Number         0  __printf_flags.o ABSOLUTE
    ../clib/printf.c                         0x00000000   Number         0  __printf_ss.o ABSOLUTE
    ../clib/printf.c                         0x00000000   Number         0  __printf_flags_ss.o ABSOLUTE
    ../clib/printf.c                         0x00000000   Number         0  __printf_wp.o ABSOLUTE
    ../clib/printf.c                         0x00000000   Number         0  __printf_flags_wp.o ABSOLUTE
    ../clib/printf.c                         0x00000000   Number         0  __printf_ss_wp.o ABSOLUTE
    ../clib/printf.c                         0x00000000   Number         0  __printf_flags_ss_wp.o ABSOLUTE
    ../clib/printf.c                         0x00000000   Number         0  _printf_intcommon.o ABSOLUTE
    ../clib/printf.c                         0x00000000   Number         0  _printf_char_file.o ABSOLUTE
    ../clib/printf.c                         0x00000000   Number         0  _printf_char_common.o ABSOLUTE
    ../clib/printf.c                         0x00000000   Number         0  __printf_nopercent.o ABSOLUTE
    ../clib/printf.c                         0x00000000   Number         0  _printf_char_file_locked.o ABSOLUTE
    ../clib/printf_percent.s                 0x00000000   Number         0  _printf_d.o ABSOLUTE
    ../clib/printf_percent.s                 0x00000000   Number         0  _printf_percent.o ABSOLUTE
    ../clib/printf_percent.s                 0x00000000   Number         0  _printf_percent_end.o ABSOLUTE
    ../clib/signal.c                         0x00000000   Number         0  defsig_fpe_outer.o ABSOLUTE
    ../clib/signal.c                         0x00000000   Number         0  defsig_fpe_formal.o ABSOLUTE
    ../clib/signal.c                         0x00000000   Number         0  defsig_rtred_outer.o ABSOLUTE
    ../clib/signal.c                         0x00000000   Number         0  defsig_rtred_formal.o ABSOLUTE
    ../clib/signal.c                         0x00000000   Number         0  defsig_exit.o ABSOLUTE
    ../clib/signal.c                         0x00000000   Number         0  defsig_fpe_inner.o ABSOLUTE
    ../clib/signal.c                         0x00000000   Number         0  defsig_rtred_inner.o ABSOLUTE
    ../clib/signal.c                         0x00000000   Number         0  __raise.o ABSOLUTE
    ../clib/signal.c                         0x00000000   Number         0  defsig_general.o ABSOLUTE
    ../clib/signal.c                         0x00000000   Number         0  defsig_rtmem_outer.o ABSOLUTE
    ../clib/signal.c                         0x00000000   Number         0  defsig_rtmem_formal.o ABSOLUTE
    ../clib/signal.c                         0x00000000   Number         0  defsig_rtmem_inner.o ABSOLUTE
    ../clib/signal.c                         0x00000000   Number         0  defsig_abrt_inner.o ABSOLUTE
    ../clib/signal.c                         0x00000000   Number         0  defsig_stak_inner.o ABSOLUTE
    ../clib/signal.c                         0x00000000   Number         0  defsig_pvfn_inner.o ABSOLUTE
    ../clib/signal.c                         0x00000000   Number         0  defsig_cppl_inner.o ABSOLUTE
    ../clib/signal.c                         0x00000000   Number         0  defsig_segv_inner.o ABSOLUTE
    ../clib/signal.c                         0x00000000   Number         0  defsig_other.o ABSOLUTE
    ../clib/signal.s                         0x00000000   Number         0  defsig.o ABSOLUTE
    ../clib/stdio.c                          0x00000000   Number         0  puts.o ABSOLUTE
    ../clib/stdio.c                          0x00000000   Number         0  fputc.o ABSOLUTE
    ../clib/stdio.c                          0x00000000   Number         0  stdio_streams.o ABSOLUTE
    ../clib/stdio.c                          0x00000000   Number         0  fputc_locked.o ABSOLUTE
    ../clib/stdio.c                          0x00000000   Number         0  ferror.o ABSOLUTE
    ../clib/stdio.c                          0x00000000   Number         0  flsbuf.o ABSOLUTE
    ../clib/stdio.c                          0x00000000   Number         0  initio.o ABSOLUTE
    ../clib/stdio.c                          0x00000000   Number         0  ferror_locked.o ABSOLUTE
    ../clib/stdio.c                          0x00000000   Number         0  initio_locked.o ABSOLUTE
    ../clib/stdio.c                          0x00000000   Number         0  setvbuf.o ABSOLUTE
    ../clib/stdio.c                          0x00000000   Number         0  stdio.o ABSOLUTE
    ../clib/stdio.c                          0x00000000   Number         0  fwritefast.o ABSOLUTE
    ../clib/stdio.c                          0x00000000   Number         0  streamlock.o ABSOLUTE
    ../clib/stdio.c                          0x00000000   Number         0  fopen.o ABSOLUTE
    ../clib/stdio.c                          0x00000000   Number         0  fclose.o ABSOLUTE
    ../clib/stdio.c                          0x00000000   Number         0  puts_locked.o ABSOLUTE
    ../clib/stdio.c                          0x00000000   Number         0  setvbuf_locked.o ABSOLUTE
    ../clib/stdio.c                          0x00000000   Number         0  fopen_locked.o ABSOLUTE
    ../clib/stdio.c                          0x00000000   Number         0  fwritefast_locked.o ABSOLUTE
    ../clib/stdio.c                          0x00000000   Number         0  fflush.o ABSOLUTE
    ../clib/stdio.c                          0x00000000   Number         0  fputs.o ABSOLUTE
    ../clib/stdio.c                          0x00000000   Number         0  fseek.o ABSOLUTE
    ../clib/stdio.c                          0x00000000   Number         0  fputs_locked.o ABSOLUTE
    ../clib/stdio.c                          0x00000000   Number         0  fflush_locked.o ABSOLUTE
    ../clib/stdio.c                          0x00000000   Number         0  ftell.o ABSOLUTE
    ../clib/stdlib.c                         0x00000000   Number         0  exit.o ABSOLUTE
    ../clib/string.c                         0x00000000   Number         0  strlen.o ABSOLUTE
    ../clib/wchar.c                          0x00000000   Number         0  flsbuf_fwide.o ABSOLUTE
    ../fplib/cfplib/daddsub.c                0x00000000   Number         0  daddsub.o ABSOLUTE
    ../fplib/cfplib/f2d.c                    0x00000000   Number         0  f2d.o ABSOLUTE
    ../fplib/cfplib/fdiv.c                   0x00000000   Number         0  fdiv.o ABSOLUTE
    ../fplib/cfplib/ffix.c                   0x00000000   Number         0  dfixui.o ABSOLUTE
    ../fplib/cfplib/ffix.c                   0x00000000   Number         0  ffixui.o ABSOLUTE
    ../fplib/cfplib/fflt.c                   0x00000000   Number         0  fflti.o ABSOLUTE
    ../fplib/cfplib/fpinit.c                 0x00000000   Number         0  fpinit.o ABSOLUTE
    ../fplib/faddsub6m.s                     0x00000000   Number         0  faddsub.o ABSOLUTE
    ../fplib/fmul6m.s                        0x00000000   Number         0  fmul.o ABSOLUTE
    ../fplib/usenofp.s                       0x00000000   Number         0  usenofp.o ABSOLUTE
    W7500x_adc.c                             0x00000000   Number         0  w7500x_adc.o ABSOLUTE
    W7500x_gpio.c                            0x00000000   Number         0  w7500x_gpio.o ABSOLUTE
    W7500x_it.c                              0x00000000   Number         0  w7500x_it.o ABSOLUTE
    W7500x_uart.c                            0x00000000   Number         0  w7500x_uart.o ABSOLUTE
    dc.s                                     0x00000000   Number         0  dc.o ABSOLUTE
    main.c                                   0x00000000   Number         0  main.o ABSOLUTE
    retarget.c                               0x00000000   Number         0  retarget.o ABSOLUTE
    system_W7500x.c                          0x00000000   Number         0  system_w7500x.o ABSOLUTE
    RESET                                    0x00000000   Section      168  startup_w7500x.o(RESET)
    !!!main                                  0x000000a8   Section        8  __main.o(!!!main)
    !!!scatter                               0x000000b0   Section       60  __scatter.o(!!!scatter)
    !!handler_copy                           0x000000ec   Section       26  __scatter_copy.o(!!handler_copy)
    !!handler_zi                             0x00000108   Section       28  __scatter_zi.o(!!handler_zi)
    .ARM.Collect$$_printf_percent$$00000000  0x00000124   Section        2  _printf_percent.o(.ARM.Collect$$_printf_percent$$00000000)
    .ARM.Collect$$_printf_percent$$00000009  0x00000126   Section       10  _printf_d.o(.ARM.Collect$$_printf_percent$$00000009)
    .ARM.Collect$$_printf_percent$$00000017  0x00000130   Section        4  _printf_percent_end.o(.ARM.Collect$$_printf_percent$$00000017)
    .ARM.Collect$$libinit$$00000000          0x00000134   Section        2  libinit.o(.ARM.Collect$$libinit$$00000000)
    .ARM.Collect$$libinit$$00000002          0x00000136   Section        0  libinit2.o(.ARM.Collect$$libinit$$00000002)
    .ARM.Collect$$libinit$$00000004          0x00000136   Section        0  libinit2.o(.ARM.Collect$$libinit$$00000004)
    .ARM.Collect$$libinit$$00000005          0x00000136   Section        8  libinit2.o(.ARM.Collect$$libinit$$00000005)
    .ARM.Collect$$libinit$$0000000A          0x0000013e   Section        0  libinit2.o(.ARM.Collect$$libinit$$0000000A)
    .ARM.Collect$$libinit$$0000000C          0x0000013e   Section        0  libinit2.o(.ARM.Collect$$libinit$$0000000C)
    .ARM.Collect$$libinit$$0000000E          0x0000013e   Section        0  libinit2.o(.ARM.Collect$$libinit$$0000000E)
    .ARM.Collect$$libinit$$00000011          0x0000013e   Section        0  libinit2.o(.ARM.Collect$$libinit$$00000011)
    .ARM.Collect$$libinit$$00000013          0x0000013e   Section        0  libinit2.o(.ARM.Collect$$libinit$$00000013)
    .ARM.Collect$$libinit$$00000015          0x0000013e   Section        0  libinit2.o(.ARM.Collect$$libinit$$00000015)
    .ARM.Collect$$libinit$$00000017          0x0000013e   Section        0  libinit2.o(.ARM.Collect$$libinit$$00000017)
    .ARM.Collect$$libinit$$00000019          0x0000013e   Section        0  libinit2.o(.ARM.Collect$$libinit$$00000019)
    .ARM.Collect$$libinit$$0000001B          0x0000013e   Section        0  libinit2.o(.ARM.Collect$$libinit$$0000001B)
    .ARM.Collect$$libinit$$0000001D          0x0000013e   Section        0  libinit2.o(.ARM.Collect$$libinit$$0000001D)
    .ARM.Collect$$libinit$$0000001F          0x0000013e   Section        0  libinit2.o(.ARM.Collect$$libinit$$0000001F)
    .ARM.Collect$$libinit$$00000021          0x0000013e   Section        0  libinit2.o(.ARM.Collect$$libinit$$00000021)
    .ARM.Collect$$libinit$$00000023          0x0000013e   Section        0  libinit2.o(.ARM.Collect$$libinit$$00000023)
    .ARM.Collect$$libinit$$00000024          0x0000013e   Section        4  libinit2.o(.ARM.Collect$$libinit$$00000024)
    .ARM.Collect$$libinit$$00000025          0x00000142   Section        0  libinit2.o(.ARM.Collect$$libinit$$00000025)
    .ARM.Collect$$libinit$$0000002C          0x00000142   Section        0  libinit2.o(.ARM.Collect$$libinit$$0000002C)
    .ARM.Collect$$libinit$$0000002E          0x00000142   Section        0  libinit2.o(.ARM.Collect$$libinit$$0000002E)
    .ARM.Collect$$libinit$$00000030          0x00000142   Section        0  libinit2.o(.ARM.Collect$$libinit$$00000030)
    .ARM.Collect$$libinit$$00000032          0x00000142   Section        0  libinit2.o(.ARM.Collect$$libinit$$00000032)
    .ARM.Collect$$libinit$$00000033          0x00000142   Section        2  libinit2.o(.ARM.Collect$$libinit$$00000033)
    .ARM.Collect$$libshutdown$$00000000      0x00000144   Section        2  libshutdown.o(.ARM.Collect$$libshutdown$$00000000)
    .ARM.Collect$$libshutdown$$00000002      0x00000146   Section        0  libshutdown2.o(.ARM.Collect$$libshutdown$$00000002)
    .ARM.Collect$$libshutdown$$00000003      0x00000146   Section        4  libshutdown2.o(.ARM.Collect$$libshutdown$$00000003)
    .ARM.Collect$$libshutdown$$00000004      0x0000014a   Section        0  libshutdown2.o(.ARM.Collect$$libshutdown$$00000004)
    .ARM.Collect$$libshutdown$$00000007      0x0000014a   Section        0  libshutdown2.o(.ARM.Collect$$libshutdown$$00000007)
    .ARM.Collect$$libshutdown$$0000000A      0x0000014a   Section        0  libshutdown2.o(.ARM.Collect$$libshutdown$$0000000A)
    .ARM.Collect$$libshutdown$$0000000C      0x0000014a   Section        0  libshutdown2.o(.ARM.Collect$$libshutdown$$0000000C)
    .ARM.Collect$$libshutdown$$0000000F      0x0000014a   Section        0  libshutdown2.o(.ARM.Collect$$libshutdown$$0000000F)
    .ARM.Collect$$libshutdown$$00000010      0x0000014a   Section        2  libshutdown2.o(.ARM.Collect$$libshutdown$$00000010)
    .ARM.Collect$$rtentry$$00000000          0x0000014c   Section        0  __rtentry.o(.ARM.Collect$$rtentry$$00000000)
    .ARM.Collect$$rtentry$$00000002          0x0000014c   Section        0  __rtentry2.o(.ARM.Collect$$rtentry$$00000002)
    .ARM.Collect$$rtentry$$00000004          0x0000014c   Section        6  __rtentry4.o(.ARM.Collect$$rtentry$$00000004)
    .ARM.Collect$$rtentry$$00000009          0x00000152   Section        0  __rtentry2.o(.ARM.Collect$$rtentry$$00000009)
    .ARM.Collect$$rtentry$$0000000A          0x00000152   Section        4  __rtentry2.o(.ARM.Collect$$rtentry$$0000000A)
    .ARM.Collect$$rtentry$$0000000C          0x00000156   Section        0  __rtentry2.o(.ARM.Collect$$rtentry$$0000000C)
    .ARM.Collect$$rtentry$$0000000D          0x00000156   Section        8  __rtentry2.o(.ARM.Collect$$rtentry$$0000000D)
    .ARM.Collect$$rtexit$$00000000           0x0000015e   Section        2  rtexit.o(.ARM.Collect$$rtexit$$00000000)
    .ARM.Collect$$rtexit$$00000002           0x00000160   Section        0  rtexit2.o(.ARM.Collect$$rtexit$$00000002)
    .ARM.Collect$$rtexit$$00000003           0x00000160   Section        4  rtexit2.o(.ARM.Collect$$rtexit$$00000003)
    .ARM.Collect$$rtexit$$00000004           0x00000164   Section        6  rtexit2.o(.ARM.Collect$$rtexit$$00000004)
    .text                                    0x0000016c   Section       56  startup_w7500x.o(.text)
    [Anonymous Symbol]                       0x000001a4   Section        0  w7500x_uart.o(.text)
    __arm_cp.2_0                             0x00000250   Number         4  w7500x_uart.o(.text)
    __arm_cp.2_1                             0x00000254   Number         4  w7500x_uart.o(.text)
    __arm_cp.2_2                             0x00000258   Number         4  w7500x_uart.o(.text)
    __arm_cp.2_3                             0x0000025c   Number         4  w7500x_uart.o(.text)
    __arm_cp.17_0                            0x000002f4   Number         4  w7500x_uart.o(.text)
    __arm_cp.18_0                            0x0000031c   Number         4  w7500x_uart.o(.text)
    __arm_cp.18_1                            0x00000320   Number         4  w7500x_uart.o(.text)
    __arm_cp.18_2                            0x00000324   Number         4  w7500x_uart.o(.text)
    __arm_cp.19_0                            0x00000334   Number         4  w7500x_uart.o(.text)
    __arm_cp.20_0                            0x00000340   Number         4  w7500x_uart.o(.text)
    __arm_cp.21_0                            0x00000354   Number         4  w7500x_uart.o(.text)
    __arm_cp.22_0                            0x00000370   Number         4  w7500x_uart.o(.text)
    __arm_cp.23_0                            0x0000038c   Number         4  w7500x_uart.o(.text)
    __arm_cp.24_0                            0x000003a0   Number         4  w7500x_uart.o(.text)
    __arm_cp.25_0                            0x000003b0   Number         4  w7500x_uart.o(.text)
    __arm_cp.31_0                            0x00000430   Number         4  w7500x_uart.o(.text)
    [Anonymous Symbol]                       0x00000434   Section        0  w7500x_gpio.o(.text)
    __arm_cp.0_0                             0x00000484   Number         4  w7500x_gpio.o(.text)
    __arm_cp.0_1                             0x00000488   Number         4  w7500x_gpio.o(.text)
    __arm_cp.0_2                             0x0000048c   Number         4  w7500x_gpio.o(.text)
    __arm_cp.1_0                             0x00000534   Number         4  w7500x_gpio.o(.text)
    __arm_cp.2_0                             0x00000544   Number         4  w7500x_gpio.o(.text)
    __arm_cp.13_0                            0x00000610   Number         4  w7500x_gpio.o(.text)
    __arm_cp.15_0                            0x00000638   Number         4  w7500x_gpio.o(.text)
    __arm_cp.16_0                            0x00000644   Number         4  w7500x_gpio.o(.text)
    __arm_cp.18_0                            0x000006a8   Number         4  w7500x_gpio.o(.text)
    NVIC_EnableIRQ                           0x00000775   Thumb Code    20  w7500x_gpio.o(.text)
    __arm_cp.21_0                            0x00000784   Number         4  w7500x_gpio.o(.text)
    [Anonymous Symbol]                       0x00000788   Section        0  w7500x_adc.o(.text)
    __arm_cp.3_0                             0x000007c0   Number         4  w7500x_adc.o(.text)
    __arm_cp.4_0                             0x000007cc   Number         4  w7500x_adc.o(.text)
    __arm_cp.5_0                             0x000007d8   Number         4  w7500x_adc.o(.text)
    __arm_cp.6_0                             0x000007e4   Number         4  w7500x_adc.o(.text)
    __arm_cp.7_0                             0x000007f4   Number         4  w7500x_adc.o(.text)
    __arm_cp.8_0                             0x00000800   Number         4  w7500x_adc.o(.text)
    [Anonymous Symbol]                       0x00000804   Section        0  system_w7500x.o(.text)
    __arm_cp.0_0                             0x0000083c   Number         4  system_w7500x.o(.text)
    __arm_cp.0_1                             0x00000840   Number         4  system_w7500x.o(.text)
    __arm_cp.0_2                             0x00000844   Number         4  system_w7500x.o(.text)
    __arm_cp.1_0                             0x00000850   Number         4  system_w7500x.o(.text)
    __arm_cp.2_0                             0x0000089c   Number         4  system_w7500x.o(.text)
    __arm_cp.2_1                             0x000008a0   Number         4  system_w7500x.o(.text)
    __arm_cp.2_2                             0x000008a4   Number         4  system_w7500x.o(.text)
    __arm_cp.2_3                             0x000008a8   Number         4  system_w7500x.o(.text)
    __arm_cp.2_4                             0x000008ac   Number         4  system_w7500x.o(.text)
    [Anonymous Symbol]                       0x000008b0   Section        0  main.o(.text)
    __arm_cp.0_2                             0x000009a8   Number         4  main.o(.text)
    __arm_cp.0_3                             0x000009ac   Number         4  main.o(.text)
    __arm_cp.0_4                             0x000009b0   Number         4  main.o(.text)
    __arm_cp.0_6                             0x000009d8   Number         4  main.o(.text)
    __arm_cp.0_7                             0x000009dc   Number         4  main.o(.text)
    __arm_cp.0_8                             0x000009e0   Number         4  main.o(.text)
    __arm_cp.2_0                             0x00000a38   Number         4  main.o(.text)
    __arm_cp.5_0                             0x00000ac0   Number         4  main.o(.text)
    __tagsym$$used.0                         0x00000ac4   Number         0  retarget.o(.text)
    [Anonymous Symbol]                       0x00000ac4   Section        0  retarget.o(.text)
    __arm_cp.0_0                             0x00000ae8   Number         4  retarget.o(.text)
    [Anonymous Symbol]                       0x00000aec   Section        0  w7500x_it.o(.text)
    .text                                    0x00000b24   Section        0  noretval__2printf.o(.text)
    .text                                    0x00000b40   Section        0  _printf_pad.o(.text)
    .text                                    0x00000b90   Section        0  _printf_dec.o(.text)
    .text                                    0x00000bfc   Section        0  __printf_flags_wp.o(.text)
    .text                                    0x00000d34   Section        0  puts.o(.text)
    .text                                    0x00000d60   Section        0  heapauxi.o(.text)
    _dadd1                                   0x00000d69   Thumb Code   290  daddsub.o(.text)
    .text                                    0x00000d68   Section        0  daddsub.o(.text)
    _dsub1                                   0x00000e8b   Thumb Code   470  daddsub.o(.text)
    .text                                    0x000010c0   Section        0  dfixui.o(.text)
    .text                                    0x00001108   Section        0  f2d.o(.text)
    .text                                    0x0000115c   Section        0  fdiv.o(.text)
    .text                                    0x000012bc   Section        0  ffixui.o(.text)
    .text                                    0x000012ec   Section        0  fflti.o(.text)
    .text                                    0x0000134a   Section        0  _printf_intcommon.o(.text)
    .text                                    0x000013fc   Section        0  _printf_char_file.o(.text)
    .text                                    0x00001424   Section        0  rtudiv10.o(.text)
    _printf_input_char                       0x0000144d   Thumb Code    10  _printf_char_common.o(.text)
    .text                                    0x0000144c   Section        0  _printf_char_common.o(.text)
    .text                                    0x0000147c   Section        0  ferror.o(.text)
    .text                                    0x00001484   Section        0  flsbuf.o(.text)
    .text                                    0x00001674   Section        0  initio.o(.text)
    .text                                    0x000017b0   Section        0  sys_io.o(.text)
    .text                                    0x00001816   Section       62  sys_stackheap_outer.o(.text)
    .text                                    0x00001854   Section        0  h1_alloc.o(.text)
    .text                                    0x000018b6   Section        0  h1_free.o(.text)
    .text                                    0x00001904   Section        0  setvbuf.o(.text)
    .text                                    0x00001950   Section        0  stdio.o(.text)
    _freopen_locked                          0x00001a41   Thumb Code     0  fopen.o(.text)
    .text                                    0x00001a40   Section        0  fopen.o(.text)
    .text                                    0x00001b30   Section        0  fclose.o(.text)
    .text                                    0x00001b7c   Section        0  exit.o(.text)
    .text                                    0x00001b8c   Section        0  defsig_rtred_outer.o(.text)
    .text                                    0x00001b98   Section        0  rt_memclr.o(.text)
    .text                                    0x00001bd8   Section        8  libspace.o(.text)
    .text                                    0x00001be0   Section        2  use_no_semi.o(.text)
    .text                                    0x00001be2   Section        0  indicate_semi.o(.text)
    .text                                    0x00001be4   Section        8  rt_heap_descriptor_intlibspace.o(.text)
    .text                                    0x00001bec   Section        0  hguard.o(.text)
    .text                                    0x00001bf0   Section        0  init_alloc.o(.text)
    .text                                    0x00001c78   Section        0  h1_init.o(.text)
    .text                                    0x00001c88   Section        0  fseek.o(.text)
    .text                                    0x00001d7c   Section        0  defsig_exit.o(.text)
    .text                                    0x00001d88   Section        0  defsig_rtred_inner.o(.text)
    .text                                    0x00001dbc   Section        0  strlen.o(.text)
    .text                                    0x00001e00   Section        0  sys_exit.o(.text)
    .text                                    0x00001e0c   Section        0  maybetermalloc1.o(.text)
    .text                                    0x00001e0c   Section        0  h1_extend.o(.text)
    .text                                    0x00001e40   Section        0  ftell.o(.text)
    .text                                    0x00001e82   Section        0  defsig_general.o(.text)
    .text                                    0x00001eb6   Section        0  defsig_rtmem_outer.o(.text)
    .text                                    0x00001ec2   Section        0  sys_wrch.o(.text)
    .text                                    0x00001ed0   Section        8  rt_errno_addr_intlibspace.o(.text)
    .text                                    0x00001ed8   Section        0  defsig_rtmem_inner.o(.text)
    .text_divfast                            0x00001f28   Section      502  aeabi_sdivfast.o(.text_divfast)
    i._is_digit                              0x0000211e   Section        0  __printf_wp.o(i._is_digit)
    i.fputc                                  0x0000212c   Section        0  fputc.o(i.fputc)
    x$fpl$fadd                               0x0000214c   Section      140  faddsub.o(x$fpl$fadd)
    _fadd1                                   0x00002159   Thumb Code     0  faddsub.o(x$fpl$fadd)
    x$fpl$fmul                               0x000021d8   Section      176  fmul.o(x$fpl$fmul)
    x$fpl$fsub                               0x00002288   Section      208  faddsub.o(x$fpl$fsub)
    _fsub1                                   0x00002295   Thumb Code     0  faddsub.o(x$fpl$fsub)
    maptable                                 0x00002358   Data          17  __printf_flags_wp.o(.constdata)
    .constdata                               0x00002358   Section       17  __printf_flags_wp.o(.constdata)
    x$fpl$usenofp                            0x00002358   Section        0  usenofp.o(x$fpl$usenofp)
    fdiv_tab                                 0x00002369   Data          64  fdiv.o(.constdata)
    .constdata                               0x00002369   Section       64  fdiv.o(.constdata)
    .constdata                               0x000023a9   Section        4  sys_io_names.o(.constdata)
    .constdata                               0x000023ad   Section        4  sys_io_names.o(.constdata)
    .constdata                               0x000023b1   Section        4  sys_io_names.o(.constdata)
    .data                                    0x20000000   Section        4  stdio_streams.o(.data)
    .data                                    0x20000004   Section        4  stdio_streams.o(.data)
    .data                                    0x20000008   Section        4  stdio_streams.o(.data)
    .bss                                     0x20000010   Section       84  stdio_streams.o(.bss)
    .bss                                     0x20000064   Section       84  stdio_streams.o(.bss)
    .bss                                     0x200000b8   Section       84  stdio_streams.o(.bss)
    .bss                                     0x2000010c   Section       96  libspace.o(.bss)
    Heap_Mem                                 0x20000188   Data        1024  startup_w7500x.o(HEAP)
    HEAP                                     0x20000188   Section     1024  startup_w7500x.o(HEAP)
    Stack_Mem                                0x20000588   Data        1024  startup_w7500x.o(STACK)
    STACK                                    0x20000588   Section     1024  startup_w7500x.o(STACK)
    __initial_sp                             0x20000988   Data           0  startup_w7500x.o(STACK)

    Global Symbols

    Symbol Name                              Value     Ov Type        Size  Object(Section)

    BuildAttributes$$THM_ISAv3M$S$PE$A:L22$X:L11$S22$IEEE1$IW$~IW$USESV6$~STKCKD$USESV7$~SHL$OTIME$ROPI$EBA8$UX$STANDARDLIB$REQ8$PRES8$EABIv2 0x00000000   Number         0  anon$$obj.o ABSOLUTE
    __Vectors                                0x00000000   Data           4  startup_w7500x.o(RESET)
    _printf_flags                            0x00000000   Number         0  printf_stubs.o ABSOLUTE
    _printf_return_value                     0x00000000   Number         0  printf_stubs.o ABSOLUTE
    _printf_sizespec                         0x00000000   Number         0  printf_stubs.o ABSOLUTE
    _printf_widthprec                        0x00000000   Number         0  printf_stubs.o ABSOLUTE
    __ARM_exceptions_init                     - Undefined Weak Reference
    __alloca_initialize                       - Undefined Weak Reference
    __arm_preinit_                            - Undefined Weak Reference
    __cpp_initialize__aeabi_                  - Undefined Weak Reference
    __cxa_finalize                            - Undefined Weak Reference
    __rt_locale                               - Undefined Weak Reference
    __sigvec_lookup                           - Undefined Weak Reference
    __user_heap_extent                        - Undefined Weak Reference
    _atexit_init                              - Undefined Weak Reference
    _call_atexit_fns                          - Undefined Weak Reference
    _clock_init                               - Undefined Weak Reference
    _fp_trap_init                             - Undefined Weak Reference
    _fp_trap_shutdown                         - Undefined Weak Reference
    _get_lc_collate                           - Undefined Weak Reference
    _get_lc_ctype                             - Undefined Weak Reference
    _get_lc_monetary                          - Undefined Weak Reference
    _get_lc_numeric                           - Undefined Weak Reference
    _get_lc_time                              - Undefined Weak Reference
    _getenv_init                              - Undefined Weak Reference
    _handle_redirection                       - Undefined Weak Reference
    _mutex_acquire                            - Undefined Weak Reference
    _mutex_free                               - Undefined Weak Reference
    _mutex_release                            - Undefined Weak Reference
    _printf_truncate_signed                   - Undefined Weak Reference
    _printf_truncate_unsigned                 - Undefined Weak Reference
    _rand_init                                - Undefined Weak Reference
    _signal_finish                            - Undefined Weak Reference
    _signal_init                              - Undefined Weak Reference
    __Vectors_End                            0x000000a8   Data           0  startup_w7500x.o(RESET)
    __Vectors_Size                           0x000000a8   Number         0  startup_w7500x.o ABSOLUTE
    __main                                   0x000000a9   Thumb Code     8  __main.o(!!!main)
    __scatterload                            0x000000b1   Thumb Code     0  __scatter.o(!!!scatter)
    __scatterload_rt2                        0x000000b1   Thumb Code    52  __scatter.o(!!!scatter)
    __scatterload_rt2_thumb_only             0x000000b1   Thumb Code     0  __scatter.o(!!!scatter)
    __scatterload_null                       0x000000c1   Thumb Code     0  __scatter.o(!!!scatter)
    __scatterload_copy                       0x000000ed   Thumb Code    26  __scatter_copy.o(!!handler_copy)
    __scatterload_zeroinit                   0x00000109   Thumb Code    28  __scatter_zi.o(!!handler_zi)
    _printf_percent                          0x00000125   Thumb Code     0  _printf_percent.o(.ARM.Collect$$_printf_percent$$00000000)
    _printf_d                                0x00000127   Thumb Code     0  _printf_d.o(.ARM.Collect$$_printf_percent$$00000009)
    _printf_percent_end                      0x00000131   Thumb Code     0  _printf_percent_end.o(.ARM.Collect$$_printf_percent$$00000017)
    __rt_lib_init                            0x00000135   Thumb Code     0  libinit.o(.ARM.Collect$$libinit$$00000000)
    __rt_lib_init_fp_1                       0x00000137   Thumb Code     0  libinit2.o(.ARM.Collect$$libinit$$00000002)
    __rt_lib_init_heap_2                     0x00000137   Thumb Code     0  libinit2.o(.ARM.Collect$$libinit$$00000005)
    __rt_lib_init_preinit_1                  0x00000137   Thumb Code     0  libinit2.o(.ARM.Collect$$libinit$$00000004)
    __rt_lib_init_atexit_1                   0x0000013f   Thumb Code     0  libinit2.o(.ARM.Collect$$libinit$$0000001B)
    __rt_lib_init_clock_1                    0x0000013f   Thumb Code     0  libinit2.o(.ARM.Collect$$libinit$$00000021)
    __rt_lib_init_fp_trap_1                  0x0000013f   Thumb Code     0  libinit2.o(.ARM.Collect$$libinit$$0000001F)
    __rt_lib_init_getenv_1                   0x0000013f   Thumb Code     0  libinit2.o(.ARM.Collect$$libinit$$00000023)
    __rt_lib_init_heap_1                     0x0000013f   Thumb Code     0  libinit2.o(.ARM.Collect$$libinit$$0000000A)
    __rt_lib_init_lc_collate_1               0x0000013f   Thumb Code     0  libinit2.o(.ARM.Collect$$libinit$$00000011)
    __rt_lib_init_lc_ctype_1                 0x0000013f   Thumb Code     0  libinit2.o(.ARM.Collect$$libinit$$00000013)
    __rt_lib_init_lc_monetary_1              0x0000013f   Thumb Code     0  libinit2.o(.ARM.Collect$$libinit$$00000015)
    __rt_lib_init_lc_numeric_1               0x0000013f   Thumb Code     0  libinit2.o(.ARM.Collect$$libinit$$00000017)
    __rt_lib_init_lc_time_1                  0x0000013f   Thumb Code     0  libinit2.o(.ARM.Collect$$libinit$$00000019)
    __rt_lib_init_rand_1                     0x0000013f   Thumb Code     0  libinit2.o(.ARM.Collect$$libinit$$0000000E)
    __rt_lib_init_signal_1                   0x0000013f   Thumb Code     0  libinit2.o(.ARM.Collect$$libinit$$0000001D)
    __rt_lib_init_stdio_2                    0x0000013f   Thumb Code     0  libinit2.o(.ARM.Collect$$libinit$$00000024)
    __rt_lib_init_user_alloc_1               0x0000013f   Thumb Code     0  libinit2.o(.ARM.Collect$$libinit$$0000000C)
    __rt_lib_init_alloca_1                   0x00000143   Thumb Code     0  libinit2.o(.ARM.Collect$$libinit$$0000002E)
    __rt_lib_init_argv_1                     0x00000143   Thumb Code     0  libinit2.o(.ARM.Collect$$libinit$$0000002C)
    __rt_lib_init_cpp_1                      0x00000143   Thumb Code     0  libinit2.o(.ARM.Collect$$libinit$$00000032)
    __rt_lib_init_exceptions_1               0x00000143   Thumb Code     0  libinit2.o(.ARM.Collect$$libinit$$00000030)
    __rt_lib_init_return                     0x00000143   Thumb Code     0  libinit2.o(.ARM.Collect$$libinit$$00000033)
    __rt_lib_init_stdio_1                    0x00000143   Thumb Code     0  libinit2.o(.ARM.Collect$$libinit$$00000025)
    __rt_lib_shutdown                        0x00000145   Thumb Code     0  libshutdown.o(.ARM.Collect$$libshutdown$$00000000)
    __rt_lib_shutdown_cpp_1                  0x00000147   Thumb Code     0  libshutdown2.o(.ARM.Collect$$libshutdown$$00000002)
    __rt_lib_shutdown_stdio_2                0x00000147   Thumb Code     0  libshutdown2.o(.ARM.Collect$$libshutdown$$00000003)
    __rt_lib_shutdown_fp_trap_1              0x0000014b   Thumb Code     0  libshutdown2.o(.ARM.Collect$$libshutdown$$00000007)
    __rt_lib_shutdown_heap_1                 0x0000014b   Thumb Code     0  libshutdown2.o(.ARM.Collect$$libshutdown$$0000000F)
    __rt_lib_shutdown_return                 0x0000014b   Thumb Code     0  libshutdown2.o(.ARM.Collect$$libshutdown$$00000010)
    __rt_lib_shutdown_signal_1               0x0000014b   Thumb Code     0  libshutdown2.o(.ARM.Collect$$libshutdown$$0000000A)
    __rt_lib_shutdown_stdio_1                0x0000014b   Thumb Code     0  libshutdown2.o(.ARM.Collect$$libshutdown$$00000004)
    __rt_lib_shutdown_user_alloc_1           0x0000014b   Thumb Code     0  libshutdown2.o(.ARM.Collect$$libshutdown$$0000000C)
    __rt_entry                               0x0000014d   Thumb Code     0  __rtentry.o(.ARM.Collect$$rtentry$$00000000)
    __rt_entry_presh_1                       0x0000014d   Thumb Code     0  __rtentry2.o(.ARM.Collect$$rtentry$$00000002)
    __rt_entry_sh                            0x0000014d   Thumb Code     0  __rtentry4.o(.ARM.Collect$$rtentry$$00000004)
    __rt_entry_li                            0x00000153   Thumb Code     0  __rtentry2.o(.ARM.Collect$$rtentry$$0000000A)
    __rt_entry_postsh_1                      0x00000153   Thumb Code     0  __rtentry2.o(.ARM.Collect$$rtentry$$00000009)
    __rt_entry_main                          0x00000157   Thumb Code     0  __rtentry2.o(.ARM.Collect$$rtentry$$0000000D)
    __rt_entry_postli_1                      0x00000157   Thumb Code     0  __rtentry2.o(.ARM.Collect$$rtentry$$0000000C)
    __rt_exit                                0x0000015f   Thumb Code     0  rtexit.o(.ARM.Collect$$rtexit$$00000000)
    __rt_exit_ls                             0x00000161   Thumb Code     0  rtexit2.o(.ARM.Collect$$rtexit$$00000003)
    __rt_exit_prels_1                        0x00000161   Thumb Code     0  rtexit2.o(.ARM.Collect$$rtexit$$00000002)
    __rt_exit_exit                           0x00000165   Thumb Code     0  rtexit2.o(.ARM.Collect$$rtexit$$00000004)
    Reset_Handler                            0x0000016d   Thumb Code     8  startup_w7500x.o(.text)
    I2C0_Handler                             0x0000017f   Thumb Code     0  startup_w7500x.o(.text)
    I2C1_Handler                             0x0000017f   Thumb Code     0  startup_w7500x.o(.text)
    RTC_Handler                              0x0000017f   Thumb Code     0  startup_w7500x.o(.text)
    __user_initial_stackheap                 0x00000181   Thumb Code    10  startup_w7500x.o(.text)
    UART_StructInit                          0x000001a5   Thumb Code    22  w7500x_uart.o(.text)
    UART_DeInit                              0x000001bb   Thumb Code     2  w7500x_uart.o(.text)
    UART_Init                                0x000001bd   Thumb Code   164  w7500x_uart.o(.text)
    UART_FIFO_Enable                         0x00000261   Thumb Code    24  w7500x_uart.o(.text)
    UART_FIFO_Disable                        0x00000279   Thumb Code    10  w7500x_uart.o(.text)
    UART_SendData                            0x00000283   Thumb Code     4  w7500x_uart.o(.text)
    UART_ReceiveData                         0x00000287   Thumb Code     6  w7500x_uart.o(.text)
    UART_SendBreak                           0x0000028d   Thumb Code    10  w7500x_uart.o(.text)
    UART_GetRecvStatus                       0x00000297   Thumb Code    10  w7500x_uart.o(.text)
    UART_ClearRecvStatus                     0x000002a1   Thumb Code     4  w7500x_uart.o(.text)
    UART_GetFlagStatus                       0x000002a5   Thumb Code    10  w7500x_uart.o(.text)
    UART_ClearFlag                           0x000002af   Thumb Code     2  w7500x_uart.o(.text)
    UART_ITConfig                            0x000002b1   Thumb Code    18  w7500x_uart.o(.text)
    UART_GetITStatus                         0x000002c3   Thumb Code    10  w7500x_uart.o(.text)
    UART_ClearITPendingBit                   0x000002cd   Thumb Code     8  w7500x_uart.o(.text)
    UART_DMA_Config                          0x000002d5   Thumb Code     8  w7500x_uart.o(.text)
    S_UART_DeInit                            0x000002dd   Thumb Code     2  w7500x_uart.o(.text)
    S_UART_Init                              0x000002e1   Thumb Code    24  w7500x_uart.o(.text)
    S_UART_SetBaud                           0x000002f9   Thumb Code    48  w7500x_uart.o(.text)
    S_UART_SendData                          0x00000329   Thumb Code    16  w7500x_uart.o(.text)
    S_UART_ReceiveData                       0x00000339   Thumb Code    12  w7500x_uart.o(.text)
    S_UART_GetFlagStatus                     0x00000345   Thumb Code    20  w7500x_uart.o(.text)
    S_UART_SetCTRL                           0x00000359   Thumb Code    28  w7500x_uart.o(.text)
    S_UART_ITConfig                          0x00000375   Thumb Code    28  w7500x_uart.o(.text)
    S_UART_GetITStatus                       0x00000391   Thumb Code    20  w7500x_uart.o(.text)
    S_UART_ClearITPendingBit                 0x000003a5   Thumb Code    16  w7500x_uart.o(.text)
    UartPutc                                 0x000003b5   Thumb Code    20  w7500x_uart.o(.text)
    UartPuts                                 0x000003c9   Thumb Code    32  w7500x_uart.o(.text)
    UartGetc                                 0x000003e9   Thumb Code    12  w7500x_uart.o(.text)
    S_UartPutc                               0x000003f5   Thumb Code    12  w7500x_uart.o(.text)
    S_UartPuts                               0x00000401   Thumb Code    28  w7500x_uart.o(.text)
    S_UartGetc                               0x0000041d   Thumb Code    24  w7500x_uart.o(.text)
    GPIO_DeInit                              0x00000435   Thumb Code    92  w7500x_gpio.o(.text)
    GPIO_Init                                0x00000491   Thumb Code   168  w7500x_gpio.o(.text)
    GPIO_StructInit                          0x00000539   Thumb Code    16  w7500x_gpio.o(.text)
    GPIO_ReadInputDataBit                    0x00000549   Thumb Code    10  w7500x_gpio.o(.text)
    GPIO_ReadInputData                       0x00000553   Thumb Code     6  w7500x_gpio.o(.text)
    GPIO_ReadOutputDataBit                   0x00000559   Thumb Code    10  w7500x_gpio.o(.text)
    GPIO_ReadOutputData                      0x00000563   Thumb Code     6  w7500x_gpio.o(.text)
    GPIO_SetBits                             0x00000569   Thumb Code    26  w7500x_gpio.o(.text)
    GPIO_ResetBits                           0x00000583   Thumb Code    28  w7500x_gpio.o(.text)
    GPIO_WriteBit                            0x0000059f   Thumb Code    58  w7500x_gpio.o(.text)
    GPIO_Write                               0x000005d9   Thumb Code     4  w7500x_gpio.o(.text)
    GPIO_ToggleBits                          0x000005dd   Thumb Code     8  w7500x_gpio.o(.text)
    GPIO_INT_Enable_Bits                     0x000005e5   Thumb Code    24  w7500x_gpio.o(.text)
    GPIO_INT_Enable                          0x000005fd   Thumb Code    24  w7500x_gpio.o(.text)
    GPIO_INT_Polarity_Bits                   0x00000615   Thumb Code    18  w7500x_gpio.o(.text)
    GPIO_INT_Polarity                        0x00000629   Thumb Code    20  w7500x_gpio.o(.text)
    GPIO_INT_Clear                           0x0000063d   Thumb Code    12  w7500x_gpio.o(.text)
    GPIO_Read_INTstatus                      0x00000649   Thumb Code    10  w7500x_gpio.o(.text)
    PAD_AFConfig                             0x00000655   Thumb Code    88  w7500x_gpio.o(.text)
    GPIO_Configuration                       0x000006ad   Thumb Code    82  w7500x_gpio.o(.text)
    GPIO_INT_Configuration                   0x000006ff   Thumb Code   118  w7500x_gpio.o(.text)
    ADC_Init                                 0x00000789   Thumb Code    10  w7500x_adc.o(.text)
    ADC_PowerDownEnable                      0x00000793   Thumb Code    18  w7500x_adc.o(.text)
    ADC_DeInit                               0x000007a5   Thumb Code    16  w7500x_adc.o(.text)
    ADC_InterruptMask                        0x000007b5   Thumb Code    16  w7500x_adc.o(.text)
    ADC_ChannelSelect                        0x000007c5   Thumb Code    12  w7500x_adc.o(.text)
    ADC_Start                                0x000007d1   Thumb Code    12  w7500x_adc.o(.text)
    ADC_ReadData                             0x000007dd   Thumb Code    12  w7500x_adc.o(.text)
    ADC_IsEOC                                0x000007e9   Thumb Code    16  w7500x_adc.o(.text)
    ADC_InterruptClear                       0x000007f9   Thumb Code    12  w7500x_adc.o(.text)
    SystemCoreClockUpdate                    0x00000805   Thumb Code    68  system_w7500x.o(.text)
    GetSystemClock                           0x00000849   Thumb Code    12  system_w7500x.o(.text)
    SystemInit                               0x00000855   Thumb Code    92  system_w7500x.o(.text)
    main                                     0x000008b1   Thumb Code   308  main.o(.text)
    GPIO_Setting                             0x000009e5   Thumb Code    60  main.o(.text)
    UART_Configuration                       0x00000a21   Thumb Code    28  main.o(.text)
    ADC_Read                                 0x00000a3d   Thumb Code    24  main.o(.text)
    on_off_rgb                               0x00000a55   Thumb Code    72  main.o(.text)
    delay_ms                                 0x00000a9d   Thumb Code    40  main.o(.text)
    _write                                   0x00000ac5   Thumb Code    40  retarget.o(.text)
    NMI_Handler                              0x00000aed   Thumb Code     2  w7500x_it.o(.text)
    HardFault_Handler                        0x00000aef   Thumb Code     2  w7500x_it.o(.text)
    SVC_Handler                              0x00000af1   Thumb Code     2  w7500x_it.o(.text)
    PendSV_Handler                           0x00000af3   Thumb Code     2  w7500x_it.o(.text)
    SysTick_Handler                          0x00000af5   Thumb Code     2  w7500x_it.o(.text)
    SSP0_Handler                             0x00000af7   Thumb Code     2  w7500x_it.o(.text)
    SSP1_Handler                             0x00000af9   Thumb Code     2  w7500x_it.o(.text)
    UART0_Handler                            0x00000afb   Thumb Code     2  w7500x_it.o(.text)
    UART1_Handler                            0x00000afd   Thumb Code     2  w7500x_it.o(.text)
    UART2_Handler                            0x00000aff   Thumb Code     2  w7500x_it.o(.text)
    PORT0_Handler                            0x00000b01   Thumb Code     2  w7500x_it.o(.text)
    PORT1_Handler                            0x00000b03   Thumb Code     2  w7500x_it.o(.text)
    PORT2_Handler                            0x00000b05   Thumb Code     2  w7500x_it.o(.text)
    PORT3_Handler                            0x00000b07   Thumb Code     2  w7500x_it.o(.text)
    DMA_Handler                              0x00000b09   Thumb Code     2  w7500x_it.o(.text)
    DUALTIMER0_Handler                       0x00000b0b   Thumb Code     2  w7500x_it.o(.text)
    DUALTIMER1_Handler                       0x00000b0d   Thumb Code     2  w7500x_it.o(.text)
    PWM0_Handler                             0x00000b0f   Thumb Code     2  w7500x_it.o(.text)
    PWM1_Handler                             0x00000b11   Thumb Code     2  w7500x_it.o(.text)
    PWM2_Handler                             0x00000b13   Thumb Code     2  w7500x_it.o(.text)
    PWM3_Handler                             0x00000b15   Thumb Code     2  w7500x_it.o(.text)
    PWM4_Handler                             0x00000b17   Thumb Code     2  w7500x_it.o(.text)
    PWM5_Handler                             0x00000b19   Thumb Code     2  w7500x_it.o(.text)
    PWM6_Handler                             0x00000b1b   Thumb Code     2  w7500x_it.o(.text)
    PWM7_Handler                             0x00000b1d   Thumb Code     2  w7500x_it.o(.text)
    ADC_Handler                              0x00000b1f   Thumb Code     2  w7500x_it.o(.text)
    WZTOE_Handler                            0x00000b21   Thumb Code     2  w7500x_it.o(.text)
    EXTI_Handler                             0x00000b23   Thumb Code     2  w7500x_it.o(.text)
    __2printf                                0x00000b25   Thumb Code    22  noretval__2printf.o(.text)
    _printf_pre_padding                      0x00000b41   Thumb Code    44  _printf_pad.o(.text)
    _printf_post_padding                     0x00000b6d   Thumb Code    34  _printf_pad.o(.text)
    _printf_int_dec                          0x00000b91   Thumb Code    90  _printf_dec.o(.text)
    __printf                                 0x00000bfd   Thumb Code   306  __printf_flags_wp.o(.text)
    puts                                     0x00000d35   Thumb Code    38  puts.o(.text)
    __use_two_region_memory                  0x00000d61   Thumb Code     2  heapauxi.o(.text)
    __rt_heap_escrow                         0x00000d63   Thumb Code     2  heapauxi.o(.text)
    __rt_heap_expand                         0x00000d65   Thumb Code     2  heapauxi.o(.text)
    __aeabi_dadd                             0x00001061   Thumb Code     0  daddsub.o(.text)
    _dadd                                    0x00001061   Thumb Code    26  daddsub.o(.text)
    __aeabi_dsub                             0x0000107b   Thumb Code     0  daddsub.o(.text)
    _dsub                                    0x0000107b   Thumb Code    22  daddsub.o(.text)
    __aeabi_drsub                            0x00001091   Thumb Code     0  daddsub.o(.text)
    _drsb                                    0x00001091   Thumb Code    28  daddsub.o(.text)
    __aeabi_d2uiz                            0x000010c1   Thumb Code     0  dfixui.o(.text)
    _dfixu                                   0x000010c1   Thumb Code    68  dfixui.o(.text)
    __aeabi_f2d                              0x00001109   Thumb Code     0  f2d.o(.text)
    _f2d                                     0x00001109   Thumb Code    80  f2d.o(.text)
    __aeabi_fdiv                             0x0000115d   Thumb Code     0  fdiv.o(.text)
    _fdiv                                    0x0000115d   Thumb Code   334  fdiv.o(.text)
    _frdiv                                   0x000012ab   Thumb Code     8  fdiv.o(.text)
    __aeabi_f2uiz                            0x000012bd   Thumb Code     0  ffixui.o(.text)
    _ffixu                                   0x000012bd   Thumb Code    48  ffixui.o(.text)
    __aeabi_i2f_normalise                    0x000012ed   Thumb Code    72  fflti.o(.text)
    __aeabi_i2f                              0x00001335   Thumb Code    16  fflti.o(.text)
    _fflt                                    0x00001335   Thumb Code     0  fflti.o(.text)
    __aeabi_ui2f                             0x00001345   Thumb Code     6  fflti.o(.text)
    _ffltu                                   0x00001345   Thumb Code     0  fflti.o(.text)
    _printf_int_common                       0x0000134b   Thumb Code   176  _printf_intcommon.o(.text)
    _printf_char_file                        0x000013fd   Thumb Code    34  _printf_char_file.o(.text)
    __rt_udiv10                              0x00001425   Thumb Code    40  rtudiv10.o(.text)
    _printf_char_common                      0x00001457   Thumb Code    32  _printf_char_common.o(.text)
    ferror                                   0x0000147d   Thumb Code     8  ferror.o(.text)
    __flsbuf                                 0x00001485   Thumb Code   486  flsbuf.o(.text)
    __flsbuf_byte                            0x00001485   Thumb Code     0  flsbuf.o(.text)
    __flsbuf_wide                            0x00001485   Thumb Code     0  flsbuf.o(.text)
    _initio                                  0x00001675   Thumb Code   216  initio.o(.text)
    _terminateio                             0x0000174d   Thumb Code    56  initio.o(.text)
    _sys_open                                0x000017b1   Thumb Code    20  sys_io.o(.text)
    _sys_close                               0x000017c5   Thumb Code    12  sys_io.o(.text)
    _sys_write                               0x000017d1   Thumb Code    16  sys_io.o(.text)
    _sys_read                                0x000017e1   Thumb Code    14  sys_io.o(.text)
    _sys_istty                               0x000017ef   Thumb Code    12  sys_io.o(.text)
    _sys_seek                                0x000017fb   Thumb Code    14  sys_io.o(.text)
    _sys_ensure                              0x00001809   Thumb Code     2  sys_io.o(.text)
    _sys_flen                                0x0000180b   Thumb Code    12  sys_io.o(.text)
    __user_setup_stackheap                   0x00001817   Thumb Code    62  sys_stackheap_outer.o(.text)
    malloc                                   0x00001855   Thumb Code    98  h1_alloc.o(.text)
    free                                     0x000018b7   Thumb Code    76  h1_free.o(.text)
    setvbuf                                  0x00001905   Thumb Code    72  setvbuf.o(.text)
    _seterr                                  0x00001951   Thumb Code    20  stdio.o(.text)
    _writebuf                                0x00001965   Thumb Code    76  stdio.o(.text)
    _fflush                                  0x000019b1   Thumb Code    76  stdio.o(.text)
    _deferredlazyseek                        0x000019fd   Thumb Code    60  stdio.o(.text)
    freopen                                  0x00001a41   Thumb Code   154  fopen.o(.text)
    fopen                                    0x00001adb   Thumb Code    76  fopen.o(.text)
    _fclose_internal                         0x00001b31   Thumb Code    72  fclose.o(.text)
    fclose                                   0x00001b31   Thumb Code     0  fclose.o(.text)
    exit                                     0x00001b7d   Thumb Code    16  exit.o(.text)
    __rt_SIGRTRED                            0x00001b8d   Thumb Code    12  defsig_rtred_outer.o(.text)
    _memset_w                                0x00001b99   Thumb Code    26  rt_memclr.o(.text)
    _memset                                  0x00001bb3   Thumb Code    30  rt_memclr.o(.text)
    __aeabi_memclr                           0x00001bd1   Thumb Code     4  rt_memclr.o(.text)
    __rt_memclr                              0x00001bd1   Thumb Code     0  rt_memclr.o(.text)
    __aeabi_memclr4                          0x00001bd5   Thumb Code     0  rt_memclr.o(.text)
    __aeabi_memclr8                          0x00001bd5   Thumb Code     0  rt_memclr.o(.text)
    __rt_memclr_w                            0x00001bd5   Thumb Code     4  rt_memclr.o(.text)
    __user_libspace                          0x00001bd9   Thumb Code     8  libspace.o(.text)
    __user_perproc_libspace                  0x00001bd9   Thumb Code     0  libspace.o(.text)
    __user_perthread_libspace                0x00001bd9   Thumb Code     0  libspace.o(.text)
    __I$use$semihosting                      0x00001be1   Thumb Code     0  use_no_semi.o(.text)
    __use_no_semihosting_swi                 0x00001be1   Thumb Code     2  use_no_semi.o(.text)
    __semihosting_library_function           0x00001be3   Thumb Code     0  indicate_semi.o(.text)
    __rt_heap_descriptor                     0x00001be5   Thumb Code     8  rt_heap_descriptor_intlibspace.o(.text)
    __use_no_heap                            0x00001bed   Thumb Code     2  hguard.o(.text)
    __heap$guard                             0x00001bef   Thumb Code     2  hguard.o(.text)
    _terminate_user_alloc                    0x00001bf1   Thumb Code     2  init_alloc.o(.text)
    _init_user_alloc                         0x00001bf3   Thumb Code     2  init_alloc.o(.text)
    __Heap_Full                              0x00001bf5   Thumb Code    32  init_alloc.o(.text)
    __Heap_Broken                            0x00001c15   Thumb Code    10  init_alloc.o(.text)
    _init_alloc                              0x00001c1f   Thumb Code    90  init_alloc.o(.text)
    __Heap_Initialize                        0x00001c79   Thumb Code    10  h1_init.o(.text)
    __Heap_DescSize                          0x00001c83   Thumb Code     4  h1_init.o(.text)
    _fseek                                   0x00001c89   Thumb Code   240  fseek.o(.text)
    fseek                                    0x00001c89   Thumb Code     0  fseek.o(.text)
    __sig_exit                               0x00001d7d   Thumb Code    12  defsig_exit.o(.text)
    __rt_SIGRTRED_inner                      0x00001d89   Thumb Code    14  defsig_rtred_inner.o(.text)
    strlen                                   0x00001dbd   Thumb Code    62  strlen.o(.text)
    _sys_exit                                0x00001e01   Thumb Code     8  sys_exit.o(.text)
    __Heap_ProvideMemory                     0x00001e0d   Thumb Code    52  h1_extend.o(.text)
    _maybe_terminate_alloc                   0x00001e0d   Thumb Code     0  maybetermalloc1.o(.text)
    _ftell_internal                          0x00001e41   Thumb Code    66  ftell.o(.text)
    ftell                                    0x00001e41   Thumb Code     0  ftell.o(.text)
    __default_signal_display                 0x00001e83   Thumb Code    52  defsig_general.o(.text)
    __rt_SIGRTMEM                            0x00001eb7   Thumb Code    12  defsig_rtmem_outer.o(.text)
    _ttywrch                                 0x00001ec3   Thumb Code    12  sys_wrch.o(.text)
    __aeabi_errno_addr                       0x00001ed1   Thumb Code     8  rt_errno_addr_intlibspace.o(.text)
    __errno$intlibspace                      0x00001ed1   Thumb Code     0  rt_errno_addr_intlibspace.o(.text)
    __rt_errno_addr$intlibspace              0x00001ed1   Thumb Code     0  rt_errno_addr_intlibspace.o(.text)
    __rt_SIGRTMEM_inner                      0x00001ed9   Thumb Code    22  defsig_rtmem_inner.o(.text)
    __aeabi_uidiv                            0x00001f29   Thumb Code    68  aeabi_sdivfast.o(.text_divfast)
    __aeabi_idiv                             0x00001f6d   Thumb Code   434  aeabi_sdivfast.o(.text_divfast)
    _is_digit                                0x0000211f   Thumb Code    14  __printf_wp.o(i._is_digit)
    fputc                                    0x0000212d   Thumb Code    30  fputc.o(i.fputc)
    __aeabi_fadd                             0x0000214d   Thumb Code     0  faddsub.o(x$fpl$fadd)
    _fadd                                    0x0000214d   Thumb Code   134  faddsub.o(x$fpl$fadd)
    __aeabi_fmul                             0x000021d9   Thumb Code     0  fmul.o(x$fpl$fmul)
    _fmul                                    0x000021d9   Thumb Code   172  fmul.o(x$fpl$fmul)
    __aeabi_fsub                             0x00002289   Thumb Code     0  faddsub.o(x$fpl$fsub)
    _fsub                                    0x00002289   Thumb Code   204  faddsub.o(x$fpl$fsub)
    __I$use$fp                               0x00002358   Number         0  usenofp.o(x$fpl$usenofp)
    __stdin_name                             0x000023a9   Data           4  sys_io_names.o(.constdata)
    __stdout_name                            0x000023ad   Data           4  sys_io_names.o(.constdata)
    __stderr_name                            0x000023b1   Data           4  sys_io_names.o(.constdata)
    Region$$Table$$Base                      0x000023b8   Number         0  anon$$obj.o(Region$$Table)
    Region$$Table$$Limit                     0x000023d8   Number         0  anon$$obj.o(Region$$Table)
    __aeabi_stdin                            0x20000000   Data           4  stdio_streams.o(.data)
    __aeabi_stdout                           0x20000004   Data           4  stdio_streams.o(.data)
    __aeabi_stderr                           0x20000008   Data           4  stdio_streams.o(.data)
    color                                    0x2000000c   Data           4  main.o(.data.color)
    __stdin                                  0x20000010   Data          84  stdio_streams.o(.bss)
    __stdout                                 0x20000064   Data          84  stdio_streams.o(.bss)
    __stderr                                 0x200000b8   Data          84  stdio_streams.o(.bss)
    __libspace_start                         0x2000010c   Data          96  libspace.o(.bss)
    SystemCoreClock                          0x2000016c   Data           4  system_w7500x.o(.bss.SystemCoreClock)
    __temporary_stack_top$libspace           0x2000016c   Data           0  libspace.o(.bss)
    SystemFrequency                          0x20000170   Data           4  system_w7500x.o(.bss.SystemFrequency)
    on                                       0x20000174   Data           1  main.o(.bss.on)
    sensorValue                              0x20000178   Data           4  main.o(.bss.sensorValue)
    sensorValue1                             0x2000017c   Data           4  main.o(.bss.sensorValue1)
    sensorValue2                             0x20000180   Data           4  main.o(.bss.sensorValue2)



==============================================================================

Memory Map of the image

  Image Entry point : 0x000000a9

  Load Region LR_IROM1 (Base: 0x00000000, Size: 0x000023e8, Max: 0x00020000, ABSOLUTE)

    Execution Region ER_IROM1 (Exec base: 0x00000000, Load base: 0x00000000, Size: 0x000023d8, Max: 0x00020000, ABSOLUTE)

    Exec Addr    Load Addr    Size         Type   Attr      Idx    E Section Name        Object

    0x00000000   0x00000000   0x000000a8   Data   RO            3    RESET               startup_w7500x.o
    0x000000a8   0x000000a8   0x00000008   Code   RO          119  * !!!main             c_p.l(__main.o)
    0x000000b0   0x000000b0   0x0000003c   Code   RO          514    !!!scatter          c_p.l(__scatter.o)
    0x000000ec   0x000000ec   0x0000001a   Code   RO          516    !!handler_copy      c_p.l(__scatter_copy.o)
    0x00000106   0x00000106   0x00000002   PAD
    0x00000108   0x00000108   0x0000001c   Code   RO          518    !!handler_zi        c_p.l(__scatter_zi.o)
    0x00000124   0x00000124   0x00000002   Code   RO          106    .ARM.Collect$$_printf_percent$$00000000  c_p.l(_printf_percent.o)
    0x00000126   0x00000126   0x0000000a   Code   RO          105    .ARM.Collect$$_printf_percent$$00000009  c_p.l(_printf_d.o)
    0x00000130   0x00000130   0x00000004   Code   RO          151    .ARM.Collect$$_printf_percent$$00000017  c_p.l(_printf_percent_end.o)
    0x00000134   0x00000134   0x00000002   Code   RO          314    .ARM.Collect$$libinit$$00000000  c_p.l(libinit.o)
    0x00000136   0x00000136   0x00000000   Code   RO          316    .ARM.Collect$$libinit$$00000002  c_p.l(libinit2.o)
    0x00000136   0x00000136   0x00000000   Code   RO          318    .ARM.Collect$$libinit$$00000004  c_p.l(libinit2.o)
    0x00000136   0x00000136   0x00000008   Code   RO          319    .ARM.Collect$$libinit$$00000005  c_p.l(libinit2.o)
    0x0000013e   0x0000013e   0x00000000   Code   RO          321    .ARM.Collect$$libinit$$0000000A  c_p.l(libinit2.o)
    0x0000013e   0x0000013e   0x00000000   Code   RO          323    .ARM.Collect$$libinit$$0000000C  c_p.l(libinit2.o)
    0x0000013e   0x0000013e   0x00000000   Code   RO          325    .ARM.Collect$$libinit$$0000000E  c_p.l(libinit2.o)
    0x0000013e   0x0000013e   0x00000000   Code   RO          328    .ARM.Collect$$libinit$$00000011  c_p.l(libinit2.o)
    0x0000013e   0x0000013e   0x00000000   Code   RO          330    .ARM.Collect$$libinit$$00000013  c_p.l(libinit2.o)
    0x0000013e   0x0000013e   0x00000000   Code   RO          332    .ARM.Collect$$libinit$$00000015  c_p.l(libinit2.o)
    0x0000013e   0x0000013e   0x00000000   Code   RO          334    .ARM.Collect$$libinit$$00000017  c_p.l(libinit2.o)
    0x0000013e   0x0000013e   0x00000000   Code   RO          336    .ARM.Collect$$libinit$$00000019  c_p.l(libinit2.o)
    0x0000013e   0x0000013e   0x00000000   Code   RO          338    .ARM.Collect$$libinit$$0000001B  c_p.l(libinit2.o)
    0x0000013e   0x0000013e   0x00000000   Code   RO          340    .ARM.Collect$$libinit$$0000001D  c_p.l(libinit2.o)
    0x0000013e   0x0000013e   0x00000000   Code   RO          342    .ARM.Collect$$libinit$$0000001F  c_p.l(libinit2.o)
    0x0000013e   0x0000013e   0x00000000   Code   RO          344    .ARM.Collect$$libinit$$00000021  c_p.l(libinit2.o)
    0x0000013e   0x0000013e   0x00000000   Code   RO          346    .ARM.Collect$$libinit$$00000023  c_p.l(libinit2.o)
    0x0000013e   0x0000013e   0x00000004   Code   RO          347    .ARM.Collect$$libinit$$00000024  c_p.l(libinit2.o)
    0x00000142   0x00000142   0x00000000   Code   RO          348    .ARM.Collect$$libinit$$00000025  c_p.l(libinit2.o)
    0x00000142   0x00000142   0x00000000   Code   RO          352    .ARM.Collect$$libinit$$0000002C  c_p.l(libinit2.o)
    0x00000142   0x00000142   0x00000000   Code   RO          354    .ARM.Collect$$libinit$$0000002E  c_p.l(libinit2.o)
    0x00000142   0x00000142   0x00000000   Code   RO          356    .ARM.Collect$$libinit$$00000030  c_p.l(libinit2.o)
    0x00000142   0x00000142   0x00000000   Code   RO          358    .ARM.Collect$$libinit$$00000032  c_p.l(libinit2.o)
    0x00000142   0x00000142   0x00000002   Code   RO          359    .ARM.Collect$$libinit$$00000033  c_p.l(libinit2.o)
    0x00000144   0x00000144   0x00000002   Code   RO          495    .ARM.Collect$$libshutdown$$00000000  c_p.l(libshutdown.o)
    0x00000146   0x00000146   0x00000000   Code   RO          361    .ARM.Collect$$libshutdown$$00000002  c_p.l(libshutdown2.o)
    0x00000146   0x00000146   0x00000004   Code   RO          362    .ARM.Collect$$libshutdown$$00000003  c_p.l(libshutdown2.o)
    0x0000014a   0x0000014a   0x00000000   Code   RO          363    .ARM.Collect$$libshutdown$$00000004  c_p.l(libshutdown2.o)
    0x0000014a   0x0000014a   0x00000000   Code   RO          366    .ARM.Collect$$libshutdown$$00000007  c_p.l(libshutdown2.o)
    0x0000014a   0x0000014a   0x00000000   Code   RO          369    .ARM.Collect$$libshutdown$$0000000A  c_p.l(libshutdown2.o)
    0x0000014a   0x0000014a   0x00000000   Code   RO          371    .ARM.Collect$$libshutdown$$0000000C  c_p.l(libshutdown2.o)
    0x0000014a   0x0000014a   0x00000000   Code   RO          374    .ARM.Collect$$libshutdown$$0000000F  c_p.l(libshutdown2.o)
    0x0000014a   0x0000014a   0x00000002   Code   RO          375    .ARM.Collect$$libshutdown$$00000010  c_p.l(libshutdown2.o)
    0x0000014c   0x0000014c   0x00000000   Code   RO          142    .ARM.Collect$$rtentry$$00000000  c_p.l(__rtentry.o)
    0x0000014c   0x0000014c   0x00000000   Code   RO          168    .ARM.Collect$$rtentry$$00000002  c_p.l(__rtentry2.o)
    0x0000014c   0x0000014c   0x00000006   Code   RO          180    .ARM.Collect$$rtentry$$00000004  c_p.l(__rtentry4.o)
    0x00000152   0x00000152   0x00000000   Code   RO          170    .ARM.Collect$$rtentry$$00000009  c_p.l(__rtentry2.o)
    0x00000152   0x00000152   0x00000004   Code   RO          171    .ARM.Collect$$rtentry$$0000000A  c_p.l(__rtentry2.o)
    0x00000156   0x00000156   0x00000000   Code   RO          173    .ARM.Collect$$rtentry$$0000000C  c_p.l(__rtentry2.o)
    0x00000156   0x00000156   0x00000008   Code   RO          174    .ARM.Collect$$rtentry$$0000000D  c_p.l(__rtentry2.o)
    0x0000015e   0x0000015e   0x00000002   Code   RO          383    .ARM.Collect$$rtexit$$00000000  c_p.l(rtexit.o)
    0x00000160   0x00000160   0x00000000   Code   RO          447    .ARM.Collect$$rtexit$$00000002  c_p.l(rtexit2.o)
    0x00000160   0x00000160   0x00000004   Code   RO          448    .ARM.Collect$$rtexit$$00000003  c_p.l(rtexit2.o)
    0x00000164   0x00000164   0x00000006   Code   RO          449    .ARM.Collect$$rtexit$$00000004  c_p.l(rtexit2.o)
    0x0000016a   0x0000016a   0x00000002   PAD
    0x0000016c   0x0000016c   0x00000038   Code   RO            4    .text               startup_w7500x.o
    0x000001a4   0x000001a4   0x00000290   Code   RO           10    .text               w7500x_uart.o
    0x00000434   0x00000434   0x00000354   Code   RO           18    .text               w7500x_gpio.o
    0x00000788   0x00000788   0x0000007c   Code   RO           26    .text               w7500x_adc.o
    0x00000804   0x00000804   0x000000ac   Code   RO           34    .text               system_w7500x.o
    0x000008b0   0x000008b0   0x00000214   Code   RO           44    .text               main.o
    0x00000ac4   0x00000ac4   0x00000028   Code   RO           58    .text               retarget.o
    0x00000aec   0x00000aec   0x00000038   Code   RO           66    .text               w7500x_it.o
    0x00000b24   0x00000b24   0x0000001c   Code   RO           77    .text               c_p.l(noretval__2printf.o)
    0x00000b40   0x00000b40   0x0000004e   Code   RO           81    .text               c_p.l(_printf_pad.o)
    0x00000b8e   0x00000b8e   0x00000002   PAD
    0x00000b90   0x00000b90   0x0000006c   Code   RO           83    .text               c_p.l(_printf_dec.o)
    0x00000bfc   0x00000bfc   0x00000138   Code   RO           97    .text               c_p.l(__printf_flags_wp.o)
    0x00000d34   0x00000d34   0x0000002c   Code   RO          107    .text               c_p.l(puts.o)
    0x00000d60   0x00000d60   0x00000006   Code   RO          117    .text               c_p.l(heapauxi.o)
    0x00000d66   0x00000d66   0x00000002   PAD
    0x00000d68   0x00000d68   0x00000358   Code   RO          121    .text               fz_ps.l(daddsub.o)
    0x000010c0   0x000010c0   0x00000048   Code   RO          123    .text               fz_ps.l(dfixui.o)
    0x00001108   0x00001108   0x00000054   Code   RO          125    .text               fz_ps.l(f2d.o)
    0x0000115c   0x0000115c   0x00000160   Code   RO          133    .text               fz_ps.l(fdiv.o)
    0x000012bc   0x000012bc   0x00000030   Code   RO          136    .text               fz_ps.l(ffixui.o)
    0x000012ec   0x000012ec   0x0000005e   Code   RO          138    .text               fz_ps.l(fflti.o)
    0x0000134a   0x0000134a   0x000000b0   Code   RO          147    .text               c_p.l(_printf_intcommon.o)
    0x000013fa   0x000013fa   0x00000002   PAD
    0x000013fc   0x000013fc   0x00000028   Code   RO          149    .text               c_p.l(_printf_char_file.o)
    0x00001424   0x00001424   0x00000028   Code   RO          164    .text               c_p.l(rtudiv10.o)
    0x0000144c   0x0000144c   0x00000030   Code   RO          184    .text               c_p.l(_printf_char_common.o)
    0x0000147c   0x0000147c   0x00000008   Code   RO          186    .text               c_p.l(ferror.o)
    0x00001484   0x00001484   0x000001f0   Code   RO          188    .text               c_p.l(flsbuf.o)
    0x00001674   0x00001674   0x0000013c   Code   RO          190    .text               c_p.l(initio.o)
    0x000017b0   0x000017b0   0x00000066   Code   RO          198    .text               c_p.l(sys_io.o)
    0x00001816   0x00001816   0x0000003e   Code   RO          207    .text               c_p.l(sys_stackheap_outer.o)
    0x00001854   0x00001854   0x00000062   Code   RO          214    .text               c_p.l(h1_alloc.o)
    0x000018b6   0x000018b6   0x0000004c   Code   RO          216    .text               c_p.l(h1_free.o)
    0x00001902   0x00001902   0x00000002   PAD
    0x00001904   0x00001904   0x0000004c   Code   RO          276    .text               c_p.l(setvbuf.o)
    0x00001950   0x00001950   0x000000f0   Code   RO          278    .text               c_p.l(stdio.o)
    0x00001a40   0x00001a40   0x000000f0   Code   RO          283    .text               c_p.l(fopen.o)
    0x00001b30   0x00001b30   0x0000004c   Code   RO          285    .text               c_p.l(fclose.o)
    0x00001b7c   0x00001b7c   0x00000010   Code   RO          295    .text               c_p.l(exit.o)
    0x00001b8c   0x00001b8c   0x0000000c   Code   RO          301    .text               c_p.l(defsig_rtred_outer.o)
    0x00001b98   0x00001b98   0x00000040   Code   RO          307    .text               c_p.l(rt_memclr.o)
    0x00001bd8   0x00001bd8   0x00000008   Code   RO          376    .text               c_p.l(libspace.o)
    0x00001be0   0x00001be0   0x00000002   Code   RO          379    .text               c_p.l(use_no_semi.o)
    0x00001be2   0x00001be2   0x00000000   Code   RO          381    .text               c_p.l(indicate_semi.o)
    0x00001be2   0x00001be2   0x00000002   PAD
    0x00001be4   0x00001be4   0x00000008   Code   RO          390    .text               c_p.l(rt_heap_descriptor_intlibspace.o)
    0x00001bec   0x00001bec   0x00000004   Code   RO          392    .text               c_p.l(hguard.o)
    0x00001bf0   0x00001bf0   0x00000088   Code   RO          394    .text               c_p.l(init_alloc.o)
    0x00001c78   0x00001c78   0x0000000e   Code   RO          398    .text               c_p.l(h1_init.o)
    0x00001c86   0x00001c86   0x00000002   PAD
    0x00001c88   0x00001c88   0x000000f4   Code   RO          414    .text               c_p.l(fseek.o)
    0x00001d7c   0x00001d7c   0x0000000c   Code   RO          420    .text               c_p.l(defsig_exit.o)
    0x00001d88   0x00001d88   0x00000034   Code   RO          424    .text               c_p.l(defsig_rtred_inner.o)
    0x00001dbc   0x00001dbc   0x00000044   Code   RO          426    .text               c_p.l(strlen.o)
    0x00001e00   0x00001e00   0x0000000c   Code   RO          440    .text               c_p.l(sys_exit.o)
    0x00001e0c   0x00001e0c   0x00000000   Code   RO          455    .text               c_p.l(maybetermalloc1.o)
    0x00001e0c   0x00001e0c   0x00000034   Code   RO          457    .text               c_p.l(h1_extend.o)
    0x00001e40   0x00001e40   0x00000042   Code   RO          461    .text               c_p.l(ftell.o)
    0x00001e82   0x00001e82   0x00000034   Code   RO          465    .text               c_p.l(defsig_general.o)
    0x00001eb6   0x00001eb6   0x0000000c   Code   RO          467    .text               c_p.l(defsig_rtmem_outer.o)
    0x00001ec2   0x00001ec2   0x0000000c   Code   RO          478    .text               c_p.l(sys_wrch.o)
    0x00001ece   0x00001ece   0x00000002   PAD
    0x00001ed0   0x00001ed0   0x00000008   Code   RO          485    .text               c_p.l(rt_errno_addr_intlibspace.o)
    0x00001ed8   0x00001ed8   0x00000050   Code   RO          489    .text               c_p.l(defsig_rtmem_inner.o)
    0x00001f28   0x00001f28   0x000001f6   Code   RO          110    .text_divfast       c_p.l(aeabi_sdivfast.o)
    0x0000211e   0x0000211e   0x0000000e   Code   RO           95    i._is_digit         c_p.l(__printf_wp.o)
    0x0000212c   0x0000212c   0x0000001e   Code   RO          153    i.fputc             c_p.l(fputc.o)
    0x0000214a   0x0000214a   0x00000002   PAD
    0x0000214c   0x0000214c   0x0000008c   Code   RO          127    x$fpl$fadd          fz_ps.l(faddsub.o)
    0x000021d8   0x000021d8   0x000000b0   Code   RO          140    x$fpl$fmul          fz_ps.l(fmul.o)
    0x00002288   0x00002288   0x000000d0   Code   RO          129    x$fpl$fsub          fz_ps.l(faddsub.o)
    0x00002358   0x00002358   0x00000000   Code   RO          166    x$fpl$usenofp       fz_ps.l(usenofp.o)
    0x00002358   0x00002358   0x00000011   Data   RO           98    .constdata          c_p.l(__printf_flags_wp.o)
    0x00002369   0x00002369   0x00000040   Data   RO          134    .constdata          fz_ps.l(fdiv.o)
    0x000023a9   0x000023a9   0x00000004   Data   RO          200    .constdata          c_p.l(sys_io_names.o)
    0x000023ad   0x000023ad   0x00000004   Data   RO          201    .constdata          c_p.l(sys_io_names.o)
    0x000023b1   0x000023b1   0x00000004   Data   RO          202    .constdata          c_p.l(sys_io_names.o)
    0x000023b5   0x000023b5   0x00000003   PAD
    0x000023b8   0x000023b8   0x00000020   Data   RO          513    Region$$Table       anon$$obj.o


    Execution Region RW_IRAM1 (Exec base: 0x20000000, Load base: 0x000023d8, Size: 0x00000988, Max: 0x00004000, ABSOLUTE)

    Exec Addr    Load Addr    Size         Type   Attr      Idx    E Section Name        Object

    0x20000000   0x000023d8   0x00000004   Data   RW          159    .data               c_p.l(stdio_streams.o)
    0x20000004   0x000023dc   0x00000004   Data   RW          160    .data               c_p.l(stdio_streams.o)
    0x20000008   0x000023e0   0x00000004   Data   RW          161    .data               c_p.l(stdio_streams.o)
    0x2000000c   0x000023e4   0x00000004   Data   RW           46    .data.color         main.o
    0x20000010        -       0x00000054   Zero   RW          156    .bss                c_p.l(stdio_streams.o)
    0x20000064        -       0x00000054   Zero   RW          157    .bss                c_p.l(stdio_streams.o)
    0x200000b8        -       0x00000054   Zero   RW          158    .bss                c_p.l(stdio_streams.o)
    0x2000010c        -       0x00000060   Zero   RW          377    .bss                c_p.l(libspace.o)
    0x2000016c        -       0x00000004   Zero   RW           37    .bss.SystemCoreClock  system_w7500x.o
    0x20000170        -       0x00000004   Zero   RW           36    .bss.SystemFrequency  system_w7500x.o
    0x20000174        -       0x00000001   Zero   RW           47    .bss.on             main.o
    0x20000175   0x000023e8   0x00000003   PAD
    0x20000178        -       0x00000004   Zero   RW           49    .bss.sensorValue    main.o
    0x2000017c        -       0x00000004   Zero   RW           50    .bss.sensorValue1   main.o
    0x20000180        -       0x00000004   Zero   RW           48    .bss.sensorValue2   main.o
    0x20000184   0x000023e8   0x00000004   PAD
    0x20000188        -       0x00000400   Zero   RW            2    HEAP                startup_w7500x.o
    0x20000588        -       0x00000400   Zero   RW            1    STACK               startup_w7500x.o


==============================================================================

Image component sizes


      Code (inc. data)   RO Data    RW Data    ZI Data      Debug   Object Name

       532        164          0          4         13       3811   main.o
        40          4          0          0          0       1390   retarget.o
        56         26        168          0       2048        860   startup_w7500x.o
       172         36          0          0          8       2884   system_w7500x.o
       124         24          0          0          0       2199   w7500x_adc.o
       852         40          0          0          0       8154   w7500x_gpio.o
        56          0          0          0          0       1980   w7500x_it.o
       656         64          0          0          0       8277   w7500x_uart.o

    ----------------------------------------------------------------------
      2488        358        200          4       2076      29555   Object Totals
         0          0         32          0          0          0   (incl. Generated)
         0          0          0          0          7          0   (incl. Padding)

    ----------------------------------------------------------------------

      Code (inc. data)   RO Data    RW Data    ZI Data      Debug   Library Member Name

         8          0          0          0          0         68   __main.o
       312          6         17          0          0         76   __printf_flags_wp.o
        14          0          0          0          0         60   __printf_wp.o
         0          0          0          0          0          0   __rtentry.o
        12          0          0          0          0          0   __rtentry2.o
         6          0          0          0          0          0   __rtentry4.o
        60          8          0          0          0          0   __scatter.o
        26          0          0          0          0          0   __scatter_copy.o
        28          0          0          0          0          0   __scatter_zi.o
        48          6          0          0          0         88   _printf_char_common.o
        40          6          0          0          0         72   _printf_char_file.o
        10          0          0          0          0          0   _printf_d.o
       108         18          0          0          0         76   _printf_dec.o
       176          0          0          0          0         84   _printf_intcommon.o
        78          0          0          0          0        100   _printf_pad.o
         2          0          0          0          0          0   _printf_percent.o
         4          0          0          0          0          0   _printf_percent_end.o
       502          0          0          0          0         92   aeabi_sdivfast.o
        12          0          0          0          0         68   defsig_exit.o
        52          0          0          0          0         72   defsig_general.o
        80         58          0          0          0         68   defsig_rtmem_inner.o
        12          0          0          0          0         68   defsig_rtmem_outer.o
        52         38          0          0          0         68   defsig_rtred_inner.o
        12          0          0          0          0         68   defsig_rtred_outer.o
        16          0          0          0          0         68   exit.o
        76          4          0          0          0         76   fclose.o
         8          0          0          0          0         60   ferror.o
       496         10          0          0          0         76   flsbuf.o
       240         10          0          0          0        108   fopen.o
        30          0          0          0          0         68   fputc.o
       244          4          0          0          0         76   fseek.o
        66          0          0          0          0         68   ftell.o
        98          0          0          0          0         72   h1_alloc.o
        52          0          0          0          0         68   h1_extend.o
        76          0          0          0          0         72   h1_free.o
        14          0          0          0          0         76   h1_init.o
         6          0          0          0          0        136   heapauxi.o
         4          0          0          0          0        120   hguard.o
         0          0          0          0          0          0   indicate_semi.o
       136          0          0          0          0        160   init_alloc.o
       316         44          0          0          0         96   initio.o
         2          0          0          0          0          0   libinit.o
        14          0          0          0          0          0   libinit2.o
         2          0          0          0          0          0   libshutdown.o
         6          0          0          0          0          0   libshutdown2.o
         8          4          0          0         96         68   libspace.o
         0          0          0          0          0          0   maybetermalloc1.o
        28          6          0          0          0         84   noretval__2printf.o
        44          6          0          0          0         68   puts.o
         8          4          0          0          0         68   rt_errno_addr_intlibspace.o
         8          4          0          0          0         68   rt_heap_descriptor_intlibspace.o
        64          0          0          0          0        108   rt_memclr.o
         2          0          0          0          0          0   rtexit.o
        10          0          0          0          0          0   rtexit2.o
        40          0          0          0          0         60   rtudiv10.o
        76          4          0          0          0         72   setvbuf.o
       240          8          0          0          0        144   stdio.o
         0          0          0         12        252          0   stdio_streams.o
        68          6          0          0          0         72   strlen.o
        12          4          0          0          0         60   sys_exit.o
       102          0          0          0          0        232   sys_io.o
         0          0         12          0          0          0   sys_io_names.o
        62          0          0          0          0         80   sys_stackheap_outer.o
        12          0          0          0          0         68   sys_wrch.o
         2          0          0          0          0         68   use_no_semi.o
       856         20          0          0          0        208   daddsub.o
        72          4          0          0          0         68   dfixui.o
        84          4          0          0          0         60   f2d.o
       348          8          0          0          0        160   faddsub.o
       352         10         64          0          0         92   fdiv.o
        48          0          0          0          0         60   ffixui.o
        94          0          0          0          0         92   fflti.o
       176          4          0          0          0         80   fmul.o
         0          0          0          0          0          0   usenofp.o

    ----------------------------------------------------------------------
      6392        308         96         12        348       4668   Library Totals
        20          0          3          0          0          0   (incl. Padding)

    ----------------------------------------------------------------------

      Code (inc. data)   RO Data    RW Data    ZI Data      Debug   Library Name

      4342        258         29         12        348       3848   c_p.l
      2030         50         64          0          0        820   fz_ps.l

    ----------------------------------------------------------------------
      6392        308         96         12        348       4668   Library Totals

    ----------------------------------------------------------------------

==============================================================================


      Code (inc. data)   RO Data    RW Data    ZI Data      Debug   

      8880        666        296         16       2424      31831   Grand Totals
      8880        666        296         16       2424      31831   ELF Image Totals
      8880        666        296         16          0          0   ROM Totals

==============================================================================

    Total RO  Size (Code + RO Data)                 9176 (   8.96kB)
    Total RW  Size (RW Data + ZI Data)              2440 (   2.38kB)
    Total ROM Size (Code + RO Data + RW Data)       9192 (   8.98kB)

==============================================================================

